Archive member included because of file (symbol)

/home/ajzxier/msp430/lib/gcc/msp430/4.7.0/mmpy-16/libgcc.a(_mulsi3.o)
                              build/sky/obj/cfs-coffee.o (__mulsi3)
/home/ajzxier/msp430/lib/gcc/msp430/4.7.0/mmpy-16/libgcc.a(_udivmod16.o)
                              build/sky/obj/cfs-coffee.o (__udivhi3)
/home/ajzxier/msp430/lib/gcc/msp430/4.7.0/mmpy-16/libgcc.a(_divmod16.o)
                              build/sky/obj/link-stats.o (__divhi3)
/home/ajzxier/msp430/lib/gcc/msp430/4.7.0/mmpy-16/libgcc.a(_udivmod32.o)
                              build/sky/obj/ifft.o (__udivsi3)
/home/ajzxier/msp430/lib/gcc/msp430/4.7.0/mmpy-16/libgcc.a(_divmod32.o)
                              build/sky/obj/cfs-coffee.o (__divsi3)
/home/ajzxier/msp430/lib/gcc/msp430/4.7.0/../../../../msp430/lib/mmpy-16/libc.a(printf.o)
                              build/sky/obj/assert.o (printf)
/home/ajzxier/msp430/lib/gcc/msp430/4.7.0/../../../../msp430/lib/mmpy-16/libc.a(sprintf.o)
                              build/sky/obj/log.o (snprintf)
/home/ajzxier/msp430/lib/gcc/msp430/4.7.0/../../../../msp430/lib/mmpy-16/libc.a(vuprintf.o)
                              /home/ajzxier/msp430/lib/gcc/msp430/4.7.0/../../../../msp430/lib/mmpy-16/libc.a(printf.o) (vuprintf)
/home/ajzxier/msp430/lib/gcc/msp430/4.7.0/../../../../msp430/lib/mmpy-16/libc.a(puts.o)
                              build/sky/obj/assert.o (puts)
/home/ajzxier/msp430/lib/gcc/msp430/4.7.0/../../../../msp430/lib/mmpy-16/libc.a(rand.o)
                              build/sky/obj/random.o (rand)
/home/ajzxier/msp430/lib/gcc/msp430/4.7.0/../../../../msp430/lib/mmpy-16/libc.a(strcmp.o)
                              build/sky/obj/cfs-coffee.o (strcmp)
/home/ajzxier/msp430/lib/gcc/msp430/4.7.0/../../../../msp430/lib/mmpy-16/libc.a(strncmp.o)
                              build/sky/obj/sensors.o (strncmp)
/home/ajzxier/msp430/lib/gcc/msp430/4.7.0/../../../../msp430/lib/mmpy-16/libc.a(memcmp.o)
                              build/sky/obj/ip64-addr.o (memcmp)
/home/ajzxier/msp430/lib/gcc/msp430/4.7.0/../../../../msp430/lib/mmpy-16/libc.a(strncpy.o)
                              build/sky/obj/cfs-coffee.o (strncpy)
/home/ajzxier/msp430/lib/gcc/msp430/4.7.0/../../../../msp430/lib/mmpy-16/libc.a(memcpy.o)
                              build/sky/obj/aes-128.o (memcpy)
/home/ajzxier/msp430/lib/gcc/msp430/4.7.0/../../../../msp430/lib/mmpy-16/libc.a(memmove.o)
                              build/sky/obj/rpl-ext-header.o (memmove)
/home/ajzxier/msp430/lib/gcc/msp430/4.7.0/../../../../msp430/lib/mmpy-16/libc.a(memset.o)
                              build/sky/obj/cfs-coffee.o (memset)
/home/ajzxier/msp430/lib/gcc/msp430/4.7.0/mmpy-16/libgcc.a(_udivmod64.o)
                              /home/ajzxier/msp430/lib/gcc/msp430/4.7.0/../../../../msp430/lib/mmpy-16/libc.a(vuprintf.o) (__udivdi3)
/home/ajzxier/msp430/lib/gcc/msp430/4.7.0/mmpy-16/libcrt0.a(_reset_vector__.o)
                              (_reset_vector__)
/home/ajzxier/msp430/lib/gcc/msp430/4.7.0/mmpy-16/libcrt0.a(__watchdog_support.o)
                              /home/ajzxier/msp430/lib/gcc/msp430/4.7.0/mmpy-16/libcrt0.a(_reset_vector__.o) (__watchdog_support)
/home/ajzxier/msp430/lib/gcc/msp430/4.7.0/mmpy-16/libcrt0.a(__init_stack.o)
                              /home/ajzxier/msp430/lib/gcc/msp430/4.7.0/mmpy-16/libcrt0.a(_reset_vector__.o) (__init_stack)
/home/ajzxier/msp430/lib/gcc/msp430/4.7.0/mmpy-16/libcrt0.a(__low_level_init.o)
                              /home/ajzxier/msp430/lib/gcc/msp430/4.7.0/mmpy-16/libcrt0.a(_reset_vector__.o) (__low_level_init)
/home/ajzxier/msp430/lib/gcc/msp430/4.7.0/mmpy-16/libcrt0.a(_copy_data.o)
                              /home/ajzxier/msp430/lib/gcc/msp430/4.7.0/mmpy-16/libcrt0.a(_reset_vector__.o) (__do_copy_data)
/home/ajzxier/msp430/lib/gcc/msp430/4.7.0/mmpy-16/libcrt0.a(_clear_bss.o)
                              /home/ajzxier/msp430/lib/gcc/msp430/4.7.0/mmpy-16/libcrt0.a(_reset_vector__.o) (__do_clear_bss)
/home/ajzxier/msp430/lib/gcc/msp430/4.7.0/mmpy-16/libcrt0.a(__stop_progExec__.o)
                              /home/ajzxier/msp430/lib/gcc/msp430/4.7.0/mmpy-16/libcrt0.a(_reset_vector__.o) (__stop_progExec__)
/home/ajzxier/msp430/lib/gcc/msp430/4.7.0/mmpy-16/libcrt0.a(_endless_loop__.o)
                              /home/ajzxier/msp430/lib/gcc/msp430/4.7.0/mmpy-16/libcrt0.a(_reset_vector__.o) (_endless_loop__)
/home/ajzxier/msp430/lib/gcc/msp430/4.7.0/mmpy-16/libcrt0.a(_unexpected_.o)
                              /home/ajzxier/msp430/lib/gcc/msp430/4.7.0/mmpy-16/crt0ivtbl16.o (_unexpected_)

Allocating common symbols
Common symbol       size              file

compower_idle_activity
                    0x10              build/sky/obj/compower.o
uip_ds6_timer_ra    0x8               build/sky/obj/uip-ds6.o
cc2420_last_rssi    0x1               build/sky/obj/cc2420.o
uip_ds6_if          0x108             build/sky/obj/uip-ds6.o
uip_ds6_netif_addr_list_offset
[...]
Memory Configuration

Name             Origin             Length             Attributes
sfr              0x0000000000000000 0x0000000000000010
peripheral_8bit  0x0000000000000010 0x00000000000000f0
peripheral_16bit 0x0000000000000100 0x0000000000000100
ram_mirror       0x0000000000000200 0x0000000000000800 xw
infomem          0x0000000000001000 0x0000000000000100
infob            0x0000000000001000 0x0000000000000080
infoa            0x0000000000001080 0x0000000000000080
ram              0x0000000000001100 0x0000000000002800 xw
rom              0x0000000000004000 0x000000000000bfe0 xr
vectors          0x000000000000ffe0 0x0000000000000020
bsl              0x0000000000000000 0x0000000000000000
infoc            0x0000000000000000 0x0000000000000000
infod            0x0000000000000000 0x0000000000000000
ram2             0x0000000000000000 0x0000000000000000 xw
signature        0x0000000000000000 0x0000000000000000
usbram           0x0000000000000000 0x0000000000000000 xw
far_rom          0x0000000000000000 0x0000000000000000
*default*        0x0000000000000000 0xffffffffffffffff

Linker script and memory map

LOAD /home/ajzxier/msp430/lib/gcc/msp430/4.7.0/mmpy-16/crt0ivtbl16.o
                0x0000000000002c9c                _stack = _end
LOAD build/sky/obj/aes-128.o
LOAD build/sky/obj/anti-replay.o
LOAD build/sky/obj/assert.o
LOAD build/sky/obj/atomic.o
LOAD build/sky/obj/autostart.o
LOAD build/sky/obj/battery-sensor.o
LOAD build/sky/obj/button-hal.o
LOAD build/sky/obj/button-sensor.o
LOAD build/sky/obj/cc2420-arch-sfd.o
LOAD build/sky/obj/cc2420-arch.o
LOAD build/sky/obj/cc2420-tsch-15ms.o
LOAD build/sky/obj/cc2420.o
LOAD build/sky/obj/ccm-star-packetbuf.o
LOAD build/sky/obj/ccm-star.o
LOAD build/sky/obj/cfs-coffee.o
LOAD build/sky/obj/circular-list.o
LOAD build/sky/obj/clock.o
LOAD build/sky/obj/compower.o
LOAD build/sky/obj/contiki-main.o
LOAD build/sky/obj/crc16.o
LOAD build/sky/obj/csma-output.o
LOAD build/sky/obj/csma-security.o
LOAD build/sky/obj/csma.o
LOAD build/sky/obj/csprng.o
LOAD build/sky/obj/ctimer.o
LOAD build/sky/obj/dbl-circ-list.o
LOAD build/sky/obj/dbl-list.o
LOAD build/sky/obj/ds2411.o
LOAD build/sky/obj/energest.o
LOAD build/sky/obj/etimer.o
LOAD build/sky/obj/flash.o
LOAD build/sky/obj/frame802154.o
LOAD build/sky/obj/frame802154e-ie.o
LOAD build/sky/obj/framer-802154.o
LOAD build/sky/obj/gpio-hal.o
LOAD build/sky/obj/heapmem.o
LOAD build/sky/obj/hexconv.o
LOAD build/sky/obj/ifft.o
LOAD build/sky/obj/int-master.o
LOAD build/sky/obj/ip64-addr.o
LOAD build/sky/obj/iq-seeder.o
LOAD build/sky/obj/item05.o
LOAD build/sky/obj/leds-arch.o
LOAD build/sky/obj/leds.o
LOAD build/sky/obj/light-sensor.o
LOAD build/sky/obj/link-stats.o
LOAD build/sky/obj/linkaddr.o
LOAD build/sky/obj/list.o
LOAD build/sky/obj/log.o
LOAD build/sky/obj/lpm.o
LOAD build/sky/obj/mac-sequence.o
LOAD build/sky/obj/memb.o
LOAD build/sky/obj/msp430.o
LOAD build/sky/obj/mutex.o
LOAD build/sky/obj/nbr-table.o
LOAD build/sky/obj/net-debug.o
LOAD build/sky/obj/netstack.o
LOAD build/sky/obj/node-id.o
LOAD build/sky/obj/nullframer.o
LOAD build/sky/obj/nullradio.o
LOAD build/sky/obj/packetbuf.o
LOAD build/sky/obj/platform.o
LOAD build/sky/obj/process.o
LOAD build/sky/obj/psock.o
LOAD build/sky/obj/queuebuf.o
LOAD build/sky/obj/random.o
LOAD build/sky/obj/ringbuf.o
LOAD build/sky/obj/ringbufindex.o
LOAD build/sky/obj/rpl-dag-root.o
LOAD build/sky/obj/rpl-dag.o
LOAD build/sky/obj/rpl-ext-header.o
LOAD build/sky/obj/rpl-icmp6.o
LOAD build/sky/obj/rpl-mrhof.o
LOAD build/sky/obj/rpl-nbr-policy.o
LOAD build/sky/obj/rpl-neighbor.o
LOAD build/sky/obj/rpl-of0.o
LOAD build/sky/obj/rpl-timers.o
LOAD build/sky/obj/rpl.o
LOAD build/sky/obj/rtimer-arch.o
LOAD build/sky/obj/rtimer.o
LOAD build/sky/obj/sensors.o
LOAD build/sky/obj/serial-line.o
LOAD build/sky/obj/sha-256.o
LOAD build/sky/obj/sht11-sensor.o
LOAD build/sky/obj/sht11.o
LOAD build/sky/obj/sicslowpan.o
LOAD build/sky/obj/simple-udp.o
LOAD build/sky/obj/sky-sensors.o
LOAD build/sky/obj/slip.o
LOAD build/sky/obj/slip_uart1.o
LOAD build/sky/obj/spi-legacy.o
LOAD build/sky/obj/spi.o
LOAD build/sky/obj/stack-check.o
LOAD build/sky/obj/stimer.o
LOAD build/sky/obj/tcp-socket.o
LOAD build/sky/obj/tcpip.o
LOAD build/sky/obj/timer.o
LOAD build/sky/obj/trickle-timer.o
LOAD build/sky/obj/uart-putchar.o
LOAD build/sky/obj/uart1.o
LOAD build/sky/obj/udp-socket.o
LOAD build/sky/obj/uip-ds6-nbr.o
LOAD build/sky/obj/uip-ds6-route.o
LOAD build/sky/obj/uip-ds6.o
LOAD build/sky/obj/uip-icmp6.o
LOAD build/sky/obj/uip-ipchksum.o
LOAD build/sky/obj/uip-nameserver.o
LOAD build/sky/obj/uip-nd6.o
LOAD build/sky/obj/uip-packetqueue.o
LOAD build/sky/obj/uip-sr.o
LOAD build/sky/obj/uip-udp-packet.o
LOAD build/sky/obj/uip6.o
LOAD build/sky/obj/uipbuf.o
LOAD build/sky/obj/uiplib.o
LOAD build/sky/obj/watchdog.o
LOAD build/sky/obj/xmem.o
LOAD /home/ajzxier/msp430/lib/gcc/msp430/4.7.0/mmpy-16/libgcc.a
LOAD /home/ajzxier/msp430/lib/gcc/msp430/4.7.0/../../../../msp430/lib/mmpy-16/libc.a
LOAD /home/ajzxier/msp430/lib/gcc/msp430/4.7.0/mmpy-16/libgcc.a
LOAD /home/ajzxier/msp430/lib/gcc/msp430/4.7.0/mmpy-16/libcrt0.a
                0x0000000000000080                PROVIDE (__info_segment_size, 0x80)
                0x0000000000001000                PROVIDE (__infob, 0x1000)
                0x0000000000001080                PROVIDE (__infoa, 0x1080)
                0x0000000000000000                __IE1 = 0x0
                0x0000000000000002                __IFG1 = 0x2
                0x0000000000000004                __ME1 = 0x4
                0x0000000000000001                __IE2 = 0x1
                0x0000000000000003                __IFG2 = 0x3
                0x0000000000000005                __ME2 = 0x5
                0x0000000000000120                __WDTCTL = 0x120
                0x0000000000000130                __MPY = 0x130
                0x0000000000000132                __MPYS = 0x132
                0x0000000000000134                __MAC = 0x134
                0x0000000000000136                __MACS = 0x136
                0x0000000000000138                __OP2 = 0x138
                0x000000000000013a                __RESLO = 0x13a
                0x000000000000013c                __RESHI = 0x13c
                0x000000000000013e                __SUMEXT = 0x13e
                0x0000000000000020                __P1IN = 0x20
                0x0000000000000021                __P1OUT = 0x21
                0x0000000000000022                __P1DIR = 0x22
                0x0000000000000023                __P1IFG = 0x23
                0x0000000000000024                __P1IES = 0x24
                0x0000000000000025                __P1IE = 0x25
                0x0000000000000026                __P1SEL = 0x26
                0x0000000000000028                __P2IN = 0x28
                0x0000000000000029                __P2OUT = 0x29
                0x000000000000002a                __P2DIR = 0x2a
                0x000000000000002b                __P2IFG = 0x2b
                0x000000000000002c                __P2IES = 0x2c
                0x000000000000002d                __P2IE = 0x2d
                0x000000000000002e                __P2SEL = 0x2e
                0x0000000000000018                __P3IN = 0x18
                0x0000000000000019                __P3OUT = 0x19
                0x000000000000001a                __P3DIR = 0x1a
                0x000000000000001b                __P3SEL = 0x1b
                0x000000000000001c                __P4IN = 0x1c
                0x000000000000001d                __P4OUT = 0x1d
                0x000000000000001e                __P4DIR = 0x1e
                0x000000000000001f                __P4SEL = 0x1f
                0x0000000000000030                __P5IN = 0x30
                0x0000000000000031                __P5OUT = 0x31
                0x0000000000000032                __P5DIR = 0x32
                0x0000000000000033                __P5SEL = 0x33
                0x0000000000000034                __P6IN = 0x34
                0x0000000000000035                __P6OUT = 0x35
                0x0000000000000036                __P6DIR = 0x36
                0x0000000000000037                __P6SEL = 0x37
                0x0000000000000070                __U0CTL = 0x70
                0x0000000000000071                __U0TCTL = 0x71
                0x0000000000000072                __U0RCTL = 0x72
                0x0000000000000073                __U0MCTL = 0x73
                0x0000000000000074                __U0BR0 = 0x74
                0x0000000000000075                __U0BR1 = 0x75
                0x0000000000000076                __U0RXBUF = 0x76
                0x0000000000000077                __U0TXBUF = 0x77
                0x0000000000000078                __U1CTL = 0x78
                0x0000000000000079                __U1TCTL = 0x79
                0x000000000000007a                __U1RCTL = 0x7a
                0x000000000000007b                __U1MCTL = 0x7b
                0x000000000000007c                __U1BR0 = 0x7c
                0x000000000000007d                __U1BR1 = 0x7d
                0x000000000000007e                __U1RXBUF = 0x7e
                0x000000000000007f                __U1TXBUF = 0x7f
                0x0000000000000050                __I2CIE = 0x50
                0x0000000000000051                __I2CIFG = 0x51
                0x0000000000000052                __I2CNDAT = 0x52
                0x0000000000000071                __I2CTCTL = 0x71
                0x0000000000000072                __I2CDCTL = 0x72
                0x0000000000000073                __I2CPSC = 0x73
                0x0000000000000074                __I2CSCLH = 0x74
                0x0000000000000075                __I2CSCLL = 0x75
                0x0000000000000076                __I2CDRB = 0x76
                0x0000000000000076                __I2CDRW = 0x76
                0x0000000000000118                __I2COA = 0x118
                0x000000000000011a                __I2CSA = 0x11a
                0x000000000000011c                __I2CIV = 0x11c
                0x000000000000012e                __TAIV = 0x12e
                0x0000000000000160                __TACTL = 0x160
                0x0000000000000162                __TACCTL0 = 0x162
                0x0000000000000164                __TACCTL1 = 0x164
                0x0000000000000166                __TACCTL2 = 0x166
                0x0000000000000170                __TAR = 0x170
                0x0000000000000172                __TACCR0 = 0x172
                0x0000000000000174                __TACCR1 = 0x174
                0x0000000000000176                __TACCR2 = 0x176
                0x000000000000011e                __TBIV = 0x11e
                0x0000000000000180                __TBCTL = 0x180
                0x0000000000000182                __TBCCTL0 = 0x182
                0x0000000000000184                __TBCCTL1 = 0x184
                0x0000000000000186                __TBCCTL2 = 0x186
                0x0000000000000188                __TBCCTL3 = 0x188
                0x000000000000018a                __TBCCTL4 = 0x18a
                0x000000000000018c                __TBCCTL5 = 0x18c
                0x000000000000018e                __TBCCTL6 = 0x18e
                0x0000000000000190                __TBR = 0x190
                0x0000000000000192                __TBCCR0 = 0x192
                0x0000000000000194                __TBCCR1 = 0x194
                0x0000000000000196                __TBCCR2 = 0x196
                0x0000000000000198                __TBCCR3 = 0x198
                0x000000000000019a                __TBCCR4 = 0x19a
                0x000000000000019c                __TBCCR5 = 0x19c
                0x000000000000019e                __TBCCR6 = 0x19e
                0x0000000000000056                __DCOCTL = 0x56
                0x0000000000000057                __BCSCTL1 = 0x57
                0x0000000000000058                __BCSCTL2 = 0x58
                0x0000000000000055                __SVSCTL = 0x55
                0x0000000000000128                __FCTL1 = 0x128
                0x000000000000012a                __FCTL2 = 0x12a
                0x000000000000012c                __FCTL3 = 0x12c
                0x0000000000000059                __CACTL1 = 0x59
                0x000000000000005a                __CACTL2 = 0x5a
                0x000000000000005b                __CAPD = 0x5b
                0x00000000000001a0                __ADC12CTL0 = 0x1a0
                0x00000000000001a2                __ADC12CTL1 = 0x1a2
                0x00000000000001a4                __ADC12IFG = 0x1a4
                0x00000000000001a6                __ADC12IE = 0x1a6
                0x00000000000001a8                __ADC12IV = 0x1a8
                0x0000000000000140                __ADC12MEM0 = 0x140
                0x0000000000000142                __ADC12MEM1 = 0x142
                0x0000000000000144                __ADC12MEM2 = 0x144
                0x0000000000000146                __ADC12MEM3 = 0x146
                0x0000000000000148                __ADC12MEM4 = 0x148
                0x000000000000014a                __ADC12MEM5 = 0x14a
                0x000000000000014c                __ADC12MEM6 = 0x14c
                0x000000000000014e                __ADC12MEM7 = 0x14e
                0x0000000000000150                __ADC12MEM8 = 0x150
                0x0000000000000152                __ADC12MEM9 = 0x152
                0x0000000000000154                __ADC12MEM10 = 0x154
                0x0000000000000156                __ADC12MEM11 = 0x156
                0x0000000000000158                __ADC12MEM12 = 0x158
                0x000000000000015a                __ADC12MEM13 = 0x15a
                0x000000000000015c                __ADC12MEM14 = 0x15c
                0x000000000000015e                __ADC12MEM15 = 0x15e
                0x0000000000000080                __ADC12MCTL0 = 0x80
                0x0000000000000081                __ADC12MCTL1 = 0x81
                0x0000000000000082                __ADC12MCTL2 = 0x82
                0x0000000000000083                __ADC12MCTL3 = 0x83
                0x0000000000000084                __ADC12MCTL4 = 0x84
                0x0000000000000085                __ADC12MCTL5 = 0x85
                0x0000000000000086                __ADC12MCTL6 = 0x86
                0x0000000000000087                __ADC12MCTL7 = 0x87
                0x0000000000000088                __ADC12MCTL8 = 0x88
                0x0000000000000089                __ADC12MCTL9 = 0x89
                0x000000000000008a                __ADC12MCTL10 = 0x8a
                0x000000000000008b                __ADC12MCTL11 = 0x8b
                0x000000000000008c                __ADC12MCTL12 = 0x8c
                0x000000000000008d                __ADC12MCTL13 = 0x8d
                0x000000000000008e                __ADC12MCTL14 = 0x8e
                0x000000000000008f                __ADC12MCTL15 = 0x8f
                0x00000000000001c0                __DAC12_0CTL = 0x1c0
                0x00000000000001c2                __DAC12_1CTL = 0x1c2
                0x00000000000001c8                __DAC12_0DAT = 0x1c8
                0x00000000000001ca                __DAC12_1DAT = 0x1ca
                0x0000000000000122                __DMACTL0 = 0x122
                0x0000000000000124                __DMACTL1 = 0x124
                0x00000000000001e0                __DMA0CTL = 0x1e0
                0x00000000000001e8                __DMA1CTL = 0x1e8
                0x00000000000001f0                __DMA2CTL = 0x1f0
                0x00000000000001e2                __DMA0SA = 0x1e2
                0x00000000000001e4                __DMA0DA = 0x1e4
                0x00000000000001e6                __DMA0SZ = 0x1e6
                0x00000000000001ea                __DMA1SA = 0x1ea
                0x00000000000001ec                __DMA1DA = 0x1ec
                0x00000000000001ee                __DMA1SZ = 0x1ee
                0x00000000000001f2                __DMA2SA = 0x1f2
                0x00000000000001f4                __DMA2DA = 0x1f4
                0x00000000000001f6                __DMA2SZ = 0x1f6

.hash
 *(SORT(.hash))

.dynsym
 *(SORT(.dynsym))

.dynstr
 *(SORT(.dynstr))

.gnu.version
 *(SORT(.gnu.version))

.gnu.version_d
 *(SORT(.gnu.version_d))

.gnu.version_r
 *(SORT(.gnu.version_r))

.rel.init
 *(SORT(.rel.init))

.rela.init
 *(SORT(.rela.init))

.rel.fini
 *(SORT(.rel.fini))

.rela.fini
 *(SORT(.rela.fini))

.rel.text
 *(SORT(.rel.text) SORT(.rel.text.*) SORT(.rel.gnu.linkonce.t.*))

.rela.text
 *(SORT(.rela.text) SORT(.rela.text.*) SORT(.rela.gnu.linkonce.t.*))

.rel.rodata
 *(SORT(.rel.rodata) SORT(.rel.rodata.*) SORT(.rel.gnu.linkonce.r.*))

.rela.rodata
 *(SORT(.rela.rodata) SORT(.rela.rodata.*) SORT(.rela.gnu.linkonce.r.*))

.rel.data
 *(SORT(.rel.data) SORT(.rel.data.*) SORT(.rel.gnu.linkonce.d.*))

.rela.data
 *(SORT(.rela.data) SORT(.rela.data.*) SORT(.rela.gnu.linkonce.d.*))

.rel.bss
 *(SORT(.rel.bss) SORT(.rel.bss.*) SORT(.rel.gnu.linkonce.b.*))

.rela.bss
 *(SORT(.rela.bss) SORT(.rela.bss.*) SORT(.rela.gnu.linkonce.b.*))

.rel.ctors
 *(SORT(.rel.ctors))

.rela.ctors
 *(SORT(.rela.ctors))

.rel.dtors
 *(SORT(.rel.dtors))

.rela.dtors
 *(SORT(.rela.dtors))

.rel.got
 *(SORT(.rel.got))

.rela.got
 *(SORT(.rela.got))

.rel.plt
 *(SORT(.rel.plt))

.rela.plt
 *(SORT(.rela.plt))

.text           0x0000000000004000     0xa2b0
                0x0000000000004000                . = ALIGN (0x2)
 *(SORT(.init) SORT(.init.*))
 *(SORT(.init0))
 .init0         0x0000000000004000        0x0 /home/ajzxier/msp430/lib/gcc/msp430/4.7.0/mmpy-16/libcrt0.a(_reset_vector__.o)
                0x0000000000004000                _reset_vector__
 *(SORT(.init1))
 .init1         0x0000000000004000        0xc /home/ajzxier/msp430/lib/gcc/msp430/4.7.0/mmpy-16/libcrt0.a(__watchdog_support.o)
                0x0000000000004000                __watchdog_support
 *(SORT(.init2))
 .init2         0x000000000000400c        0x4 /home/ajzxier/msp430/lib/gcc/msp430/4.7.0/mmpy-16/libcrt0.a(__init_stack.o)
                0x000000000000400c                __init_stack
 *(SORT(.init3))
 .init3         0x0000000000004010        0x0 /home/ajzxier/msp430/lib/gcc/msp430/4.7.0/mmpy-16/libcrt0.a(__low_level_init.o)
                0x0000000000004010                __low_level_init
 *(SORT(.init4))
 .init4         0x0000000000004010       0x18 /home/ajzxier/msp430/lib/gcc/msp430/4.7.0/mmpy-16/libcrt0.a(_copy_data.o)
                0x0000000000004010                __do_copy_data
 .init4         0x0000000000004028       0x16 /home/ajzxier/msp430/lib/gcc/msp430/4.7.0/mmpy-16/libcrt0.a(_clear_bss.o)
                0x0000000000004028                __do_clear_bss
 *(SORT(.init5))
 *(SORT(.init6))
 *(SORT(.init7))
 *(SORT(.init8))
 *(SORT(.init9))
 .init9         0x000000000000403e      0x238 build/sky/obj/contiki-main.o
                0x000000000000403e                main
 *(SORT(.fini9))
 .fini9         0x0000000000004276        0x0 /home/ajzxier/msp430/lib/gcc/msp430/4.7.0/mmpy-16/libcrt0.a(__stop_progExec__.o)
                0x0000000000004276                __stop_progExec__
 *(SORT(.fini8))
 *(SORT(.fini7))
 *(SORT(.fini6))
 *(SORT(.fini5))
 *(SORT(.fini4))
 *(SORT(.fini3))
 *(SORT(.fini2))
 *(SORT(.fini1))
 *(SORT(.fini0))
 .fini0         0x0000000000004276        0x6 /home/ajzxier/msp430/lib/gcc/msp430/4.7.0/mmpy-16/libcrt0.a(_endless_loop__.o)
                0x0000000000004276                _endless_loop__
 *(SORT(.fini) SORT(.fini.*))
                0x000000000000427c                . = ALIGN (0x2)
                0x000000000000427c                __ctors_start = .
 *(SORT(.ctors))
                0x000000000000427c                __ctors_end = .
                0x000000000000427c                __dtors_start = .
 *(SORT(.dtors))
                0x000000000000427c                __dtors_end = .
                0x000000000000427c                . = ALIGN (0x2)
 *(SORT(.text) SORT(.text.*) SORT(.gnu.linkonce.t.*))
 .text          0x000000000000427c        0x4 /home/ajzxier/msp430/lib/gcc/msp430/4.7.0/mmpy-16/crt0ivtbl16.o
                0x000000000000427c                __isr_14
                0x000000000000427c                __isr_11
                0x000000000000427c                __isr_2
                0x000000000000427c                __isr_7
                0x000000000000427c                __isr_0
                0x000000000000427c                __isr_8
                0x000000000000427c                __isr_3
                0x000000000000427c                __isr_13
                0x000000000000427c                __isr_9
 .text.autostart_start
                0x0000000000004280       0x16 build/sky/obj/autostart.o
                0x0000000000004280                autostart_start
 .text.status   0x0000000000004296       0x18 build/sky/obj/button-sensor.o
 .text.value    0x00000000000042ae       0x1a build/sky/obj/button-sensor.o
 .text.configure
                0x00000000000042c8       0x4c build/sky/obj/button-sensor.o
 .text.irq_p2   0x0000000000004314       0x46 build/sky/obj/button-sensor.o
                0x0000000000004314                irq_p2
                0x0000000000004314                __isr_1
 .text.cc2420_timerb1_interrupt
                0x000000000000435a       0x26 build/sky/obj/cc2420-arch-sfd.o
                0x000000000000435a                cc2420_timerb1_interrupt
                0x000000000000435a                __isr_12
 .text.cc2420_port1_interrupt
                0x0000000000004380       0x20 build/sky/obj/cc2420-arch.o
                0x0000000000004380                __isr_4
                0x0000000000004380                cc2420_port1_interrupt
 .text.cc2420_arch_init
                0x00000000000043a0       0x1a build/sky/obj/cc2420-arch.o
                0x00000000000043a0                cc2420_arch_init
 .text.get_object
                0x00000000000043ba        0x4 build/sky/obj/cc2420.o
 .text.set_object
                0x00000000000043be        0x4 build/sky/obj/cc2420.o
 .text.strobe   0x00000000000043c2       0x1c build/sky/obj/cc2420.o
 .text.getreg   0x00000000000043de       0x4c build/sky/obj/cc2420.o
 .text.setreg   0x000000000000442a       0x4c build/sky/obj/cc2420.o
 .text.write_ram
                0x0000000000004476       0x7c build/sky/obj/cc2420.o
 .text.write_fifo_buf
                0x00000000000044f2       0x3c build/sky/obj/cc2420.o
 .text.get_status
                0x000000000000452e       0x20 build/sky/obj/cc2420.o
 .text.on       0x000000000000454e       0x1a build/sky/obj/cc2420.o
 .text.cc2420_receiving_packet
                0x0000000000004568        0xc build/sky/obj/cc2420.o
 .text.pending_packet
                0x0000000000004574        0x8 build/sky/obj/cc2420.o
 .text.wait_for_transmission
                0x000000000000457c       0x22 build/sky/obj/cc2420.o
 .text.wait_for_status
                0x000000000000459e       0x28 build/sky/obj/cc2420.o
 .text.getrxdata
                0x00000000000045c6       0x50 build/sky/obj/cc2420.o
 .text.flushrx  0x0000000000004616       0x1a build/sky/obj/cc2420.o
 .text.off      0x0000000000004630       0x28 build/sky/obj/cc2420.o
 .text.RELEASE_LOCK
                0x0000000000004658       0x28 build/sky/obj/cc2420.o
 .text.set_key  0x0000000000004680       0x18 build/sky/obj/cc2420.o
 .text.set_frame_filtering
                0x0000000000004698       0x30 build/sky/obj/cc2420.o
 .text.set_auto_ack
                0x00000000000046c8       0x30 build/sky/obj/cc2420.o
 .text.set_poll_mode
                0x00000000000046f8       0x2c build/sky/obj/cc2420.o
 .text.cc2420_prepare
                0x0000000000004724       0x46 build/sky/obj/cc2420.o
 .text.cc2420_on
                0x000000000000476a       0x22 build/sky/obj/cc2420.o
                0x000000000000476a                cc2420_on
 .text.cc2420_transmit
                0x000000000000478c       0x66 build/sky/obj/cc2420.o
 .text.cc2420_send
                0x00000000000047f2       0x12 build/sky/obj/cc2420.o
 .text.cc2420_off
                0x0000000000004804       0x30 build/sky/obj/cc2420.o
                0x0000000000004804                cc2420_off
 .text.cc2420_cca
                0x0000000000004834       0x68 build/sky/obj/cc2420.o
 .text.cc2420_read
                0x000000000000489c       0xbe build/sky/obj/cc2420.o
 .text.process_thread_cc2420_process
                0x000000000000495a       0x56 build/sky/obj/cc2420.o
 .text.encrypt  0x00000000000049b0       0x88 build/sky/obj/cc2420.o
 .text.cc2420_set_channel
                0x0000000000004a38       0x3c build/sky/obj/cc2420.o
                0x0000000000004a38                cc2420_set_channel
 .text.cc2420_set_pan_addr
                0x0000000000004a74       0x4c build/sky/obj/cc2420.o
                0x0000000000004a74                cc2420_set_pan_addr
 .text.cc2420_interrupt
                0x0000000000004ac0       0x16 build/sky/obj/cc2420.o
                0x0000000000004ac0                cc2420_interrupt
 .text.cc2420_set_txpower
                0x0000000000004ad6       0x2c build/sky/obj/cc2420.o
                0x0000000000004ad6                cc2420_set_txpower
 .text.cc2420_get_txpower
                0x0000000000004b02       0x1e build/sky/obj/cc2420.o
                0x0000000000004b02                cc2420_get_txpower
 .text.cc2420_rssi
                0x0000000000004b20       0x4c build/sky/obj/cc2420.o
                0x0000000000004b20                cc2420_rssi
 .text.get_value
                0x0000000000004b6c      0x11e build/sky/obj/cc2420.o
 .text.cc2420_set_cca_threshold
                0x0000000000004c8a       0x16 build/sky/obj/cc2420.o
                0x0000000000004c8a                cc2420_set_cca_threshold
 .text.set_value
                0x0000000000004ca0      0x150 build/sky/obj/cc2420.o
 .text.cc2420_init
                0x0000000000004df0       0xea build/sky/obj/cc2420.o
                0x0000000000004df0                cc2420_init
 .text.timera1  0x0000000000004eda       0xd8 build/sky/obj/clock.o
                0x0000000000004eda                __isr_5
                0x0000000000004eda                timera1
 .text.clock_time
                0x0000000000004fb2       0x1a build/sky/obj/clock.o
                0x0000000000004fb2                clock_time
 .text.clock_init
                0x0000000000004fcc       0x28 build/sky/obj/clock.o
                0x0000000000004fcc                clock_init
 .text.clock_delay
                0x0000000000004ff4        0xc build/sky/obj/clock.o
                0x0000000000004ff4                clock_delay
 .text.clock_seconds
                0x0000000000005000       0x1a build/sky/obj/clock.o
                0x0000000000005000                clock_seconds
 .text.schedule_transmission
                0x000000000000501a       0x74 build/sky/obj/csma-output.o
 .text.tx_done  0x000000000000508e       0x98 build/sky/obj/csma-output.o
 .text.transmit_from_queue
                0x0000000000005126      0x1bc build/sky/obj/csma-output.o
 .text.csma_output_packet
                0x00000000000052e2      0x146 build/sky/obj/csma-output.o
                0x00000000000052e2                csma_output_packet
 .text.csma_output_init
                0x0000000000005428       0x1a build/sky/obj/csma-output.o
                0x0000000000005428                csma_output_init
 .text.on       0x0000000000005442        0x6 build/sky/obj/csma.o
 .text.off      0x0000000000005448        0x6 build/sky/obj/csma.o
 .text.max_payload
                0x000000000000544e       0x38 build/sky/obj/csma.o
 .text.send_packet
                0x0000000000005486        0x6 build/sky/obj/csma.o
 .text.input_packet
                0x000000000000548c       0x58 build/sky/obj/csma.o
 .text.init     0x00000000000054e4       0x20 build/sky/obj/csma.o
 .text.process_thread_ctimer_process
                0x0000000000005504       0x9a build/sky/obj/ctimer.o
 .text.ctimer_init
                0x000000000000559e       0x10 build/sky/obj/ctimer.o
                0x000000000000559e                ctimer_init
 .text.ctimer_set_with_process
                0x00000000000055ae       0x4e build/sky/obj/ctimer.o
                0x00000000000055ae                ctimer_set_with_process
 .text.ctimer_reset
                0x00000000000055fc       0x30 build/sky/obj/ctimer.o
                0x00000000000055fc                ctimer_reset
 .text.ctimer_stop
                0x000000000000562c       0x28 build/sky/obj/ctimer.o
                0x000000000000562c                ctimer_stop
 .text.ctimer_expired
                0x0000000000005654       0x20 build/sky/obj/ctimer.o
                0x0000000000005654                ctimer_expired
 .text.owreadb  0x0000000000005674       0x50 build/sky/obj/ds2411.o
 .text.ds2411_init
                0x00000000000056c4      0x120 build/sky/obj/ds2411.o
                0x00000000000056c4                ds2411_init
 .text.update_time
                0x00000000000057e4       0x78 build/sky/obj/etimer.o
 .text.etimer_request_poll
                0x000000000000585c        0xa build/sky/obj/etimer.o
                0x000000000000585c                etimer_request_poll
 .text.process_thread_etimer_process
                0x0000000000005866       0xcc build/sky/obj/etimer.o
 .text.add_timer
                0x0000000000005932       0x40 build/sky/obj/etimer.o
 .text.etimer_set
                0x0000000000005972       0x12 build/sky/obj/etimer.o
                0x0000000000005972                etimer_set
 .text.etimer_reset
                0x0000000000005984       0x12 build/sky/obj/etimer.o
                0x0000000000005984                etimer_reset
 .text.etimer_pending
                0x0000000000005996        0xc build/sky/obj/etimer.o
                0x0000000000005996                etimer_pending
 .text.etimer_next_expiration_time
                0x00000000000059a2       0x16 build/sky/obj/etimer.o
                0x00000000000059a2                etimer_next_expiration_time
 .text.etimer_stop
                0x00000000000059b8       0x3e build/sky/obj/etimer.o
                0x00000000000059b8                etimer_stop
 .text.frame802154_get_pan_id
                0x00000000000059f6        0x6 build/sky/obj/frame802154.o
                0x00000000000059f6                frame802154_get_pan_id
 .text.frame802154_has_panid
                0x00000000000059fc       0xe0 build/sky/obj/frame802154.o
                0x00000000000059fc                frame802154_has_panid
 .text.field_len
                0x0000000000005adc       0xaa build/sky/obj/frame802154.o
 .text.frame802154_is_broadcast_addr
                0x0000000000005b86       0x28 build/sky/obj/frame802154.o
                0x0000000000005b86                frame802154_is_broadcast_addr
 .text.frame802154_hdrlen
                0x0000000000005bae       0x32 build/sky/obj/frame802154.o
                0x0000000000005bae                frame802154_hdrlen
 .text.frame802154_create_fcf
                0x0000000000005be0       0x96 build/sky/obj/frame802154.o
                0x0000000000005be0                frame802154_create_fcf
 .text.frame802154_create
                0x0000000000005c76       0xd2 build/sky/obj/frame802154.o
                0x0000000000005c76                frame802154_create
 .text.frame802154_parse_fcf
                0x0000000000005d48       0xbc build/sky/obj/frame802154.o
                0x0000000000005d48                frame802154_parse_fcf
 .text.frame802154_parse
                0x0000000000005e04      0x168 build/sky/obj/frame802154.o
                0x0000000000005e04                frame802154_parse
 .text.parse    0x0000000000005f6c       0xa2 build/sky/obj/framer-802154.o
 .text.framer_802154_setup_params
                0x000000000000600e       0xb6 build/sky/obj/framer-802154.o
                0x000000000000600e                framer_802154_setup_params
 .text.create_frame
                0x00000000000060c4       0xa2 build/sky/obj/framer-802154.o
 .text.create   0x0000000000006166        0x8 build/sky/obj/framer-802154.o
 .text.hdr_length
                0x000000000000616e        0x8 build/sky/obj/framer-802154.o
 .text.process_thread_C_PROCESS
                0x0000000000006176       0x68 build/sky/obj/item05.o
 .text.process_thread_A_PROCESS
                0x00000000000061de       0x90 build/sky/obj/item05.o
 .text.process_thread_B_PROCESS
                0x000000000000626e       0x6c build/sky/obj/item05.o
 .text.leds_arch_init
                0x00000000000062da        0xe build/sky/obj/leds-arch.o
                0x00000000000062da                leds_arch_init
 .text.leds_arch_get
                0x00000000000062e8       0x34 build/sky/obj/leds-arch.o
                0x00000000000062e8                leds_arch_get
 .text.leds_arch_set
                0x000000000000631c       0x3e build/sky/obj/leds-arch.o
                0x000000000000631c                leds_arch_set
 .text.leds_init
                0x000000000000635a        0x6 build/sky/obj/leds.o
                0x000000000000635a                leds_init
 .text.leds_on  0x0000000000006360       0x12 build/sky/obj/leds.o
                0x0000000000006360                leds_on
 .text.leds_off
                0x0000000000006372       0x12 build/sky/obj/leds.o
                0x0000000000006372                leds_off
 .text.periodic
                0x0000000000006384       0x28 build/sky/obj/link-stats.o
 .text.link_stats_from_lladdr
                0x00000000000063ac        0xc build/sky/obj/link-stats.o
                0x00000000000063ac                link_stats_from_lladdr
 .text.link_stats_is_fresh
                0x00000000000063b8       0x30 build/sky/obj/link-stats.o
                0x00000000000063b8                link_stats_is_fresh
 .text.link_stats_packet_sent
                0x00000000000063e8       0xf4 build/sky/obj/link-stats.o
                0x00000000000063e8                link_stats_packet_sent
 .text.link_stats_input_callback
                0x00000000000064dc      0x106 build/sky/obj/link-stats.o
                0x00000000000064dc                link_stats_input_callback
 .text.link_stats_reset
                0x00000000000065e2       0x2a build/sky/obj/link-stats.o
                0x00000000000065e2                link_stats_reset
 .text.link_stats_init
                0x000000000000660c       0x26 build/sky/obj/link-stats.o
                0x000000000000660c                link_stats_init
 .text.linkaddr_copy
                0x0000000000006632        0x8 build/sky/obj/linkaddr.o
                0x0000000000006632                linkaddr_copy
 .text.linkaddr_cmp
                0x000000000000663a       0x12 build/sky/obj/linkaddr.o
                0x000000000000663a                linkaddr_cmp
 .text.list_tail
                0x000000000000664c       0x12 build/sky/obj/list.o
                0x000000000000664c                list_tail
 .text.list_remove
                0x000000000000665e       0x34 build/sky/obj/list.o
                0x000000000000665e                list_remove
 .text.list_push
                0x0000000000006692       0x1a build/sky/obj/list.o
                0x0000000000006692                list_push
 .text.list_add
                0x00000000000066ac       0x2a build/sky/obj/list.o
                0x00000000000066ac                list_add
 .text.list_length
                0x00000000000066d6       0x10 build/sky/obj/list.o
                0x00000000000066d6                list_length
 .text.list_contains
                0x00000000000066e6       0x12 build/sky/obj/list.o
                0x00000000000066e6                list_contains
 .text.log_6addr
                0x00000000000066f8       0x32 build/sky/obj/log.o
                0x00000000000066f8                log_6addr
 .text.log_lladdr
                0x000000000000672a       0x44 build/sky/obj/log.o
                0x000000000000672a                log_lladdr
 .text.mac_sequence_init
                0x000000000000676e        0xa build/sky/obj/mac-sequence.o
                0x000000000000676e                mac_sequence_init
 .text.mac_sequence_set_dsn
                0x0000000000006778       0x18 build/sky/obj/mac-sequence.o
                0x0000000000006778                mac_sequence_set_dsn
 .text.mac_sequence_is_duplicate
                0x0000000000006790       0x84 build/sky/obj/mac-sequence.o
                0x0000000000006790                mac_sequence_is_duplicate
 .text.mac_sequence_register_seqno
                0x0000000000006814       0x90 build/sky/obj/mac-sequence.o
                0x0000000000006814                mac_sequence_register_seqno
 .text.memb_init
                0x00000000000068a4       0x36 build/sky/obj/memb.o
                0x00000000000068a4                memb_init
 .text.memb_alloc
                0x00000000000068da       0x3e build/sky/obj/memb.o
                0x00000000000068da                memb_alloc
 .text.memb_free
                0x0000000000006918       0x32 build/sky/obj/memb.o
                0x0000000000006918                memb_free
 .text.memb_inmemb
                0x000000000000694a       0x2a build/sky/obj/memb.o
                0x000000000000694a                memb_inmemb
 .text.memb_numfree
                0x0000000000006974       0x26 build/sky/obj/memb.o
                0x0000000000006974                memb_numfree
 .text.msp430_init_dco
                0x000000000000699a       0x82 build/sky/obj/msp430.o
                0x000000000000699a                msp430_init_dco
 .text.msp430_add_lpm_req
                0x0000000000006a1c        0xc build/sky/obj/msp430.o
                0x0000000000006a1c                msp430_add_lpm_req
 .text.msp430_cpu_init
                0x0000000000006a28       0x2a build/sky/obj/msp430.o
                0x0000000000006a28                msp430_cpu_init
 .text.splhigh_
                0x0000000000006a52        0xa build/sky/obj/msp430.o
                0x0000000000006a52                splhigh_
 .text.msp430_sync_dco
                0x0000000000006a5c       0x6c build/sky/obj/msp430.o
                0x0000000000006a5c                msp430_sync_dco
 .text.item_from_index
                0x0000000000006ac8       0x2a build/sky/obj/nbr-table.o
 .text.index_from_key
                0x0000000000006af2       0x26 build/sky/obj/nbr-table.o
 .text.index_from_item
                0x0000000000006b18       0x1e build/sky/obj/nbr-table.o
 .text.nbr_set_bit
                0x0000000000006b36       0x54 build/sky/obj/nbr-table.o
 .text.index_from_lladdr
                0x0000000000006b8a       0x38 build/sky/obj/nbr-table.o
 .text.nbr_get_bit.constprop.3
                0x0000000000006bc2       0x2a build/sky/obj/nbr-table.o
 .text.remove_key
                0x0000000000006bec       0x84 build/sky/obj/nbr-table.o
 .text.nbr_table_is_registered
                0x0000000000006c70       0x22 build/sky/obj/nbr-table.o
                0x0000000000006c70                nbr_table_is_registered
 .text.nbr_table_register
                0x0000000000006c92       0x40 build/sky/obj/nbr-table.o
                0x0000000000006c92                nbr_table_register
 .text.nbr_table_next
                0x0000000000006cd2       0x5a build/sky/obj/nbr-table.o
                0x0000000000006cd2                nbr_table_next
 .text.nbr_table_head
                0x0000000000006d2c       0x36 build/sky/obj/nbr-table.o
                0x0000000000006d2c                nbr_table_head
 .text.nbr_table_get_from_lladdr
                0x0000000000006d62       0x2c build/sky/obj/nbr-table.o
                0x0000000000006d62                nbr_table_get_from_lladdr
 .text.entry_is_allowed.isra.2
                0x0000000000006d8e       0x74 build/sky/obj/nbr-table.o
 .text.nbr_table_add_lladdr
                0x0000000000006e02       0xc2 build/sky/obj/nbr-table.o
                0x0000000000006e02                nbr_table_add_lladdr
 .text.nbr_table_remove
                0x0000000000006ec4       0x32 build/sky/obj/nbr-table.o
                0x0000000000006ec4                nbr_table_remove
 .text.nbr_table_lock
                0x0000000000006ef6       0x10 build/sky/obj/nbr-table.o
                0x0000000000006ef6                nbr_table_lock
 .text.nbr_table_unlock
                0x0000000000006f06       0x10 build/sky/obj/nbr-table.o
                0x0000000000006f06                nbr_table_unlock
 .text.nbr_table_get_lladdr
                0x0000000000006f16       0x22 build/sky/obj/nbr-table.o
                0x0000000000006f16                nbr_table_get_lladdr
 .text.netstack_process_ip_callback
                0x0000000000006f38       0x48 build/sky/obj/netstack.o
                0x0000000000006f38                netstack_process_ip_callback
 .text.packetbuf_hdrreduce
                0x0000000000006f80       0x1a build/sky/obj/packetbuf.o
                0x0000000000006f80                packetbuf_hdrreduce
 .text.packetbuf_set_datalen
                0x0000000000006f9a        0x6 build/sky/obj/packetbuf.o
                0x0000000000006f9a                packetbuf_set_datalen
 .text.packetbuf_hdrptr
                0x0000000000006fa0        0x6 build/sky/obj/packetbuf.o
                0x0000000000006fa0                packetbuf_hdrptr
 .text.packetbuf_datalen
                0x0000000000006fa6        0x6 build/sky/obj/packetbuf.o
                0x0000000000006fa6                packetbuf_datalen
 .text.packetbuf_hdrlen
                0x0000000000006fac        0xa build/sky/obj/packetbuf.o
                0x0000000000006fac                packetbuf_hdrlen
 .text.packetbuf_dataptr
                0x0000000000006fb6        0xc build/sky/obj/packetbuf.o
                0x0000000000006fb6                packetbuf_dataptr
 .text.packetbuf_copyto
                0x0000000000006fc2       0x46 build/sky/obj/packetbuf.o
                0x0000000000006fc2                packetbuf_copyto
 .text.packetbuf_totlen
                0x0000000000007008        0xc build/sky/obj/packetbuf.o
                0x0000000000007008                packetbuf_totlen
 .text.packetbuf_hdralloc
                0x0000000000007014       0x3c build/sky/obj/packetbuf.o
                0x0000000000007014                packetbuf_hdralloc
 .text.packetbuf_attr_clear
                0x0000000000007050       0x28 build/sky/obj/packetbuf.o
                0x0000000000007050                packetbuf_attr_clear
 .text.packetbuf_clear
                0x0000000000007078       0x12 build/sky/obj/packetbuf.o
                0x0000000000007078                packetbuf_clear
 .text.packetbuf_copyfrom
                0x000000000000708a       0x2e build/sky/obj/packetbuf.o
                0x000000000000708a                packetbuf_copyfrom
 .text.packetbuf_attr_copyto
                0x00000000000070b8       0x22 build/sky/obj/packetbuf.o
                0x00000000000070b8                packetbuf_attr_copyto
 .text.packetbuf_attr_copyfrom
                0x00000000000070da       0x24 build/sky/obj/packetbuf.o
                0x00000000000070da                packetbuf_attr_copyfrom
 .text.packetbuf_set_attr
                0x00000000000070fe        0xa build/sky/obj/packetbuf.o
                0x00000000000070fe                packetbuf_set_attr
 .text.packetbuf_attr
                0x0000000000007108        0xa build/sky/obj/packetbuf.o
                0x0000000000007108                packetbuf_attr
 .text.packetbuf_set_addr
                0x0000000000007112       0x16 build/sky/obj/packetbuf.o
                0x0000000000007112                packetbuf_set_addr
 .text.packetbuf_addr
                0x0000000000007128       0x12 build/sky/obj/packetbuf.o
                0x0000000000007128                packetbuf_addr
 .text.packetbuf_holds_broadcast
                0x000000000000713a        0xe build/sky/obj/packetbuf.o
                0x000000000000713a                packetbuf_holds_broadcast
 .text.platform_init_stage_one
                0x0000000000007148       0x12 build/sky/obj/platform.o
                0x0000000000007148                platform_init_stage_one
 .text.platform_init_stage_two
                0x000000000000715a       0x68 build/sky/obj/platform.o
                0x000000000000715a                platform_init_stage_two
 .text.platform_init_stage_three
                0x00000000000071c2       0x80 build/sky/obj/platform.o
                0x00000000000071c2                platform_init_stage_three
 .text.platform_idle
                0x0000000000007242       0x54 build/sky/obj/platform.o
                0x0000000000007242                platform_idle
 .text.call_process
                0x0000000000007296       0x46 build/sky/obj/process.o
 .text.exit_process
                0x00000000000072dc       0x98 build/sky/obj/process.o
 .text.do_poll  0x0000000000007374       0x30 build/sky/obj/process.o
 .text.process_alloc_event
                0x00000000000073a4       0x18 build/sky/obj/process.o
                0x00000000000073a4                process_alloc_event
 .text.process_init
                0x00000000000073bc        0x8 build/sky/obj/process.o
                0x00000000000073bc                process_init
 .text.process_run
                0x00000000000073c4       0x8c build/sky/obj/process.o
                0x00000000000073c4                process_run
 .text.process_nevents
                0x0000000000007450        0xa build/sky/obj/process.o
                0x0000000000007450                process_nevents
 .text.process_post
                0x000000000000745a       0x42 build/sky/obj/process.o
                0x000000000000745a                process_post
 .text.process_post_synch
                0x000000000000749c       0x12 build/sky/obj/process.o
                0x000000000000749c                process_post_synch
 .text.process_start
                0x00000000000074ae       0x36 build/sky/obj/process.o
                0x00000000000074ae                process_start
 .text.process_poll
                0x00000000000074e4       0x18 build/sky/obj/process.o
                0x00000000000074e4                process_poll
 .text.queuebuf_init
                0x00000000000074fc       0x12 build/sky/obj/queuebuf.o
                0x00000000000074fc                queuebuf_init
 .text.queuebuf_numfree
                0x000000000000750e        0xa build/sky/obj/queuebuf.o
                0x000000000000750e                queuebuf_numfree
 .text.queuebuf_new_from_packetbuf
                0x0000000000007518       0x52 build/sky/obj/queuebuf.o
                0x0000000000007518                queuebuf_new_from_packetbuf
 .text.queuebuf_update_attr_from_packetbuf
                0x000000000000756a       0x12 build/sky/obj/queuebuf.o
                0x000000000000756a                queuebuf_update_attr_from_packetbuf
 .text.queuebuf_free
                0x000000000000757c       0x2a build/sky/obj/queuebuf.o
                0x000000000000757c                queuebuf_free
 .text.queuebuf_to_packetbuf
                0x00000000000075a6       0x32 build/sky/obj/queuebuf.o
                0x00000000000075a6                queuebuf_to_packetbuf
 .text.random_init
                0x00000000000075d8        0x6 build/sky/obj/random.o
                0x00000000000075d8                random_init
 .text.random_rand
                0x00000000000075de        0x6 build/sky/obj/random.o
                0x00000000000075de                random_rand
 .text.rpl_dag_root_set_prefix
                0x00000000000075e4       0x62 build/sky/obj/rpl-dag-root.o
                0x00000000000075e4                rpl_dag_root_set_prefix
 .text.rpl_dag_root_start
                0x0000000000007646       0x8e build/sky/obj/rpl-dag-root.o
                0x0000000000007646                rpl_dag_root_start
 .text.rpl_dag_root_is_root
                0x00000000000076d4       0x14 build/sky/obj/rpl-dag-root.o
                0x00000000000076d4                rpl_dag_root_is_root
 .text.init_dag
                0x00000000000076e8       0x84 build/sky/obj/rpl-dag.o
 .text.process_dio_init_dag
                0x000000000000776c       0xb0 build/sky/obj/rpl-dag.o
 .text.rpl_dag_get_root_ipaddr
                0x000000000000781c       0x1e build/sky/obj/rpl-dag.o
                0x000000000000781c                rpl_dag_get_root_ipaddr
 .text.rpl_dag_leave
                0x000000000000783a       0x4a build/sky/obj/rpl-dag.o
                0x000000000000783a                rpl_dag_leave
 .text.rpl_dag_poison_and_leave
                0x0000000000007884        0xc build/sky/obj/rpl-dag.o
                0x0000000000007884                rpl_dag_poison_and_leave
 .text.rpl_dag_periodic
                0x0000000000007890       0x6a build/sky/obj/rpl-dag.o
                0x0000000000007890                rpl_dag_periodic
 .text.rpl_is_addr_in_our_dag
                0x00000000000078fa       0x34 build/sky/obj/rpl-dag.o
                0x00000000000078fa                rpl_is_addr_in_our_dag
 .text.rpl_local_repair
                0x000000000000792e       0x2a build/sky/obj/rpl-dag.o
                0x000000000000792e                rpl_local_repair
 .text.rpl_global_repair
                0x0000000000007958       0x2e build/sky/obj/rpl-dag.o
                0x0000000000007958                rpl_global_repair
 .text.rpl_dag_ready_to_advertise
                0x0000000000007986       0x22 build/sky/obj/rpl-dag.o
                0x0000000000007986                rpl_dag_ready_to_advertise
 .text.rpl_dag_update_state
                0x00000000000079a8      0x144 build/sky/obj/rpl-dag.o
                0x00000000000079a8                rpl_dag_update_state
 .text.rpl_process_dio
                0x0000000000007aec      0x1b6 build/sky/obj/rpl-dag.o
                0x0000000000007aec                rpl_process_dio
 .text.rpl_process_dis
                0x0000000000007ca2       0x2a build/sky/obj/rpl-dag.o
                0x0000000000007ca2                rpl_process_dis
 .text.rpl_process_dao
                0x0000000000007ccc       0x6c build/sky/obj/rpl-dag.o
                0x0000000000007ccc                rpl_process_dao
 .text.rpl_process_dao_ack
                0x0000000000007d38       0x54 build/sky/obj/rpl-dag.o
                0x0000000000007d38                rpl_process_dao_ack
 .text.rpl_process_hbh
                0x0000000000007d8c       0x2e build/sky/obj/rpl-dag.o
                0x0000000000007d8c                rpl_process_hbh
 .text.rpl_dag_init_root
                0x0000000000007dba       0xbc build/sky/obj/rpl-dag.o
                0x0000000000007dba                rpl_dag_init_root
 .text.rpl_dag_init
                0x0000000000007e76       0x10 build/sky/obj/rpl-dag.o
                0x0000000000007e76                rpl_dag_init
 .text.update_hbh_header
                0x0000000000007e86       0x4a build/sky/obj/rpl-ext-header.o
 .text.rpl_ext_header_srh_get_next_hop
                0x0000000000007ed0       0x84 build/sky/obj/rpl-ext-header.o
                0x0000000000007ed0                rpl_ext_header_srh_get_next_hop
 .text.rpl_ext_header_srh_update
                0x0000000000007f54      0x250 build/sky/obj/rpl-ext-header.o
                0x0000000000007f54                rpl_ext_header_srh_update
 .text.rpl_ext_header_hbh_update
                0x00000000000081a4       0xa4 build/sky/obj/rpl-ext-header.o
                0x00000000000081a4                rpl_ext_header_hbh_update
 .text.rpl_ext_header_remove
                0x0000000000008248       0xcc build/sky/obj/rpl-ext-header.o
                0x0000000000008248                rpl_ext_header_remove
 .text.rpl_ext_header_update
                0x0000000000008314      0x2aa build/sky/obj/rpl-ext-header.o
                0x0000000000008314                rpl_ext_header_update
 .text.get32    0x00000000000085be       0x46 build/sky/obj/rpl-icmp6.o
 .text.set32    0x0000000000008604       0x2a build/sky/obj/rpl-icmp6.o
 .text.get16    0x000000000000862e        0xe build/sky/obj/rpl-icmp6.o
 .text.set16    0x000000000000863c       0x10 build/sky/obj/rpl-icmp6.o
 .text.dao_ack_input
                0x000000000000864c       0x2a build/sky/obj/rpl-icmp6.o
 .text.dao_input
                0x0000000000008676      0x16e build/sky/obj/rpl-icmp6.o
 .text.dio_input
                0x00000000000087e4      0x2ba build/sky/obj/rpl-icmp6.o
 .text.dis_input
                0x0000000000008a9e       0x1e build/sky/obj/rpl-icmp6.o
 .text.rpl_icmp6_update_nbr_table
                0x0000000000008abc       0x36 build/sky/obj/rpl-icmp6.o
                0x0000000000008abc                rpl_icmp6_update_nbr_table
 .text.rpl_icmp6_dis_output
                0x0000000000008af2       0x34 build/sky/obj/rpl-icmp6.o
                0x0000000000008af2                rpl_icmp6_dis_output
 .text.rpl_icmp6_dio_output
                0x0000000000008b26      0x230 build/sky/obj/rpl-icmp6.o
                0x0000000000008b26                rpl_icmp6_dio_output
 .text.rpl_icmp6_dao_output
                0x0000000000008d56       0xe6 build/sky/obj/rpl-icmp6.o
                0x0000000000008d56                rpl_icmp6_dao_output
 .text.rpl_icmp6_dao_ack_output
                0x0000000000008e3c       0x44 build/sky/obj/rpl-icmp6.o
                0x0000000000008e3c                rpl_icmp6_dao_ack_output
 .text.rpl_icmp6_init
                0x0000000000008e80       0x22 build/sky/obj/rpl-icmp6.o
                0x0000000000008e80                rpl_icmp6_init
 .text.reset    0x0000000000008ea2        0x2 build/sky/obj/rpl-mrhof.o
 .text.update_metric_container
                0x0000000000008ea4        0x6 build/sky/obj/rpl-mrhof.o
 .text.nbr_link_metric
                0x0000000000008eaa       0x12 build/sky/obj/rpl-mrhof.o
 .text.nbr_has_usable_link
                0x0000000000008ebc       0x14 build/sky/obj/rpl-mrhof.o
 .text.nbr_path_cost
                0x0000000000008ed0       0x38 build/sky/obj/rpl-mrhof.o
 .text.within_hysteresis
                0x0000000000008f08       0x54 build/sky/obj/rpl-mrhof.o
 .text.nbr_is_acceptable_parent
                0x0000000000008f5c       0x2c build/sky/obj/rpl-mrhof.o
 .text.rank_via_nbr
                0x0000000000008f88       0x48 build/sky/obj/rpl-mrhof.o
 .text.best_parent
                0x0000000000008fd0       0x7c build/sky/obj/rpl-mrhof.o
 .text.get_rank
                0x000000000000904c       0x16 build/sky/obj/rpl-nbr-policy.o
 .text.rpl_nbr_gc_get_worst
                0x0000000000009062       0x28 build/sky/obj/rpl-nbr-policy.o
                0x0000000000009062                rpl_nbr_gc_get_worst
 .text.remove_neighbor
                0x000000000000908a       0x24 build/sky/obj/rpl-neighbor.o
 .text.rpl_neighbor_get_from_lladdr
                0x00000000000090ae        0xc build/sky/obj/rpl-neighbor.o
                0x00000000000090ae                rpl_neighbor_get_from_lladdr
 .text.rpl_neighbor_rank_via_nbr
                0x00000000000090ba       0x18 build/sky/obj/rpl-neighbor.o
                0x00000000000090ba                rpl_neighbor_rank_via_nbr
 .text.rpl_neighbor_get_lladdr
                0x00000000000090d2        0xc build/sky/obj/rpl-neighbor.o
                0x00000000000090d2                rpl_neighbor_get_lladdr
 .text.rpl_neighbor_get_ipaddr
                0x00000000000090de        0xa build/sky/obj/rpl-neighbor.o
                0x00000000000090de                rpl_neighbor_get_ipaddr
 .text.rpl_neighbor_get_link_stats
                0x00000000000090e8        0xa build/sky/obj/rpl-neighbor.o
                0x00000000000090e8                rpl_neighbor_get_link_stats
 .text.rpl_neighbor_is_fresh
                0x00000000000090f2        0xa build/sky/obj/rpl-neighbor.o
                0x00000000000090f2                rpl_neighbor_is_fresh
 .text.best_parent
                0x00000000000090fc       0xb2 build/sky/obj/rpl-neighbor.o
 .text.rpl_neighbor_set_preferred_parent
                0x00000000000091ae       0x48 build/sky/obj/rpl-neighbor.o
                0x00000000000091ae                rpl_neighbor_set_preferred_parent
 .text.rpl_neighbor_remove_all
                0x00000000000091f6       0x30 build/sky/obj/rpl-neighbor.o
                0x00000000000091f6                rpl_neighbor_remove_all
 .text.rpl_neighbor_get_from_ipaddr
                0x0000000000009226       0x14 build/sky/obj/rpl-neighbor.o
                0x0000000000009226                rpl_neighbor_get_from_ipaddr
 .text.rpl_neighbor_select_best
                0x000000000000923a       0x54 build/sky/obj/rpl-neighbor.o
                0x000000000000923a                rpl_neighbor_select_best
 .text.rpl_neighbor_init
                0x000000000000928e        0xe build/sky/obj/rpl-neighbor.o
                0x000000000000928e                rpl_neighbor_init
 .text.handle_state_update
                0x000000000000929c        0x6 build/sky/obj/rpl-timers.o
 .text.handle_leaving_timer
                0x00000000000092a2        0xc build/sky/obj/rpl-timers.o
 .text.handle_unicast_dio_timer
                0x00000000000092ae       0x12 build/sky/obj/rpl-timers.o
 .text.handle_dao_ack_timer
                0x00000000000092c0       0x12 build/sky/obj/rpl-timers.o
 .text.ctimer_set.constprop.3
                0x00000000000092d2        0xe build/sky/obj/rpl-timers.o
 .text.new_dio_interval
                0x00000000000092e0       0x86 build/sky/obj/rpl-timers.o
 .text.handle_dio_timer
                0x0000000000009366       0x6a build/sky/obj/rpl-timers.o
 .text.schedule_dao_retransmission
                0x00000000000093d0       0x30 build/sky/obj/rpl-timers.o
 .text.send_new_dao
                0x0000000000009400       0x28 build/sky/obj/rpl-timers.o
 .text.resend_dao
                0x0000000000009428       0x24 build/sky/obj/rpl-timers.o
 .text.rpl_timers_schedule_periodic_dis
                0x000000000000944c       0x3c build/sky/obj/rpl-timers.o
                0x000000000000944c                rpl_timers_schedule_periodic_dis
 .text.handle_periodic_timer
                0x0000000000009488       0x3a build/sky/obj/rpl-timers.o
 .text.handle_dis_timer
                0x00000000000094c2       0x26 build/sky/obj/rpl-timers.o
 .text.rpl_timers_dio_reset
                0x00000000000094e8       0x2e build/sky/obj/rpl-timers.o
                0x00000000000094e8                rpl_timers_dio_reset
 .text.rpl_timers_schedule_unicast_dio
                0x0000000000009516       0x1c build/sky/obj/rpl-timers.o
                0x0000000000009516                rpl_timers_schedule_unicast_dio
 .text.rpl_timers_schedule_dao
                0x0000000000009532       0x38 build/sky/obj/rpl-timers.o
                0x0000000000009532                rpl_timers_schedule_dao
 .text.rpl_timers_schedule_dao_ack
                0x000000000000956a       0x30 build/sky/obj/rpl-timers.o
                0x000000000000956a                rpl_timers_schedule_dao_ack
 .text.rpl_timers_notify_dao_ack
                0x000000000000959a       0x7e build/sky/obj/rpl-timers.o
                0x000000000000959a                rpl_timers_notify_dao_ack
 .text.get_probing_delay
                0x0000000000009618       0x1c build/sky/obj/rpl-timers.o
                0x0000000000009618                get_probing_delay
 .text.get_probing_target
                0x0000000000009634       0xee build/sky/obj/rpl-timers.o
                0x0000000000009634                get_probing_target
 .text.rpl_schedule_probing
                0x0000000000009722       0x1c build/sky/obj/rpl-timers.o
                0x0000000000009722                rpl_schedule_probing
 .text.handle_probing_timer
                0x000000000000973e       0x2a build/sky/obj/rpl-timers.o
 .text.rpl_schedule_probing_now
                0x0000000000009768       0x20 build/sky/obj/rpl-timers.o
                0x0000000000009768                rpl_schedule_probing_now
 .text.rpl_timers_unschedule_leaving
                0x0000000000009788       0x1c build/sky/obj/rpl-timers.o
                0x0000000000009788                rpl_timers_unschedule_leaving
 .text.rpl_timers_schedule_leaving
                0x00000000000097a4       0x26 build/sky/obj/rpl-timers.o
                0x00000000000097a4                rpl_timers_schedule_leaving
 .text.rpl_timers_init
                0x00000000000097ca       0x18 build/sky/obj/rpl-timers.o
                0x00000000000097ca                rpl_timers_init
 .text.rpl_timers_stop_dag_timers
                0x00000000000097e2       0x4c build/sky/obj/rpl-timers.o
                0x00000000000097e2                rpl_timers_stop_dag_timers
 .text.rpl_timers_schedule_state_update
                0x000000000000982e       0x18 build/sky/obj/rpl-timers.o
                0x000000000000982e                rpl_timers_schedule_state_update
 .text.rpl_has_joined
                0x0000000000009846       0x12 build/sky/obj/rpl.o
                0x0000000000009846                rpl_has_joined
 .text.rpl_is_reachable
                0x0000000000009858       0x12 build/sky/obj/rpl.o
                0x0000000000009858                rpl_is_reachable
 .text.neighbor_state_changed
                0x000000000000986a        0x2 build/sky/obj/rpl.o
 .text.drop_route
                0x000000000000986c        0x2 build/sky/obj/rpl.o
 .text.rpl_get_leaf_only
                0x000000000000986e        0x6 build/sky/obj/rpl.o
                0x000000000000986e                rpl_get_leaf_only
 .text.get_sr_node_ipaddr
                0x0000000000009874       0x34 build/sky/obj/rpl.o
 .text.init     0x00000000000098a8       0x42 build/sky/obj/rpl.o
 .text.set_ip_from_prefix
                0x00000000000098ea       0x38 build/sky/obj/rpl.o
 .text.rpl_link_callback
                0x0000000000009922       0x1e build/sky/obj/rpl.o
                0x0000000000009922                rpl_link_callback
 .text.rpl_lollipop_greater_than
                0x0000000000009940       0x3c build/sky/obj/rpl.o
                0x0000000000009940                rpl_lollipop_greater_than
 .text.rpl_get_global_address
                0x000000000000997c       0xbe build/sky/obj/rpl.o
                0x000000000000997c                rpl_get_global_address
 .text.rpl_reset_prefix
                0x0000000000009a3a       0x24 build/sky/obj/rpl.o
                0x0000000000009a3a                rpl_reset_prefix
 .text.rpl_set_prefix_from_addr
                0x0000000000009a5e       0x92 build/sky/obj/rpl.o
                0x0000000000009a5e                rpl_set_prefix_from_addr
 .text.timera0  0x0000000000009af0       0x2c build/sky/obj/rtimer-arch.o
                0x0000000000009af0                __isr_6
                0x0000000000009af0                timera0
 .text.rtimer_arch_init
                0x0000000000009b1c        0xe build/sky/obj/rtimer-arch.o
                0x0000000000009b1c                rtimer_arch_init
 .text.rtimer_arch_now
                0x0000000000009b2a        0xe build/sky/obj/rtimer-arch.o
                0x0000000000009b2a                rtimer_arch_now
 .text.rtimer_run_next
                0x0000000000009b38       0x18 build/sky/obj/rtimer.o
                0x0000000000009b38                rtimer_run_next
 .text.process_thread_sensors_process
                0x0000000000009b50       0xc2 build/sky/obj/sensors.o
 .text.sensors_changed
                0x0000000000009c12       0x2a build/sky/obj/sensors.o
                0x0000000000009c12                sensors_changed
 .text.clear_fragments
                0x0000000000009c3c       0x40 build/sky/obj/sicslowpan.o
 .text.addr_context_lookup_by_number
                0x0000000000009c7c       0x16 build/sky/obj/sicslowpan.o
 .text.sicslowpan_init
                0x0000000000009c92       0x18 build/sky/obj/sicslowpan.o
                0x0000000000009c92                sicslowpan_init
 .text.set_packet_attrs
                0x0000000000009caa       0x66 build/sky/obj/sicslowpan.o
 .text.compress_addr_64
                0x0000000000009d10       0xae build/sky/obj/sicslowpan.o
 .text.addr_context_lookup_by_prefix
                0x0000000000009dbe       0x20 build/sky/obj/sicslowpan.o
 .text.send_packet
                0x0000000000009dde       0x10 build/sky/obj/sicslowpan.o
 .text.fragment_copy_payload_and_send
                0x0000000000009dee       0x58 build/sky/obj/sicslowpan.o
 .text.packet_sent
                0x0000000000009e46       0x56 build/sky/obj/sicslowpan.o
 .text.store_fragment
                0x0000000000009e9c       0xb8 build/sky/obj/sicslowpan.o
 .text.add_fragment
                0x0000000000009f54      0x1fc build/sky/obj/sicslowpan.o
 .text.uncompress_addr
                0x000000000000a150       0xce build/sky/obj/sicslowpan.o
 .text.output   0x000000000000a21e      0x79e build/sky/obj/sicslowpan.o
 .text.input    0x000000000000a9bc      0xa1a build/sky/obj/sicslowpan.o
 .text.spi_init
                0x000000000000b3d6       0x30 build/sky/obj/spi-legacy.o
                0x000000000000b3d6                spi_init
 .text.stack_check_init
                0x000000000000b406       0x2e build/sky/obj/stack-check.o
                0x000000000000b406                stack_check_init
 .text.stack_check_get_usage
                0x000000000000b434       0x46 build/sky/obj/stack-check.o
                0x000000000000b434                stack_check_get_usage
 .text.process_thread_stack_check_process
                0x000000000000b47a       0x90 build/sky/obj/stack-check.o
 .text.stimer_expired
                0x000000000000b50a       0x30 build/sky/obj/stimer.o
                0x000000000000b50a                stimer_expired
 .text.tcpip_output
                0x000000000000b53a       0x22 build/sky/obj/tcpip.o
                0x000000000000b53a                tcpip_output
 .text.tcpip_input
                0x000000000000b55c       0x1e build/sky/obj/tcpip.o
                0x000000000000b55c                tcpip_input
 .text.tcpip_ipv6_output
                0x000000000000b57a      0x114 build/sky/obj/tcpip.o
                0x000000000000b57a                tcpip_ipv6_output
 .text.packet_input.part.3
                0x000000000000b68e       0x12 build/sky/obj/tcpip.o
 .text.process_thread_tcpip_process
                0x000000000000b6a0       0xb6 build/sky/obj/tcpip.o
 .text.tcpip_uipcall
                0x000000000000b756       0x2a build/sky/obj/tcpip.o
                0x000000000000b756                tcpip_uipcall
 .text.timer_set
                0x000000000000b780       0x1c build/sky/obj/timer.o
                0x000000000000b780                timer_set
 .text.timer_expired
                0x000000000000b79c       0x2a build/sky/obj/timer.o
                0x000000000000b79c                timer_expired
 .text.timer_reset
                0x000000000000b7c6       0x1c build/sky/obj/timer.o
                0x000000000000b7c6                timer_reset
 .text.putchar  0x000000000000b7e2       0x10 build/sky/obj/uart-putchar.o
                0x000000000000b7e2                putchar
 .text.uart1_active
                0x000000000000b7f2       0x18 build/sky/obj/uart1.o
                0x000000000000b7f2                uart1_active
 .text.uart1_writeb
                0x000000000000b80a       0x18 build/sky/obj/uart1.o
                0x000000000000b80a                uart1_writeb
 .text.uart1_init
                0x000000000000b822       0xf4 build/sky/obj/uart1.o
                0x000000000000b822                uart1_init
 .text.uip_ds6_nbr_rm
                0x000000000000b916       0x1e build/sky/obj/uip-ds6-nbr.o
                0x000000000000b916                uip_ds6_nbr_rm
 .text.uip_ds6_neighbors_init
                0x000000000000b934       0x12 build/sky/obj/uip-ds6-nbr.o
                0x000000000000b934                uip_ds6_neighbors_init
 .text.uip_ds6_nbr_add
                0x000000000000b946       0x3e build/sky/obj/uip-ds6-nbr.o
                0x000000000000b946                uip_ds6_nbr_add
 .text.uip_ds6_nbr_get_ll
                0x000000000000b984        0xc build/sky/obj/uip-ds6-nbr.o
                0x000000000000b984                uip_ds6_nbr_get_ll
 .text.uip_ds6_nbr_head
                0x000000000000b990        0xa build/sky/obj/uip-ds6-nbr.o
                0x000000000000b990                uip_ds6_nbr_head
 .text.uip_ds6_nbr_next
                0x000000000000b99a        0xc build/sky/obj/uip-ds6-nbr.o
                0x000000000000b99a                uip_ds6_nbr_next
 .text.uip_ds6_nbr_lookup
                0x000000000000b9a6       0x3a build/sky/obj/uip-ds6-nbr.o
                0x000000000000b9a6                uip_ds6_nbr_lookup
 .text.uip_ds6_nbr_ll_lookup
                0x000000000000b9e0        0xc build/sky/obj/uip-ds6-nbr.o
                0x000000000000b9e0                uip_ds6_nbr_ll_lookup
 .text.uip_ds6_nbr_update_ll
                0x000000000000b9ec       0x76 build/sky/obj/uip-ds6-nbr.o
                0x000000000000b9ec                uip_ds6_nbr_update_ll
 .text.uip_ds6_nbr_ipaddr_from_lladdr
                0x000000000000ba62        0x6 build/sky/obj/uip-ds6-nbr.o
                0x000000000000ba62                uip_ds6_nbr_ipaddr_from_lladdr
 .text.uip_ds6_nbr_lladdr_from_ipaddr
                0x000000000000ba68       0x12 build/sky/obj/uip-ds6-nbr.o
                0x000000000000ba68                uip_ds6_nbr_lladdr_from_ipaddr
 .text.uip_ds6_link_callback
                0x000000000000ba7a        0x2 build/sky/obj/uip-ds6-nbr.o
                0x000000000000ba7a                uip_ds6_link_callback
 .text.uip_ds6_route_init
                0x000000000000ba7c        0xe build/sky/obj/uip-ds6-route.o
                0x000000000000ba7c                uip_ds6_route_init
 .text.uip_ds6_route_nexthop
                0x000000000000ba8a        0x4 build/sky/obj/uip-ds6-route.o
                0x000000000000ba8a                uip_ds6_route_nexthop
 .text.uip_ds6_route_lookup
                0x000000000000ba8e        0x4 build/sky/obj/uip-ds6-route.o
                0x000000000000ba8e                uip_ds6_route_lookup
 .text.uip_ds6_route_rm
                0x000000000000ba92        0x2 build/sky/obj/uip-ds6-route.o
                0x000000000000ba92                uip_ds6_route_rm
 .text.uip_ds6_defrt_rm
                0x000000000000ba94       0x2c build/sky/obj/uip-ds6-route.o
                0x000000000000ba94                uip_ds6_defrt_rm
 .text.uip_ds6_defrt_lookup
                0x000000000000bac0       0x34 build/sky/obj/uip-ds6-route.o
                0x000000000000bac0                uip_ds6_defrt_lookup
 .text.uip_ds6_defrt_add
                0x000000000000baf4       0x78 build/sky/obj/uip-ds6-route.o
                0x000000000000baf4                uip_ds6_defrt_add
 .text.uip_ds6_defrt_choose
                0x000000000000bb6c       0x2e build/sky/obj/uip-ds6-route.o
                0x000000000000bb6c                uip_ds6_defrt_choose
 .text.uip_ds6_defrt_periodic
                0x000000000000bb9a       0x2e build/sky/obj/uip-ds6-route.o
                0x000000000000bb9a                uip_ds6_defrt_periodic
 .text.uip_ds6_default_prefix
                0x000000000000bbc8        0x6 build/sky/obj/uip-ds6.o
                0x000000000000bbc8                uip_ds6_default_prefix
 .text.uip_ds6_list_loop
                0x000000000000bbce       0x90 build/sky/obj/uip-ds6.o
                0x000000000000bbce                uip_ds6_list_loop
 .text.uip_ds6_prefix_add
                0x000000000000bc5e       0x76 build/sky/obj/uip-ds6.o
                0x000000000000bc5e                uip_ds6_prefix_add
 .text.uip_ds6_is_addr_onlink
                0x000000000000bcd4       0x52 build/sky/obj/uip-ds6.o
                0x000000000000bcd4                uip_ds6_is_addr_onlink
 .text.uip_ds6_addr_lookup
                0x000000000000bd26       0x2a build/sky/obj/uip-ds6.o
                0x000000000000bd26                uip_ds6_addr_lookup
 .text.uip_ds6_get_link_local
                0x000000000000bd50       0x3e build/sky/obj/uip-ds6.o
                0x000000000000bd50                uip_ds6_get_link_local
 .text.uip_ds6_maddr_add
                0x000000000000bd8e       0x42 build/sky/obj/uip-ds6.o
                0x000000000000bd8e                uip_ds6_maddr_add
 .text.uip_ds6_addr_add
                0x000000000000bdd0       0xc6 build/sky/obj/uip-ds6.o
                0x000000000000bdd0                uip_ds6_addr_add
 .text.uip_ds6_maddr_rm
                0x000000000000be96        0xa build/sky/obj/uip-ds6.o
                0x000000000000be96                uip_ds6_maddr_rm
 .text.uip_ds6_maddr_lookup
                0x000000000000bea0       0x2a build/sky/obj/uip-ds6.o
                0x000000000000bea0                uip_ds6_maddr_lookup
 .text.uip_ds6_addr_rm
                0x000000000000beca       0x54 build/sky/obj/uip-ds6.o
                0x000000000000beca                uip_ds6_addr_rm
 .text.uip_ds6_periodic
                0x000000000000bf1e       0x46 build/sky/obj/uip-ds6.o
                0x000000000000bf1e                uip_ds6_periodic
 .text.uip_ds6_set_addr_iid
                0x000000000000bf64       0x14 build/sky/obj/uip-ds6.o
                0x000000000000bf64                uip_ds6_set_addr_iid
 .text.uip_ds6_set_lladdr_from_iid
                0x000000000000bf78       0x14 build/sky/obj/uip-ds6.o
                0x000000000000bf78                uip_ds6_set_lladdr_from_iid
 .text.get_match_length
                0x000000000000bf8c       0x44 build/sky/obj/uip-ds6.o
                0x000000000000bf8c                get_match_length
 .text.uip_ds6_select_src
                0x000000000000bfd0       0xa6 build/sky/obj/uip-ds6.o
                0x000000000000bfd0                uip_ds6_select_src
 .text.uip_ds6_compute_reachable_time
                0x000000000000c076       0x3e build/sky/obj/uip-ds6.o
                0x000000000000c076                uip_ds6_compute_reachable_time
 .text.uip_ds6_init
                0x000000000000c0b4      0x164 build/sky/obj/uip-ds6.o
                0x000000000000c0b4                uip_ds6_init
 .text.echo_reply_input
                0x000000000000c218       0x5e build/sky/obj/uip-icmp6.o
 .text.echo_request_input
                0x000000000000c276       0x86 build/sky/obj/uip-icmp6.o
 .text.uip_icmp6_input
                0x000000000000c2fc       0x34 build/sky/obj/uip-icmp6.o
                0x000000000000c2fc                uip_icmp6_input
 .text.uip_icmp6_register_input_handler
                0x000000000000c330        0xc build/sky/obj/uip-icmp6.o
                0x000000000000c330                uip_icmp6_register_input_handler
 .text.uip_icmp6_error_output
                0x000000000000c33c      0x146 build/sky/obj/uip-icmp6.o
                0x000000000000c33c                uip_icmp6_error_output
 .text.uip_icmp6_send
                0x000000000000c482       0x8e build/sky/obj/uip-icmp6.o
                0x000000000000c482                uip_icmp6_send
 .text.uip_icmp6_init
                0x000000000000c510       0x12 build/sky/obj/uip-icmp6.o
                0x000000000000c510                uip_icmp6_init
 .text.ns_input
                0x000000000000c522      0x29a build/sky/obj/uip-nd6.o
 .text.uip_nd6_init
                0x000000000000c7bc        0xa build/sky/obj/uip-nd6.o
                0x000000000000c7bc                uip_nd6_init
 .text.node_matches_address.part.0
                0x000000000000c7c6       0x2e build/sky/obj/uip-sr.o
 .text.uip_sr_get_node
                0x000000000000c7f4       0x3a build/sky/obj/uip-sr.o
                0x000000000000c7f4                uip_sr_get_node
 .text.uip_sr_is_addr_reachable
                0x000000000000c82e       0x4e build/sky/obj/uip-sr.o
                0x000000000000c82e                uip_sr_is_addr_reachable
 .text.uip_sr_expire_parent
                0x000000000000c87c       0x50 build/sky/obj/uip-sr.o
                0x000000000000c87c                uip_sr_expire_parent
 .text.uip_sr_update_node
                0x000000000000c8cc       0xbc build/sky/obj/uip-sr.o
                0x000000000000c8cc                uip_sr_update_node
 .text.uip_sr_init
                0x000000000000c988       0x12 build/sky/obj/uip-sr.o
                0x000000000000c988                uip_sr_init
 .text.uip_sr_periodic
                0x000000000000c99a       0x8c build/sky/obj/uip-sr.o
                0x000000000000c99a                uip_sr_periodic
 .text.uip_sr_free_all
                0x000000000000ca26       0x30 build/sky/obj/uip-sr.o
                0x000000000000ca26                uip_sr_free_all
 .text.chksum   0x000000000000ca56       0x32 build/sky/obj/uip6.o
 .text.upper_layer_chksum
                0x000000000000ca88       0x58 build/sky/obj/uip6.o
 .text.ext_hdr_options_process
                0x000000000000cae0       0xa4 build/sky/obj/uip6.o
 .text.uip_check_mtu
                0x000000000000cb84       0x1e build/sky/obj/uip6.o
 .text.uip_update_ttl
                0x000000000000cba2       0x24 build/sky/obj/uip6.o
 .text.uip_icmp6chksum
                0x000000000000cbc6        0xa build/sky/obj/uip6.o
                0x000000000000cbc6                uip_icmp6chksum
 .text.uip_udpchksum
                0x000000000000cbd0        0xa build/sky/obj/uip6.o
                0x000000000000cbd0                uip_udpchksum
 .text.uip_init
                0x000000000000cbda       0x3c build/sky/obj/uip6.o
                0x000000000000cbda                uip_init
 .text.uip_remove_ext_hdr
                0x000000000000cc16       0x5e build/sky/obj/uip6.o
                0x000000000000cc16                uip_remove_ext_hdr
 .text.uip_process
                0x000000000000cc74      0x568 build/sky/obj/uip6.o
                0x000000000000cc74                uip_process
 .text.uip_htonl
                0x000000000000d1dc       0x2e build/sky/obj/uip6.o
                0x000000000000d1dc                uip_htonl
 .text.uipbuf_add_ext_hdr
                0x000000000000d20a       0x1c build/sky/obj/uipbuf.o
                0x000000000000d20a                uipbuf_add_ext_hdr
 .text.uipbuf_set_len
                0x000000000000d226       0x12 build/sky/obj/uipbuf.o
                0x000000000000d226                uipbuf_set_len
 .text.uipbuf_set_len_field
                0x000000000000d238        0xe build/sky/obj/uipbuf.o
                0x000000000000d238                uipbuf_set_len_field
 .text.uipbuf_get_len_field
                0x000000000000d246        0xe build/sky/obj/uipbuf.o
                0x000000000000d246                uipbuf_get_len_field
 .text.uipbuf_get_next_header
                0x000000000000d254       0x6a build/sky/obj/uipbuf.o
                0x000000000000d254                uipbuf_get_next_header
 .text.uipbuf_get_last_header
                0x000000000000d2be       0x3e build/sky/obj/uipbuf.o
                0x000000000000d2be                uipbuf_get_last_header
 .text.uipbuf_search_header
                0x000000000000d2fc       0x4e build/sky/obj/uipbuf.o
                0x000000000000d2fc                uipbuf_search_header
 .text.uipbuf_get_attr
                0x000000000000d34a       0x12 build/sky/obj/uipbuf.o
                0x000000000000d34a                uipbuf_get_attr
 .text.uipbuf_set_attr
                0x000000000000d35c       0x14 build/sky/obj/uipbuf.o
                0x000000000000d35c                uipbuf_set_attr
 .text.uipbuf_clear_attr
                0x000000000000d370       0x12 build/sky/obj/uipbuf.o
                0x000000000000d370                uipbuf_clear_attr
 .text.uipbuf_clear
                0x000000000000d382       0x12 build/sky/obj/uipbuf.o
                0x000000000000d382                uipbuf_clear
 .text.uipbuf_init
                0x000000000000d394       0x1a build/sky/obj/uipbuf.o
                0x000000000000d394                uipbuf_init
 .text.uiplib_ipaddr_snprint
                0x000000000000d3ae      0x12c build/sky/obj/uiplib.o
                0x000000000000d3ae                uiplib_ipaddr_snprint
 .text.watchdog_interrupt
                0x000000000000d4da        0x6 build/sky/obj/watchdog.o
                0x000000000000d4da                __isr_10
                0x000000000000d4da                watchdog_interrupt
 .text.watchdog_start
                0x000000000000d4e0       0x14 build/sky/obj/watchdog.o
                0x000000000000d4e0                watchdog_start
 .text.watchdog_periodic
                0x000000000000d4f4       0x12 build/sky/obj/watchdog.o
                0x000000000000d4f4                watchdog_periodic
 .text.watchdog_stop
                0x000000000000d506       0x16 build/sky/obj/watchdog.o
                0x000000000000d506                watchdog_stop
 .text.watchdog_init
                0x000000000000d51c       0x12 build/sky/obj/watchdog.o
                0x000000000000d51c                watchdog_init
 .text.xmem_init
                0x000000000000d52e       0x3c build/sky/obj/xmem.o
                0x000000000000d52e                xmem_init
 .text.printf   0x000000000000d56a       0x10 /home/ajzxier/msp430/lib/gcc/msp430/4.7.0/../../../../msp430/lib/mmpy-16/libc.a(printf.o)
                0x000000000000d56a                printf
 .text.append   0x000000000000d57a       0x22 /home/ajzxier/msp430/lib/gcc/msp430/4.7.0/../../../../msp430/lib/mmpy-16/libc.a(sprintf.o)
 .text.call_vuprintf
                0x000000000000d59c       0x3a /home/ajzxier/msp430/lib/gcc/msp430/4.7.0/../../../../msp430/lib/mmpy-16/libc.a(sprintf.o)
 .text.snprintf
                0x000000000000d5d6       0x1a /home/ajzxier/msp430/lib/gcc/msp430/4.7.0/../../../../msp430/lib/mmpy-16/libc.a(sprintf.o)
                0x000000000000d5d6                snprintf
 .text.print_field
                0x000000000000d5f0      0x194 /home/ajzxier/msp430/lib/gcc/msp430/4.7.0/../../../../msp430/lib/mmpy-16/libc.a(vuprintf.o)
 .text.vuprintf
                0x000000000000d784      0x63c /home/ajzxier/msp430/lib/gcc/msp430/4.7.0/../../../../msp430/lib/mmpy-16/libc.a(vuprintf.o)
                0x000000000000d784                vuprintf
 .text.puts     0x000000000000ddc0       0x2c /home/ajzxier/msp430/lib/gcc/msp430/4.7.0/../../../../msp430/lib/mmpy-16/libc.a(puts.o)
                0x000000000000ddc0                puts
 .text.rand     0x000000000000ddec       0x26 /home/ajzxier/msp430/lib/gcc/msp430/4.7.0/../../../../msp430/lib/mmpy-16/libc.a(rand.o)
                0x000000000000ddec                rand
 .text.srand    0x000000000000de12        0xa /home/ajzxier/msp430/lib/gcc/msp430/4.7.0/../../../../msp430/lib/mmpy-16/libc.a(rand.o)
                0x000000000000de12                srand
 .text.memcmp   0x000000000000de1c       0x30 /home/ajzxier/msp430/lib/gcc/msp430/4.7.0/../../../../msp430/lib/mmpy-16/libc.a(memcmp.o)
                0x000000000000de1c                memcmp
 .text.memcpy   0x000000000000de4c       0xfa /home/ajzxier/msp430/lib/gcc/msp430/4.7.0/../../../../msp430/lib/mmpy-16/libc.a(memcpy.o)
                0x000000000000de4c                memcpy
 .text.memmove  0x000000000000df46       0xfa /home/ajzxier/msp430/lib/gcc/msp430/4.7.0/../../../../msp430/lib/mmpy-16/libc.a(memmove.o)
                0x000000000000df46                memmove
 .text.memset   0x000000000000e040       0x6a /home/ajzxier/msp430/lib/gcc/msp430/4.7.0/../../../../msp430/lib/mmpy-16/libc.a(memset.o)
                0x000000000000e040                memset
 .text.crt0     0x000000000000e0aa        0x2 /home/ajzxier/msp430/lib/gcc/msp430/4.7.0/mmpy-16/libcrt0.a(_unexpected_.o)
                0x000000000000e0aa                _unexpected_
 .text.libgcc   0x000000000000e0ac       0x2c /home/ajzxier/msp430/lib/gcc/msp430/4.7.0/mmpy-16/libgcc.a(_mulsi3.o)
                0x000000000000e0ac                __mulsi3
 .text.libgcc   0x000000000000e0d8       0x22 /home/ajzxier/msp430/lib/gcc/msp430/4.7.0/mmpy-16/libgcc.a(_udivmod16.o)
                0x000000000000e0d8                __udivhi3
                0x000000000000e0d8                __ext_udivmod16
                0x000000000000e0f2                __umodhi3
 .text.libgcc   0x000000000000e0fa       0x3a /home/ajzxier/msp430/lib/gcc/msp430/4.7.0/mmpy-16/libgcc.a(_divmod16.o)
                0x000000000000e0fa                __ext_divmod16
                0x000000000000e0fa                __divhi3
                0x000000000000e12c                __modhi3
 .text.libgcc   0x000000000000e134       0x40 /home/ajzxier/msp430/lib/gcc/msp430/4.7.0/mmpy-16/libgcc.a(_udivmod32.o)
                0x000000000000e134                __udivsi3
                0x000000000000e134                __ext_udivmod32
                0x000000000000e16a                __umodsi3
 .text.libgcc   0x000000000000e174       0x4c /home/ajzxier/msp430/lib/gcc/msp430/4.7.0/mmpy-16/libgcc.a(_divmod32.o)
                0x000000000000e174                __ext_divmod32
                0x000000000000e174                __divsi3
                0x000000000000e1b6                __modsi3
 .text.libgcc   0x000000000000e1c0       0xf0 /home/ajzxier/msp430/lib/gcc/msp430/4.7.0/mmpy-16/libgcc.a(_udivmod64.o)
                0x000000000000e1c0                __xabi_udivmod64
                0x000000000000e21e                __udivdi3
                0x000000000000e244                __umoddi3
                0x000000000000e272                __udivmoddi4
 *(SORT(.near.text) SORT(.near.text.*))

.rodata         0x000000000000e2b0      0x4d7
                0x000000000000e2b0                . = ALIGN (0x2)
 *(SORT(.rodata) SORT(.rodata.*) SORT(.gnu.linkonce.r.*))
 .rodata.get_value
                0x000000000000e2b0       0x34 build/sky/obj/cc2420.o
 .rodata.set_value
                0x000000000000e2e4       0x10 build/sky/obj/cc2420.o
 .rodata        0x000000000000e2f4       0x10 build/sky/obj/button-sensor.o
                0x000000000000e2fc                button_sensor
 .rodata        0x000000000000e304       0x3e build/sky/obj/cc2420.o
                0x000000000000e304                cc2420_aes_128_driver
                0x000000000000e308                cc2420_driver
 .rodata        0x000000000000e342       0x14 build/sky/obj/csma.o
                0x000000000000e348                csma_driver
 .rodata        0x000000000000e356        0x6 build/sky/obj/framer-802154.o
                0x000000000000e356                framer_802154
 .rodata        0x000000000000e35c       0x5a build/sky/obj/item05.o
                0x000000000000e3a8                autostart_processes
 .rodata        0x000000000000e3b6        0x8 build/sky/obj/linkaddr.o
                0x000000000000e3b6                linkaddr_null
 .rodata        0x000000000000e3be       0xba build/sky/obj/log.o
 .rodata        0x000000000000e478       0xe0 build/sky/obj/rpl-dag.o
 .rodata        0x000000000000e558       0x34 build/sky/obj/rpl.o
                0x000000000000e562                rpl_lite_driver
 .rodata        0x000000000000e58c       0x26 build/sky/obj/sicslowpan.o
                0x000000000000e598                sicslowpan_driver
                0x000000000000e5a0                llprefix
                0x000000000000e5a2                unc_mxconf
                0x000000000000e5a6                unc_ctxconf
                0x000000000000e5aa                unc_llconf
 .rodata        0x000000000000e5b2       0xf4 build/sky/obj/contiki-main.o
 .rodata        0x000000000000e6a6        0xf build/sky/obj/ctimer.o
 .rodata        0x000000000000e6b5        0xc build/sky/obj/etimer.o
 .rodata        0x000000000000e6c1        0x2 build/sky/obj/frame802154.o
 .rodata        0x000000000000e6c3       0x31 build/sky/obj/platform.o
 .rodata        0x000000000000e6f4        0xc build/sky/obj/rpl-timers.o
 .rodata        0x000000000000e700        0x8 build/sky/obj/sensors.o
 .rodata        0x000000000000e708       0x3e build/sky/obj/stack-check.o
 .rodata        0x000000000000e746        0xd build/sky/obj/tcpip.o
 .rodata        0x000000000000e753       0x2d build/sky/obj/uiplib.o
 .rodata.vuprintf
                0x000000000000e780        0x7 /home/ajzxier/msp430/lib/gcc/msp430/4.7.0/../../../../msp430/lib/mmpy-16/libc.a(vuprintf.o)
 *(SORT(.near.rodata) SORT(.near.rodata.*))
                0x000000000000e788                . = ALIGN (0x2)
                0x000000000000e788                _etext = .

.data           0x0000000000001100      0x156 load address 0x000000000000e788
                0x0000000000001100                . = ALIGN (0x2)
                0x0000000000001100                __data_start = .
 *(SORT(.data) SORT(.data.*) SORT(.gnu.linkonce.d.*))
 .data          0x0000000000001100        0xc build/sky/obj/cc2420.o
                0x0000000000001100                cc2420_process
 .data          0x000000000000110c       0x18 build/sky/obj/csma-output.o
 .data          0x0000000000001124        0xa build/sky/obj/ctimer.o
                0x0000000000001124                ctimer_process
 .data          0x000000000000112e        0xa build/sky/obj/etimer.o
                0x000000000000112e                etimer_process
 .data          0x0000000000001138        0x2 build/sky/obj/frame802154.o
 .data          0x000000000000113a       0x20 build/sky/obj/item05.o
                0x000000000000113a                C_PROCESS
                0x0000000000001144                B_PROCESS
                0x000000000000114e                A_PROCESS
 .data          0x000000000000115a        0x8 build/sky/obj/link-stats.o
 .data          0x0000000000001162       0x56 build/sky/obj/log.o
                0x0000000000001162                all_modules
                0x00000000000011b6                curr_log_level_main
 .data          0x00000000000011b8        0x2 build/sky/obj/msp430.o
 .data          0x00000000000011ba        0x8 build/sky/obj/nbr-table.o
 .data          0x00000000000011c2        0x4 build/sky/obj/platform.o
                0x00000000000011c2                sensors
 .data          0x00000000000011c6       0x10 build/sky/obj/queuebuf.o
 .data          0x00000000000011d6       0x18 build/sky/obj/rpl-icmp6.o
 .data          0x00000000000011ee       0x12 build/sky/obj/rpl-mrhof.o
                0x00000000000011ee                rpl_mrhof
 .data          0x0000000000001200        0xa build/sky/obj/rpl-neighbor.o
                0x0000000000001200                rpl_neighbors
 .data          0x000000000000120a        0xa build/sky/obj/sensors.o
                0x000000000000120a                sensors_process
 .data          0x0000000000001214        0xa build/sky/obj/stack-check.o
                0x0000000000001214                stack_check_process
 .data          0x000000000000121e        0xa build/sky/obj/tcpip.o
                0x000000000000121e                tcpip_process
 .data          0x0000000000001228        0x8 build/sky/obj/uip-ds6-nbr.o
 .data          0x0000000000001230        0x8 build/sky/obj/uip-ds6-route.o
 .data          0x0000000000001238        0xc build/sky/obj/uip-icmp6.o
 .data          0x0000000000001244        0x6 build/sky/obj/uip-nd6.o
 .data          0x000000000000124a        0x8 build/sky/obj/uip-sr.o
 .data.next     0x0000000000001252        0x4 /home/ajzxier/msp430/lib/gcc/msp430/4.7.0/../../../../msp430/lib/mmpy-16/libc.a(rand.o)
 *(SORT(.near.data) SORT(.near.data.*))
                0x0000000000001256                . = ALIGN (0x2)
                0x0000000000001256                _edata = .
                0x000000000000e788                __data_load_start = LOADADDR (.data)
                0x0000000000000156                __data_size = SIZEOF (.data)

.bss            0x0000000000001256     0x1a44 load address 0x000000000000e8de
                0x0000000000001256                __bss_start = .
 *(SORT(.bss) SORT(.bss.*))
 .bss           0x0000000000001256        0x8 build/sky/obj/button-sensor.o
 .bss           0x000000000000125e       0x10 build/sky/obj/cc2420.o
 .bss           0x000000000000126e        0xa build/sky/obj/clock.o
 .bss           0x0000000000001278       0xbc build/sky/obj/csma-output.o
 .bss           0x0000000000001334        0x4 build/sky/obj/ctimer.o
 .bss           0x0000000000001338        0x6 build/sky/obj/etimer.o
 .bss           0x000000000000133e       0x1a build/sky/obj/item05.o
 .bss           0x0000000000001358       0xa0 build/sky/obj/link-stats.o
 .bss           0x00000000000013f8       0x18 build/sky/obj/log.o
                0x00000000000013f8                curr_log_level_sys
                0x00000000000013fa                curr_log_level_lwm2m
                0x00000000000013fc                curr_log_level_snmp
                0x00000000000013fe                curr_log_level_coap
                0x0000000000001400                curr_log_level_6top
                0x0000000000001402                curr_log_level_framer
                0x0000000000001404                curr_log_level_mac
                0x0000000000001406                curr_log_level_nullnet
                0x0000000000001408                curr_log_level_6lowpan
                0x000000000000140a                curr_log_level_ipv6
                0x000000000000140c                curr_log_level_tcpip
                0x000000000000140e                curr_log_level_rpl
 .bss           0x0000000000001410       0xe2 build/sky/obj/mac-sequence.o
 .bss           0x00000000000014f2       0xe4 build/sky/obj/nbr-table.o
 .bss           0x00000000000015d6        0x2 build/sky/obj/netstack.o
 .bss           0x00000000000015d8        0x2 build/sky/obj/node-id.o
                0x00000000000015d8                node_id
 .bss           0x00000000000015da       0x86 build/sky/obj/packetbuf.o
 .bss           0x0000000000001660        0x8 build/sky/obj/platform.o
 .bss           0x0000000000001668       0xc4 build/sky/obj/process.o
 .bss           0x000000000000172c      0x570 build/sky/obj/queuebuf.o
 .bss           0x0000000000001c9c       0x12 build/sky/obj/rpl-dag-root.o
 .bss           0x0000000000001cae       0x80 build/sky/obj/rpl-neighbor.o
 .bss           0x0000000000001d2e       0x28 build/sky/obj/rpl-timers.o
 .bss           0x0000000000001d56        0x2 build/sky/obj/rtimer.o
 .bss           0x0000000000001d58        0x6 build/sky/obj/sensors.o
 .bss           0x0000000000001d5e      0x6cc build/sky/obj/sicslowpan.o
 .bss           0x000000000000242a        0xe build/sky/obj/stack-check.o
 .bss           0x0000000000002438        0xc build/sky/obj/tcpip.o
 .bss           0x0000000000002444       0x9a build/sky/obj/uart1.o