Archive member included because of file (symbol)

/home/zayne/msp430/lib/gcc/msp430/4.7.0/mmpy-16/libgcc.a(_mulsi3.o)
                              build/sky/obj/cfs-coffee.o (__mulsi3)
/home/zayne/msp430/lib/gcc/msp430/4.7.0/mmpy-16/libgcc.a(_udivmod16.o)
                              build/sky/obj/cfs-coffee.o (__udivhi3)
/home/zayne/msp430/lib/gcc/msp430/4.7.0/mmpy-16/libgcc.a(_divmod16.o)
                              build/sky/obj/link-stats.o (__divhi3)
/home/zayne/msp430/lib/gcc/msp430/4.7.0/mmpy-16/libgcc.a(_udivmod32.o)
                              build/sky/obj/ifft.o (__udivsi3)
/home/zayne/msp430/lib/gcc/msp430/4.7.0/mmpy-16/libgcc.a(_divmod32.o)
                              build/sky/obj/cfs-coffee.o (__divsi3)
/home/zayne/msp430/lib/gcc/msp430/4.7.0/../../../../msp430/lib/mmpy-16/libc.a(printf.o)
                              build/sky/obj/assert.o (printf)
/home/zayne/msp430/lib/gcc/msp430/4.7.0/../../../../msp430/lib/mmpy-16/libc.a(sprintf.o)
                              build/sky/obj/log.o (snprintf)
/home/zayne/msp430/lib/gcc/msp430/4.7.0/../../../../msp430/lib/mmpy-16/libc.a(vuprintf.o)
                              /home/zayne/msp430/lib/gcc/msp430/4.7.0/../../../../msp430/lib/mmpy-16/libc.a(printf.o) (vuprintf)
/home/zayne/msp430/lib/gcc/msp430/4.7.0/../../../../msp430/lib/mmpy-16/libc.a(puts.o)
                              build/sky/obj/assert.o (puts)
/home/zayne/msp430/lib/gcc/msp430/4.7.0/../../../../msp430/lib/mmpy-16/libc.a(rand.o)
                              build/sky/obj/random.o (rand)
/home/zayne/msp430/lib/gcc/msp430/4.7.0/../../../../msp430/lib/mmpy-16/libc.a(strcmp.o)
                              build/sky/obj/cfs-coffee.o (strcmp)
/home/zayne/msp430/lib/gcc/msp430/4.7.0/../../../../msp430/lib/mmpy-16/libc.a(strncmp.o)
                              build/sky/obj/sensors.o (strncmp)
/home/zayne/msp430/lib/gcc/msp430/4.7.0/../../../../msp430/lib/mmpy-16/libc.a(memcmp.o)
                              build/sky/obj/ip64-addr.o (memcmp)
/home/zayne/msp430/lib/gcc/msp430/4.7.0/../../../../msp430/lib/mmpy-16/libc.a(strncpy.o)
                              build/sky/obj/cfs-coffee.o (strncpy)
/home/zayne/msp430/lib/gcc/msp430/4.7.0/../../../../msp430/lib/mmpy-16/libc.a(memcpy.o)
                              build/sky/obj/aes-128.o (memcpy)
/home/zayne/msp430/lib/gcc/msp430/4.7.0/../../../../msp430/lib/mmpy-16/libc.a(memmove.o)
                              build/sky/obj/rpl-ext-header.o (memmove)
/home/zayne/msp430/lib/gcc/msp430/4.7.0/../../../../msp430/lib/mmpy-16/libc.a(memset.o)
                              build/sky/obj/cfs-coffee.o (memset)
/home/zayne/msp430/lib/gcc/msp430/4.7.0/mmpy-16/libgcc.a(_udivmod64.o)
                              /home/zayne/msp430/lib/gcc/msp430/4.7.0/../../../../msp430/lib/mmpy-16/libc.a(vuprintf.o) (__udivdi3)
/home/zayne/msp430/lib/gcc/msp430/4.7.0/mmpy-16/libcrt0.a(_reset_vector__.o)
                              (_reset_vector__)
/home/zayne/msp430/lib/gcc/msp430/4.7.0/mmpy-16/libcrt0.a(__watchdog_support.o)
                              /home/zayne/msp430/lib/gcc/msp430/4.7.0/mmpy-16/libcrt0.a(_reset_vector__.o) (__watchdog_support)
/home/zayne/msp430/lib/gcc/msp430/4.7.0/mmpy-16/libcrt0.a(__init_stack.o)
                              /home/zayne/msp430/lib/gcc/msp430/4.7.0/mmpy-16/libcrt0.a(_reset_vector__.o) (__init_stack)
/home/zayne/msp430/lib/gcc/msp430/4.7.0/mmpy-16/libcrt0.a(__low_level_init.o)
                              /home/zayne/msp430/lib/gcc/msp430/4.7.0/mmpy-16/libcrt0.a(_reset_vector__.o) (__low_level_init)
/home/zayne/msp430/lib/gcc/msp430/4.7.0/mmpy-16/libcrt0.a(_copy_data.o)
                              /home/zayne/msp430/lib/gcc/msp430/4.7.0/mmpy-16/libcrt0.a(_reset_vector__.o) (__do_copy_data)
/home/zayne/msp430/lib/gcc/msp430/4.7.0/mmpy-16/libcrt0.a(_clear_bss.o)
                              /home/zayne/msp430/lib/gcc/msp430/4.7.0/mmpy-16/libcrt0.a(_reset_vector__.o) (__do_clear_bss)
/home/zayne/msp430/lib/gcc/msp430/4.7.0/mmpy-16/libcrt0.a(__stop_progExec__.o)
                              /home/zayne/msp430/lib/gcc/msp430/4.7.0/mmpy-16/libcrt0.a(_reset_vector__.o) (__stop_progExec__)
/home/zayne/msp430/lib/gcc/msp430/4.7.0/mmpy-16/libcrt0.a(_endless_loop__.o)
                              /home/zayne/msp430/lib/gcc/msp430/4.7.0/mmpy-16/libcrt0.a(_reset_vector__.o) (_endless_loop__)
/home/zayne/msp430/lib/gcc/msp430/4.7.0/mmpy-16/libcrt0.a(_unexpected_.o)
                              /home/zayne/msp430/lib/gcc/msp430/4.7.0/mmpy-16/crt0ivtbl16.o (_unexpected_)

Allocating common symbols
Common symbol       size              file

compower_idle_activity
                    0x10              build/sky/obj/compower.o
uip_ds6_timer_ra    0x8               build/sky/obj/uip-ds6.o
cc2420_last_rssi    0x1               build/sky/obj/cc2420.o
uip_ds6_if          0x108             build/sky/obj/uip-ds6.o
uip_ds6_netif_addr_list_offset
                    0x1               build/sky/obj/uip-ds6.o
[...]
Memory Configuration

Name             Origin             Length             Attributes
sfr              0x0000000000000000 0x0000000000000010
peripheral_8bit  0x0000000000000010 0x00000000000000f0
peripheral_16bit 0x0000000000000100 0x0000000000000100
ram_mirror       0x0000000000000200 0x0000000000000800 xw
infomem          0x0000000000001000 0x0000000000000100
infob            0x0000000000001000 0x0000000000000080
infoa            0x0000000000001080 0x0000000000000080
ram              0x0000000000001100 0x0000000000002800 xw
rom              0x0000000000004000 0x000000000000bfe0 xr
vectors          0x000000000000ffe0 0x0000000000000020
bsl              0x0000000000000000 0x0000000000000000
infoc            0x0000000000000000 0x0000000000000000
infod            0x0000000000000000 0x0000000000000000
ram2             0x0000000000000000 0x0000000000000000 xw
signature        0x0000000000000000 0x0000000000000000
usbram           0x0000000000000000 0x0000000000000000 xw
far_rom          0x0000000000000000 0x0000000000000000
*default*        0x0000000000000000 0xffffffffffffffff

Linker script and memory map

LOAD /home/zayne/msp430/lib/gcc/msp430/4.7.0/mmpy-16/crt0ivtbl16.o
                0x0000000000002d92                _stack = _end
LOAD build/sky/obj/aes-128.o
LOAD build/sky/obj/anti-replay.o
LOAD build/sky/obj/assert.o
LOAD build/sky/obj/atomic.o
LOAD build/sky/obj/autostart.o
LOAD build/sky/obj/battery-sensor.o
LOAD build/sky/obj/button-hal.o
LOAD build/sky/obj/button-sensor.o
LOAD build/sky/obj/cc2420-arch-sfd.o
LOAD build/sky/obj/cc2420-arch.o
LOAD build/sky/obj/cc2420-tsch-15ms.o
LOAD build/sky/obj/cc2420.o
LOAD build/sky/obj/ccm-star-packetbuf.o
LOAD build/sky/obj/ccm-star.o
LOAD build/sky/obj/cfs-coffee.o
LOAD build/sky/obj/circular-list.o
LOAD build/sky/obj/clock.o
LOAD build/sky/obj/compower.o
LOAD build/sky/obj/contiki-main.o
LOAD build/sky/obj/crc16.o
LOAD build/sky/obj/csma-output.o
LOAD build/sky/obj/csma-security.o
LOAD build/sky/obj/csma.o
LOAD build/sky/obj/csprng.o
LOAD build/sky/obj/ctimer.o
LOAD build/sky/obj/dbl-circ-list.o
LOAD build/sky/obj/dbl-list.o
LOAD build/sky/obj/ds2411.o
LOAD build/sky/obj/energest.o
LOAD build/sky/obj/etimer.o
LOAD build/sky/obj/flash.o
LOAD build/sky/obj/frame802154.o
LOAD build/sky/obj/frame802154e-ie.o
LOAD build/sky/obj/framer-802154.o
LOAD build/sky/obj/gpio-hal.o
LOAD build/sky/obj/heapmem.o
LOAD build/sky/obj/hexconv.o
LOAD build/sky/obj/ifft.o
LOAD build/sky/obj/int-master.o
LOAD build/sky/obj/ip64-addr.o
LOAD build/sky/obj/iq-seeder.o
LOAD build/sky/obj/leds-arch.o
LOAD build/sky/obj/leds.o
LOAD build/sky/obj/light-sensor.o
LOAD build/sky/obj/link-stats.o
LOAD build/sky/obj/linkaddr.o
LOAD build/sky/obj/list.o
LOAD build/sky/obj/log.o
LOAD build/sky/obj/lpm.o
LOAD build/sky/obj/mac-sequence.o
LOAD build/sky/obj/memb.o
LOAD build/sky/obj/msp430.o
LOAD build/sky/obj/mutex.o
LOAD build/sky/obj/nbr-table.o
LOAD build/sky/obj/net-debug.o
LOAD build/sky/obj/netstack.o
LOAD build/sky/obj/node-id.o
LOAD build/sky/obj/nullframer.o
LOAD build/sky/obj/nullradio.o
LOAD build/sky/obj/packetbuf.o
LOAD build/sky/obj/platform.o
LOAD build/sky/obj/process.o
LOAD build/sky/obj/psock.o
LOAD build/sky/obj/queuebuf.o
LOAD build/sky/obj/random.o
LOAD build/sky/obj/ringbuf.o
LOAD build/sky/obj/ringbufindex.o
LOAD build/sky/obj/rpl-dag-root.o
LOAD build/sky/obj/rpl-dag.o
LOAD build/sky/obj/rpl-ext-header.o
LOAD build/sky/obj/rpl-icmp6.o
LOAD build/sky/obj/rpl-mrhof.o
LOAD build/sky/obj/rpl-nbr-policy.o
LOAD build/sky/obj/rpl-neighbor.o
LOAD build/sky/obj/rpl-of0.o
LOAD build/sky/obj/rpl-timers.o
LOAD build/sky/obj/rpl.o
LOAD build/sky/obj/rtimer-arch.o
LOAD build/sky/obj/rtimer.o
LOAD build/sky/obj/sensors.o
LOAD build/sky/obj/serial-line.o
LOAD build/sky/obj/sha-256.o
LOAD build/sky/obj/sht11-sensor.o
LOAD build/sky/obj/sht11.o
LOAD build/sky/obj/sicslowpan.o
LOAD build/sky/obj/simple-udp.o
LOAD build/sky/obj/sky-sensors.o
LOAD build/sky/obj/slip.o
LOAD build/sky/obj/slip_uart1.o
LOAD build/sky/obj/source.o
LOAD build/sky/obj/spi-legacy.o
LOAD build/sky/obj/spi.o
LOAD build/sky/obj/stack-check.o
LOAD build/sky/obj/stimer.o
LOAD build/sky/obj/tcp-socket.o
LOAD build/sky/obj/tcpip.o
LOAD build/sky/obj/timer.o
LOAD build/sky/obj/trickle-timer.o
LOAD build/sky/obj/uart-putchar.o
LOAD build/sky/obj/uart1.o
LOAD build/sky/obj/udp-socket.o
LOAD build/sky/obj/uip-ds6-nbr.o
LOAD build/sky/obj/uip-ds6-route.o
LOAD build/sky/obj/uip-ds6.o
LOAD build/sky/obj/uip-icmp6.o
LOAD build/sky/obj/uip-ipchksum.o
LOAD build/sky/obj/uip-nameserver.o
LOAD build/sky/obj/uip-nd6.o
LOAD build/sky/obj/uip-packetqueue.o
LOAD build/sky/obj/uip-sr.o
LOAD build/sky/obj/uip-udp-packet.o
LOAD build/sky/obj/uip6.o
LOAD build/sky/obj/uipbuf.o
LOAD build/sky/obj/uiplib.o
LOAD build/sky/obj/watchdog.o
LOAD build/sky/obj/xmem.o
LOAD /home/zayne/msp430/lib/gcc/msp430/4.7.0/mmpy-16/libgcc.a
LOAD /home/zayne/msp430/lib/gcc/msp430/4.7.0/../../../../msp430/lib/mmpy-16/libc.a
LOAD /home/zayne/msp430/lib/gcc/msp430/4.7.0/mmpy-16/libgcc.a
LOAD /home/zayne/msp430/lib/gcc/msp430/4.7.0/mmpy-16/libcrt0.a
                0x0000000000000080                PROVIDE (__info_segment_size, 0x80)
                0x0000000000001000                PROVIDE (__infob, 0x1000)
                0x0000000000001080                PROVIDE (__infoa, 0x1080)
                0x0000000000000000                __IE1 = 0x0
                0x0000000000000002                __IFG1 = 0x2
                0x0000000000000004                __ME1 = 0x4
                0x0000000000000001                __IE2 = 0x1
                0x0000000000000003                __IFG2 = 0x3
                0x0000000000000005                __ME2 = 0x5
                0x0000000000000120                __WDTCTL = 0x120
                0x0000000000000130                __MPY = 0x130
                0x0000000000000132                __MPYS = 0x132
                0x0000000000000134                __MAC = 0x134
                0x0000000000000136                __MACS = 0x136
                0x0000000000000138                __OP2 = 0x138
                0x000000000000013a                __RESLO = 0x13a
                0x000000000000013c                __RESHI = 0x13c
                0x000000000000013e                __SUMEXT = 0x13e
                0x0000000000000020                __P1IN = 0x20
                0x0000000000000021                __P1OUT = 0x21
                0x0000000000000022                __P1DIR = 0x22
                0x0000000000000023                __P1IFG = 0x23
                0x0000000000000024                __P1IES = 0x24
                0x0000000000000025                __P1IE = 0x25
                0x0000000000000026                __P1SEL = 0x26
                0x0000000000000028                __P2IN = 0x28
                0x0000000000000029                __P2OUT = 0x29
                0x000000000000002a                __P2DIR = 0x2a
                0x000000000000002b                __P2IFG = 0x2b
                0x000000000000002c                __P2IES = 0x2c
                0x000000000000002d                __P2IE = 0x2d
                0x000000000000002e                __P2SEL = 0x2e
                0x0000000000000018                __P3IN = 0x18
                0x0000000000000019                __P3OUT = 0x19
                0x000000000000001a                __P3DIR = 0x1a
                0x000000000000001b                __P3SEL = 0x1b
                0x000000000000001c                __P4IN = 0x1c
                0x000000000000001d                __P4OUT = 0x1d
                0x000000000000001e                __P4DIR = 0x1e
                0x000000000000001f                __P4SEL = 0x1f
                0x0000000000000030                __P5IN = 0x30
                0x0000000000000031                __P5OUT = 0x31
                0x0000000000000032                __P5DIR = 0x32
                0x0000000000000033                __P5SEL = 0x33
                0x0000000000000034                __P6IN = 0x34
                0x0000000000000035                __P6OUT = 0x35
                0x0000000000000036                __P6DIR = 0x36
                0x0000000000000037                __P6SEL = 0x37
                0x0000000000000070                __U0CTL = 0x70
                0x0000000000000071                __U0TCTL = 0x71
                0x0000000000000072                __U0RCTL = 0x72
                0x0000000000000073                __U0MCTL = 0x73
                0x0000000000000074                __U0BR0 = 0x74
                0x0000000000000075                __U0BR1 = 0x75
                0x0000000000000076                __U0RXBUF = 0x76
                0x0000000000000077                __U0TXBUF = 0x77
                0x0000000000000078                __U1CTL = 0x78
                0x0000000000000079                __U1TCTL = 0x79
                0x000000000000007a                __U1RCTL = 0x7a
                0x000000000000007b                __U1MCTL = 0x7b
                0x000000000000007c                __U1BR0 = 0x7c
                0x000000000000007d                __U1BR1 = 0x7d
                0x000000000000007e                __U1RXBUF = 0x7e
                0x000000000000007f                __U1TXBUF = 0x7f
                0x0000000000000050                __I2CIE = 0x50
                0x0000000000000051                __I2CIFG = 0x51
                0x0000000000000052                __I2CNDAT = 0x52
                0x0000000000000071                __I2CTCTL = 0x71
                0x0000000000000072                __I2CDCTL = 0x72
                0x0000000000000073                __I2CPSC = 0x73
                0x0000000000000074                __I2CSCLH = 0x74
                0x0000000000000075                __I2CSCLL = 0x75
                0x0000000000000076                __I2CDRB = 0x76
                0x0000000000000076                __I2CDRW = 0x76
                0x0000000000000118                __I2COA = 0x118
                0x000000000000011a                __I2CSA = 0x11a
                0x000000000000011c                __I2CIV = 0x11c
                0x000000000000012e                __TAIV = 0x12e
                0x0000000000000160                __TACTL = 0x160
                0x0000000000000162                __TACCTL0 = 0x162
                0x0000000000000164                __TACCTL1 = 0x164
                0x0000000000000166                __TACCTL2 = 0x166
                0x0000000000000170                __TAR = 0x170
                0x0000000000000172                __TACCR0 = 0x172
                0x0000000000000174                __TACCR1 = 0x174
                0x0000000000000176                __TACCR2 = 0x176
                0x000000000000011e                __TBIV = 0x11e
                0x0000000000000180                __TBCTL = 0x180
                0x0000000000000182                __TBCCTL0 = 0x182
                0x0000000000000184                __TBCCTL1 = 0x184
                0x0000000000000186                __TBCCTL2 = 0x186
                0x0000000000000188                __TBCCTL3 = 0x188
                0x000000000000018a                __TBCCTL4 = 0x18a
                0x000000000000018c                __TBCCTL5 = 0x18c
                0x000000000000018e                __TBCCTL6 = 0x18e
                0x0000000000000190                __TBR = 0x190
                0x0000000000000192                __TBCCR0 = 0x192
                0x0000000000000194                __TBCCR1 = 0x194
                0x0000000000000196                __TBCCR2 = 0x196
                0x0000000000000198                __TBCCR3 = 0x198
                0x000000000000019a                __TBCCR4 = 0x19a
                0x000000000000019c                __TBCCR5 = 0x19c
                0x000000000000019e                __TBCCR6 = 0x19e
                0x0000000000000056                __DCOCTL = 0x56
                0x0000000000000057                __BCSCTL1 = 0x57
                0x0000000000000058                __BCSCTL2 = 0x58
                0x0000000000000055                __SVSCTL = 0x55
                0x0000000000000128                __FCTL1 = 0x128
                0x000000000000012a                __FCTL2 = 0x12a
                0x000000000000012c                __FCTL3 = 0x12c
                0x0000000000000059                __CACTL1 = 0x59
                0x000000000000005a                __CACTL2 = 0x5a
                0x000000000000005b                __CAPD = 0x5b
                0x00000000000001a0                __ADC12CTL0 = 0x1a0
                0x00000000000001a2                __ADC12CTL1 = 0x1a2
                0x00000000000001a4                __ADC12IFG = 0x1a4
                0x00000000000001a6                __ADC12IE = 0x1a6
                0x00000000000001a8                __ADC12IV = 0x1a8
                0x0000000000000140                __ADC12MEM0 = 0x140
                0x0000000000000142                __ADC12MEM1 = 0x142
                0x0000000000000144                __ADC12MEM2 = 0x144
                0x0000000000000146                __ADC12MEM3 = 0x146
                0x0000000000000148                __ADC12MEM4 = 0x148
                0x000000000000014a                __ADC12MEM5 = 0x14a
                0x000000000000014c                __ADC12MEM6 = 0x14c
                0x000000000000014e                __ADC12MEM7 = 0x14e
                0x0000000000000150                __ADC12MEM8 = 0x150
                0x0000000000000152                __ADC12MEM9 = 0x152
                0x0000000000000154                __ADC12MEM10 = 0x154
                0x0000000000000156                __ADC12MEM11 = 0x156
                0x0000000000000158                __ADC12MEM12 = 0x158
                0x000000000000015a                __ADC12MEM13 = 0x15a
                0x000000000000015c                __ADC12MEM14 = 0x15c
                0x000000000000015e                __ADC12MEM15 = 0x15e
                0x0000000000000080                __ADC12MCTL0 = 0x80
                0x0000000000000081                __ADC12MCTL1 = 0x81
                0x0000000000000082                __ADC12MCTL2 = 0x82
                0x0000000000000083                __ADC12MCTL3 = 0x83
                0x0000000000000084                __ADC12MCTL4 = 0x84
                0x0000000000000085                __ADC12MCTL5 = 0x85
                0x0000000000000086                __ADC12MCTL6 = 0x86
                0x0000000000000087                __ADC12MCTL7 = 0x87
                0x0000000000000088                __ADC12MCTL8 = 0x88
                0x0000000000000089                __ADC12MCTL9 = 0x89
                0x000000000000008a                __ADC12MCTL10 = 0x8a
                0x000000000000008b                __ADC12MCTL11 = 0x8b
                0x000000000000008c                __ADC12MCTL12 = 0x8c
                0x000000000000008d                __ADC12MCTL13 = 0x8d
                0x000000000000008e                __ADC12MCTL14 = 0x8e
                0x000000000000008f                __ADC12MCTL15 = 0x8f
                0x00000000000001c0                __DAC12_0CTL = 0x1c0
                0x00000000000001c2                __DAC12_1CTL = 0x1c2
                0x00000000000001c8                __DAC12_0DAT = 0x1c8
                0x00000000000001ca                __DAC12_1DAT = 0x1ca
                0x0000000000000122                __DMACTL0 = 0x122
                0x0000000000000124                __DMACTL1 = 0x124
                0x00000000000001e0                __DMA0CTL = 0x1e0
                0x00000000000001e8                __DMA1CTL = 0x1e8
                0x00000000000001f0                __DMA2CTL = 0x1f0
                0x00000000000001e2                __DMA0SA = 0x1e2
                0x00000000000001e4                __DMA0DA = 0x1e4
                0x00000000000001e6                __DMA0SZ = 0x1e6
                0x00000000000001ea                __DMA1SA = 0x1ea
                0x00000000000001ec                __DMA1DA = 0x1ec
                0x00000000000001ee                __DMA1SZ = 0x1ee
                0x00000000000001f2                __DMA2SA = 0x1f2
                0x00000000000001f4                __DMA2DA = 0x1f4
                0x00000000000001f6                __DMA2SZ = 0x1f6

.hash
 *(SORT(.hash))

.dynsym
 *(SORT(.dynsym))

.dynstr
 *(SORT(.dynstr))

.gnu.version
 *(SORT(.gnu.version))

.gnu.version_d
 *(SORT(.gnu.version_d))

.gnu.version_r
 *(SORT(.gnu.version_r))

.rel.init
 *(SORT(.rel.init))

.rela.init
 *(SORT(.rela.init))

.rel.fini
 *(SORT(.rel.fini))

.rela.fini
 *(SORT(.rela.fini))

.rel.text
 *(SORT(.rel.text) SORT(.rel.text.*) SORT(.rel.gnu.linkonce.t.*))

.rela.text
 *(SORT(.rela.text) SORT(.rela.text.*) SORT(.rela.gnu.linkonce.t.*))

.rel.rodata
 *(SORT(.rel.rodata) SORT(.rel.rodata.*) SORT(.rel.gnu.linkonce.r.*))

.rela.rodata
 *(SORT(.rela.rodata) SORT(.rela.rodata.*) SORT(.rela.gnu.linkonce.r.*))

.rel.data
 *(SORT(.rel.data) SORT(.rel.data.*) SORT(.rel.gnu.linkonce.d.*))

.rela.data
 *(SORT(.rela.data) SORT(.rela.data.*) SORT(.rela.gnu.linkonce.d.*))

.rel.bss
 *(SORT(.rel.bss) SORT(.rel.bss.*) SORT(.rel.gnu.linkonce.b.*))

.rela.bss
 *(SORT(.rela.bss) SORT(.rela.bss.*) SORT(.rela.gnu.linkonce.b.*))

.rel.ctors
 *(SORT(.rel.ctors))

.rela.ctors
 *(SORT(.rela.ctors))

.rel.dtors
 *(SORT(.rel.dtors))

.rela.dtors
 *(SORT(.rela.dtors))

.rel.got
 *(SORT(.rel.got))

.rela.got
 *(SORT(.rela.got))

.rel.plt
 *(SORT(.rel.plt))

.rela.plt
 *(SORT(.rela.plt))

.text           0x0000000000004000     0xa95e
                0x0000000000004000                . = ALIGN (0x2)
 *(SORT(.init) SORT(.init.*))
 *(SORT(.init0))
 .init0         0x0000000000004000        0x0 /home/zayne/msp430/lib/gcc/msp430/4.7.0/mmpy-16/libcrt0.a(_reset_vector__.o)
                0x0000000000004000                _reset_vector__
 *(SORT(.init1))
 .init1         0x0000000000004000        0xc /home/zayne/msp430/lib/gcc/msp430/4.7.0/mmpy-16/libcrt0.a(__watchdog_support.o)
                0x0000000000004000                __watchdog_support
 *(SORT(.init2))
 .init2         0x000000000000400c        0x4 /home/zayne/msp430/lib/gcc/msp430/4.7.0/mmpy-16/libcrt0.a(__init_stack.o)
                0x000000000000400c                __init_stack
 *(SORT(.init3))
 .init3         0x0000000000004010        0x0 /home/zayne/msp430/lib/gcc/msp430/4.7.0/mmpy-16/libcrt0.a(__low_level_init.o)
                0x0000000000004010                __low_level_init
 *(SORT(.init4))
 .init4         0x0000000000004010       0x18 /home/zayne/msp430/lib/gcc/msp430/4.7.0/mmpy-16/libcrt0.a(_copy_data.o)
                0x0000000000004010                __do_copy_data
 .init4         0x0000000000004028       0x16 /home/zayne/msp430/lib/gcc/msp430/4.7.0/mmpy-16/libcrt0.a(_clear_bss.o)
                0x0000000000004028                __do_clear_bss
 *(SORT(.init5))
 *(SORT(.init6))
 *(SORT(.init7))
 *(SORT(.init8))
 *(SORT(.init9))
 .init9         0x000000000000403e      0x238 build/sky/obj/contiki-main.o
                0x000000000000403e                main
 *(SORT(.fini9))
 .fini9         0x0000000000004276        0x0 /home/zayne/msp430/lib/gcc/msp430/4.7.0/mmpy-16/libcrt0.a(__stop_progExec__.o)
                0x0000000000004276                __stop_progExec__
 *(SORT(.fini8))
 *(SORT(.fini7))
 *(SORT(.fini6))
 *(SORT(.fini5))
 *(SORT(.fini4))
 *(SORT(.fini3))
 *(SORT(.fini2))
 *(SORT(.fini1))
 *(SORT(.fini0))
 .fini0         0x0000000000004276        0x6 /home/zayne/msp430/lib/gcc/msp430/4.7.0/mmpy-16/libcrt0.a(_endless_loop__.o)
                0x0000000000004276                _endless_loop__
 *(SORT(.fini) SORT(.fini.*))
                0x000000000000427c                . = ALIGN (0x2)
                0x000000000000427c                __ctors_start = .
 *(SORT(.ctors))
                0x000000000000427c                __ctors_end = .
                0x000000000000427c                __dtors_start = .
 *(SORT(.dtors))
                0x000000000000427c                __dtors_end = .
                0x000000000000427c                . = ALIGN (0x2)
 *(SORT(.text) SORT(.text.*) SORT(.gnu.linkonce.t.*))
 .text          0x000000000000427c        0x4 /home/zayne/msp430/lib/gcc/msp430/4.7.0/mmpy-16/crt0ivtbl16.o
                0x000000000000427c                __isr_14
                0x000000000000427c                __isr_11
                0x000000000000427c                __isr_2
                0x000000000000427c                __isr_7
                0x000000000000427c                __isr_0
                0x000000000000427c                __isr_8
                0x000000000000427c                __isr_3
                0x000000000000427c                __isr_13
                0x000000000000427c                __isr_9
 .text.autostart_start
                0x0000000000004280       0x16 build/sky/obj/autostart.o
                0x0000000000004280                autostart_start
 .text.status   0x0000000000004296       0x18 build/sky/obj/button-sensor.o
 .text.value    0x00000000000042ae       0x1a build/sky/obj/button-sensor.o
 .text.configure
                0x00000000000042c8       0x4c build/sky/obj/button-sensor.o
 .text.irq_p2   0x0000000000004314       0x46 build/sky/obj/button-sensor.o
                0x0000000000004314                irq_p2
                0x0000000000004314                __isr_1
 .text.cc2420_timerb1_interrupt
                0x000000000000435a       0x26 build/sky/obj/cc2420-arch-sfd.o
                0x000000000000435a                cc2420_timerb1_interrupt
                0x000000000000435a                __isr_12
 .text.cc2420_port1_interrupt
                0x0000000000004380       0x20 build/sky/obj/cc2420-arch.o
                0x0000000000004380                __isr_4
                0x0000000000004380                cc2420_port1_interrupt
 .text.cc2420_arch_init
                0x00000000000043a0       0x1a build/sky/obj/cc2420-arch.o
                0x00000000000043a0                cc2420_arch_init
 .text.get_object
                0x00000000000043ba        0x4 build/sky/obj/cc2420.o
 .text.set_object
                0x00000000000043be        0x4 build/sky/obj/cc2420.o
 .text.strobe   0x00000000000043c2       0x1c build/sky/obj/cc2420.o
 .text.getreg   0x00000000000043de       0x4c build/sky/obj/cc2420.o
 .text.setreg   0x000000000000442a       0x4c build/sky/obj/cc2420.o
 .text.write_ram
                0x0000000000004476       0x7c build/sky/obj/cc2420.o
 .text.write_fifo_buf
                0x00000000000044f2       0x3c build/sky/obj/cc2420.o
 .text.get_status
                0x000000000000452e       0x20 build/sky/obj/cc2420.o
 .text.on       0x000000000000454e       0x1a build/sky/obj/cc2420.o
 .text.cc2420_receiving_packet
                0x0000000000004568        0xc build/sky/obj/cc2420.o
 .text.pending_packet
                0x0000000000004574        0x8 build/sky/obj/cc2420.o
 .text.wait_for_transmission
                0x000000000000457c       0x22 build/sky/obj/cc2420.o
 .text.wait_for_status
                0x000000000000459e       0x28 build/sky/obj/cc2420.o
 .text.getrxdata
                0x00000000000045c6       0x50 build/sky/obj/cc2420.o
 .text.flushrx  0x0000000000004616       0x1a build/sky/obj/cc2420.o
 .text.off      0x0000000000004630       0x28 build/sky/obj/cc2420.o
 .text.RELEASE_LOCK
                0x0000000000004658       0x28 build/sky/obj/cc2420.o
 .text.set_key  0x0000000000004680       0x18 build/sky/obj/cc2420.o
 .text.set_frame_filtering
                0x0000000000004698       0x30 build/sky/obj/cc2420.o
 .text.set_auto_ack
                0x00000000000046c8       0x30 build/sky/obj/cc2420.o
 .text.set_poll_mode
                0x00000000000046f8       0x2c build/sky/obj/cc2420.o
 .text.cc2420_prepare
                0x0000000000004724       0x46 build/sky/obj/cc2420.o
 .text.cc2420_on
                0x000000000000476a       0x22 build/sky/obj/cc2420.o
                0x000000000000476a                cc2420_on
 .text.cc2420_transmit
                0x000000000000478c       0x66 build/sky/obj/cc2420.o
 .text.cc2420_send
                0x00000000000047f2       0x12 build/sky/obj/cc2420.o
 .text.cc2420_off
                0x0000000000004804       0x30 build/sky/obj/cc2420.o
                0x0000000000004804                cc2420_off
 .text.cc2420_cca
                0x0000000000004834       0x68 build/sky/obj/cc2420.o
 .text.cc2420_read
                0x000000000000489c       0xbe build/sky/obj/cc2420.o
 .text.process_thread_cc2420_process
                0x000000000000495a       0x56 build/sky/obj/cc2420.o
 .text.encrypt  0x00000000000049b0       0x88 build/sky/obj/cc2420.o
 .text.cc2420_set_channel
                0x0000000000004a38       0x3c build/sky/obj/cc2420.o
                0x0000000000004a38                cc2420_set_channel
 .text.cc2420_set_pan_addr
                0x0000000000004a74       0x4c build/sky/obj/cc2420.o
                0x0000000000004a74                cc2420_set_pan_addr
 .text.cc2420_interrupt
                0x0000000000004ac0       0x16 build/sky/obj/cc2420.o
                0x0000000000004ac0                cc2420_interrupt
 .text.cc2420_set_txpower
                0x0000000000004ad6       0x2c build/sky/obj/cc2420.o
                0x0000000000004ad6                cc2420_set_txpower
 .text.cc2420_get_txpower
                0x0000000000004b02       0x1e build/sky/obj/cc2420.o
                0x0000000000004b02                cc2420_get_txpower
 .text.cc2420_rssi
                0x0000000000004b20       0x4c build/sky/obj/cc2420.o
                0x0000000000004b20                cc2420_rssi
 .text.get_value
                0x0000000000004b6c      0x11e build/sky/obj/cc2420.o
 .text.cc2420_set_cca_threshold
                0x0000000000004c8a       0x16 build/sky/obj/cc2420.o
                0x0000000000004c8a                cc2420_set_cca_threshold
 .text.set_value
                0x0000000000004ca0      0x150 build/sky/obj/cc2420.o
 .text.cc2420_init
                0x0000000000004df0       0xea build/sky/obj/cc2420.o
                0x0000000000004df0                cc2420_init
 .text.timera1  0x0000000000004eda       0xd8 build/sky/obj/clock.o
                0x0000000000004eda                __isr_5
                0x0000000000004eda                timera1
 .text.clock_time
                0x0000000000004fb2       0x1a build/sky/obj/clock.o
                0x0000000000004fb2                clock_time
 .text.clock_init
                0x0000000000004fcc       0x28 build/sky/obj/clock.o
                0x0000000000004fcc                clock_init
 .text.clock_delay
                0x0000000000004ff4        0xc build/sky/obj/clock.o
                0x0000000000004ff4                clock_delay
 .text.clock_wait
                0x0000000000005000       0x30 build/sky/obj/clock.o
                0x0000000000005000                clock_wait
 .text.clock_seconds
                0x0000000000005030       0x1a build/sky/obj/clock.o
                0x0000000000005030                clock_seconds
 .text.schedule_transmission
                0x000000000000504a       0x74 build/sky/obj/csma-output.o
 .text.tx_done  0x00000000000050be       0x98 build/sky/obj/csma-output.o
 .text.transmit_from_queue
                0x0000000000005156      0x1bc build/sky/obj/csma-output.o
 .text.csma_output_packet
                0x0000000000005312      0x146 build/sky/obj/csma-output.o
                0x0000000000005312                csma_output_packet
 .text.csma_output_init
                0x0000000000005458       0x1a build/sky/obj/csma-output.o
                0x0000000000005458                csma_output_init
 .text.on       0x0000000000005472        0x6 build/sky/obj/csma.o
 .text.off      0x0000000000005478        0x6 build/sky/obj/csma.o
 .text.max_payload
                0x000000000000547e       0x38 build/sky/obj/csma.o
 .text.send_packet
                0x00000000000054b6        0x6 build/sky/obj/csma.o
 .text.input_packet
                0x00000000000054bc       0x58 build/sky/obj/csma.o
 .text.init     0x0000000000005514       0x20 build/sky/obj/csma.o
 .text.process_thread_ctimer_process
                0x0000000000005534       0x9a build/sky/obj/ctimer.o
 .text.ctimer_init
                0x00000000000055ce       0x10 build/sky/obj/ctimer.o
                0x00000000000055ce                ctimer_init
 .text.ctimer_set_with_process
                0x00000000000055de       0x4e build/sky/obj/ctimer.o
                0x00000000000055de                ctimer_set_with_process
 .text.ctimer_reset
                0x000000000000562c       0x30 build/sky/obj/ctimer.o
                0x000000000000562c                ctimer_reset
 .text.ctimer_stop
                0x000000000000565c       0x28 build/sky/obj/ctimer.o
                0x000000000000565c                ctimer_stop
 .text.ctimer_expired
                0x0000000000005684       0x20 build/sky/obj/ctimer.o
                0x0000000000005684                ctimer_expired
 .text.owreadb  0x00000000000056a4       0x50 build/sky/obj/ds2411.o
 .text.ds2411_init
                0x00000000000056f4      0x120 build/sky/obj/ds2411.o
                0x00000000000056f4                ds2411_init
 .text.update_time
                0x0000000000005814       0x78 build/sky/obj/etimer.o
 .text.etimer_request_poll
                0x000000000000588c        0xa build/sky/obj/etimer.o
                0x000000000000588c                etimer_request_poll
 .text.process_thread_etimer_process
                0x0000000000005896       0xcc build/sky/obj/etimer.o
 .text.add_timer
                0x0000000000005962       0x40 build/sky/obj/etimer.o
 .text.etimer_set
                0x00000000000059a2       0x12 build/sky/obj/etimer.o
                0x00000000000059a2                etimer_set
 .text.etimer_reset
                0x00000000000059b4       0x12 build/sky/obj/etimer.o
                0x00000000000059b4                etimer_reset
 .text.etimer_pending
                0x00000000000059c6        0xc build/sky/obj/etimer.o
                0x00000000000059c6                etimer_pending
 .text.etimer_next_expiration_time
                0x00000000000059d2       0x16 build/sky/obj/etimer.o
                0x00000000000059d2                etimer_next_expiration_time
 .text.etimer_stop
                0x00000000000059e8       0x3e build/sky/obj/etimer.o
                0x00000000000059e8                etimer_stop
 .text.frame802154_get_pan_id
                0x0000000000005a26        0x6 build/sky/obj/frame802154.o
                0x0000000000005a26                frame802154_get_pan_id
 .text.frame802154_has_panid
                0x0000000000005a2c       0xe0 build/sky/obj/frame802154.o
                0x0000000000005a2c                frame802154_has_panid
 .text.field_len
                0x0000000000005b0c       0xaa build/sky/obj/frame802154.o
 .text.frame802154_is_broadcast_addr
                0x0000000000005bb6       0x28 build/sky/obj/frame802154.o
                0x0000000000005bb6                frame802154_is_broadcast_addr
 .text.frame802154_hdrlen
                0x0000000000005bde       0x32 build/sky/obj/frame802154.o
                0x0000000000005bde                frame802154_hdrlen
 .text.frame802154_create_fcf
                0x0000000000005c10       0x96 build/sky/obj/frame802154.o
                0x0000000000005c10                frame802154_create_fcf
 .text.frame802154_create
                0x0000000000005ca6       0xd2 build/sky/obj/frame802154.o
                0x0000000000005ca6                frame802154_create
 .text.frame802154_parse_fcf
                0x0000000000005d78       0xbc build/sky/obj/frame802154.o
                0x0000000000005d78                frame802154_parse_fcf
 .text.frame802154_parse
                0x0000000000005e34      0x168 build/sky/obj/frame802154.o
                0x0000000000005e34                frame802154_parse
 .text.parse    0x0000000000005f9c       0xa2 build/sky/obj/framer-802154.o
 .text.framer_802154_setup_params
                0x000000000000603e       0xb6 build/sky/obj/framer-802154.o
                0x000000000000603e                framer_802154_setup_params
 .text.create_frame
                0x00000000000060f4       0xa2 build/sky/obj/framer-802154.o
 .text.create   0x0000000000006196        0x8 build/sky/obj/framer-802154.o
 .text.hdr_length
                0x000000000000619e        0x8 build/sky/obj/framer-802154.o
 .text.leds_arch_init
                0x00000000000061a6        0xe build/sky/obj/leds-arch.o
                0x00000000000061a6                leds_arch_init
 .text.leds_arch_get
                0x00000000000061b4       0x34 build/sky/obj/leds-arch.o
                0x00000000000061b4                leds_arch_get
 .text.leds_arch_set
                0x00000000000061e8       0x3e build/sky/obj/leds-arch.o
                0x00000000000061e8                leds_arch_set
 .text.leds_init
                0x0000000000006226        0x6 build/sky/obj/leds.o
                0x0000000000006226                leds_init
 .text.leds_on  0x000000000000622c       0x12 build/sky/obj/leds.o
                0x000000000000622c                leds_on
 .text.leds_off
                0x000000000000623e       0x12 build/sky/obj/leds.o
                0x000000000000623e                leds_off
 .text.periodic
                0x0000000000006250       0x28 build/sky/obj/link-stats.o
 .text.link_stats_from_lladdr
                0x0000000000006278        0xc build/sky/obj/link-stats.o
                0x0000000000006278                link_stats_from_lladdr
 .text.link_stats_is_fresh
                0x0000000000006284       0x30 build/sky/obj/link-stats.o
                0x0000000000006284                link_stats_is_fresh
 .text.link_stats_packet_sent
                0x00000000000062b4       0xf4 build/sky/obj/link-stats.o
                0x00000000000062b4                link_stats_packet_sent
 .text.link_stats_input_callback
                0x00000000000063a8      0x106 build/sky/obj/link-stats.o
                0x00000000000063a8                link_stats_input_callback
 .text.link_stats_reset
                0x00000000000064ae       0x2a build/sky/obj/link-stats.o
                0x00000000000064ae                link_stats_reset
 .text.link_stats_init
                0x00000000000064d8       0x26 build/sky/obj/link-stats.o
                0x00000000000064d8                link_stats_init
 .text.linkaddr_copy
                0x00000000000064fe        0x8 build/sky/obj/linkaddr.o
                0x00000000000064fe                linkaddr_copy
 .text.linkaddr_cmp
                0x0000000000006506       0x12 build/sky/obj/linkaddr.o
                0x0000000000006506                linkaddr_cmp
 .text.list_tail
                0x0000000000006518       0x12 build/sky/obj/list.o
                0x0000000000006518                list_tail
 .text.list_remove
                0x000000000000652a       0x34 build/sky/obj/list.o
                0x000000000000652a                list_remove
 .text.list_push
                0x000000000000655e       0x1a build/sky/obj/list.o
                0x000000000000655e                list_push
 .text.list_add
                0x0000000000006578       0x2a build/sky/obj/list.o
                0x0000000000006578                list_add
 .text.list_length
                0x00000000000065a2       0x10 build/sky/obj/list.o
                0x00000000000065a2                list_length
 .text.list_contains
                0x00000000000065b2       0x12 build/sky/obj/list.o
                0x00000000000065b2                list_contains
 .text.log_6addr
                0x00000000000065c4       0x32 build/sky/obj/log.o
                0x00000000000065c4                log_6addr
 .text.log_lladdr
                0x00000000000065f6       0x44 build/sky/obj/log.o
                0x00000000000065f6                log_lladdr
 .text.mac_sequence_init
                0x000000000000663a        0xa build/sky/obj/mac-sequence.o
                0x000000000000663a                mac_sequence_init
 .text.mac_sequence_set_dsn
                0x0000000000006644       0x18 build/sky/obj/mac-sequence.o
                0x0000000000006644                mac_sequence_set_dsn
 .text.mac_sequence_is_duplicate
                0x000000000000665c       0x84 build/sky/obj/mac-sequence.o
                0x000000000000665c                mac_sequence_is_duplicate
 .text.mac_sequence_register_seqno
                0x00000000000066e0       0x90 build/sky/obj/mac-sequence.o
                0x00000000000066e0                mac_sequence_register_seqno
 .text.memb_init
                0x0000000000006770       0x36 build/sky/obj/memb.o
                0x0000000000006770                memb_init
 .text.memb_alloc
                0x00000000000067a6       0x3e build/sky/obj/memb.o
                0x00000000000067a6                memb_alloc
 .text.memb_free
                0x00000000000067e4       0x32 build/sky/obj/memb.o
                0x00000000000067e4                memb_free
 .text.memb_inmemb
                0x0000000000006816       0x2a build/sky/obj/memb.o
                0x0000000000006816                memb_inmemb
 .text.memb_numfree
                0x0000000000006840       0x26 build/sky/obj/memb.o
                0x0000000000006840                memb_numfree
 .text.msp430_init_dco
                0x0000000000006866       0x82 build/sky/obj/msp430.o
                0x0000000000006866                msp430_init_dco
 .text.msp430_add_lpm_req
                0x00000000000068e8        0xc build/sky/obj/msp430.o
                0x00000000000068e8                msp430_add_lpm_req
 .text.msp430_cpu_init
                0x00000000000068f4       0x2a build/sky/obj/msp430.o
                0x00000000000068f4                msp430_cpu_init
 .text.splhigh_
                0x000000000000691e        0xa build/sky/obj/msp430.o
                0x000000000000691e                splhigh_
 .text.msp430_sync_dco
                0x0000000000006928       0x6c build/sky/obj/msp430.o
                0x0000000000006928                msp430_sync_dco
 .text.item_from_index
                0x0000000000006994       0x2a build/sky/obj/nbr-table.o
 .text.index_from_key
                0x00000000000069be       0x26 build/sky/obj/nbr-table.o
 .text.index_from_item
                0x00000000000069e4       0x1e build/sky/obj/nbr-table.o
 .text.nbr_set_bit
                0x0000000000006a02       0x54 build/sky/obj/nbr-table.o
 .text.index_from_lladdr
                0x0000000000006a56       0x38 build/sky/obj/nbr-table.o
 .text.nbr_get_bit.constprop.3
                0x0000000000006a8e       0x2a build/sky/obj/nbr-table.o
 .text.remove_key
                0x0000000000006ab8       0x84 build/sky/obj/nbr-table.o
 .text.nbr_table_is_registered
                0x0000000000006b3c       0x22 build/sky/obj/nbr-table.o
                0x0000000000006b3c                nbr_table_is_registered
 .text.nbr_table_register
                0x0000000000006b5e       0x40 build/sky/obj/nbr-table.o
                0x0000000000006b5e                nbr_table_register
 .text.nbr_table_next
                0x0000000000006b9e       0x5a build/sky/obj/nbr-table.o
                0x0000000000006b9e                nbr_table_next
 .text.nbr_table_head
                0x0000000000006bf8       0x36 build/sky/obj/nbr-table.o
                0x0000000000006bf8                nbr_table_head
 .text.nbr_table_get_from_lladdr
                0x0000000000006c2e       0x2c build/sky/obj/nbr-table.o
                0x0000000000006c2e                nbr_table_get_from_lladdr
 .text.entry_is_allowed.isra.2
                0x0000000000006c5a       0x74 build/sky/obj/nbr-table.o
 .text.nbr_table_add_lladdr
                0x0000000000006cce       0xc2 build/sky/obj/nbr-table.o
                0x0000000000006cce                nbr_table_add_lladdr
 .text.nbr_table_remove
                0x0000000000006d90       0x32 build/sky/obj/nbr-table.o
                0x0000000000006d90                nbr_table_remove
 .text.nbr_table_lock
                0x0000000000006dc2       0x10 build/sky/obj/nbr-table.o
                0x0000000000006dc2                nbr_table_lock
 .text.nbr_table_unlock
                0x0000000000006dd2       0x10 build/sky/obj/nbr-table.o
                0x0000000000006dd2                nbr_table_unlock
 .text.nbr_table_get_lladdr
                0x0000000000006de2       0x22 build/sky/obj/nbr-table.o
                0x0000000000006de2                nbr_table_get_lladdr
 .text.netstack_process_ip_callback
                0x0000000000006e04       0x48 build/sky/obj/netstack.o
                0x0000000000006e04                netstack_process_ip_callback
 .text.packetbuf_hdrreduce
                0x0000000000006e4c       0x1a build/sky/obj/packetbuf.o
                0x0000000000006e4c                packetbuf_hdrreduce
 .text.packetbuf_set_datalen
                0x0000000000006e66        0x6 build/sky/obj/packetbuf.o
                0x0000000000006e66                packetbuf_set_datalen
 .text.packetbuf_hdrptr
                0x0000000000006e6c        0x6 build/sky/obj/packetbuf.o
                0x0000000000006e6c                packetbuf_hdrptr
 .text.packetbuf_datalen
                0x0000000000006e72        0x6 build/sky/obj/packetbuf.o
                0x0000000000006e72                packetbuf_datalen
 .text.packetbuf_hdrlen
                0x0000000000006e78        0xa build/sky/obj/packetbuf.o
                0x0000000000006e78                packetbuf_hdrlen
 .text.packetbuf_dataptr
                0x0000000000006e82        0xc build/sky/obj/packetbuf.o
                0x0000000000006e82                packetbuf_dataptr
 .text.packetbuf_copyto
                0x0000000000006e8e       0x46 build/sky/obj/packetbuf.o
                0x0000000000006e8e                packetbuf_copyto
 .text.packetbuf_totlen
                0x0000000000006ed4        0xc build/sky/obj/packetbuf.o
                0x0000000000006ed4                packetbuf_totlen
 .text.packetbuf_hdralloc
                0x0000000000006ee0       0x3c build/sky/obj/packetbuf.o
                0x0000000000006ee0                packetbuf_hdralloc
 .text.packetbuf_attr_clear
                0x0000000000006f1c       0x28 build/sky/obj/packetbuf.o
                0x0000000000006f1c                packetbuf_attr_clear
 .text.packetbuf_clear
                0x0000000000006f44       0x12 build/sky/obj/packetbuf.o
                0x0000000000006f44                packetbuf_clear
 .text.packetbuf_copyfrom
                0x0000000000006f56       0x2e build/sky/obj/packetbuf.o
                0x0000000000006f56                packetbuf_copyfrom
 .text.packetbuf_attr_copyto
                0x0000000000006f84       0x22 build/sky/obj/packetbuf.o
                0x0000000000006f84                packetbuf_attr_copyto
 .text.packetbuf_attr_copyfrom
                0x0000000000006fa6       0x24 build/sky/obj/packetbuf.o
                0x0000000000006fa6                packetbuf_attr_copyfrom
 .text.packetbuf_set_attr
                0x0000000000006fca        0xa build/sky/obj/packetbuf.o
                0x0000000000006fca                packetbuf_set_attr
 .text.packetbuf_attr
                0x0000000000006fd4        0xa build/sky/obj/packetbuf.o
                0x0000000000006fd4                packetbuf_attr
 .text.packetbuf_set_addr
                0x0000000000006fde       0x16 build/sky/obj/packetbuf.o
                0x0000000000006fde                packetbuf_set_addr
 .text.packetbuf_addr
                0x0000000000006ff4       0x12 build/sky/obj/packetbuf.o
                0x0000000000006ff4                packetbuf_addr
 .text.packetbuf_holds_broadcast
                0x0000000000007006        0xe build/sky/obj/packetbuf.o
                0x0000000000007006                packetbuf_holds_broadcast
 .text.platform_init_stage_one
                0x0000000000007014       0x12 build/sky/obj/platform.o
                0x0000000000007014                platform_init_stage_one
 .text.platform_init_stage_two
                0x0000000000007026       0x68 build/sky/obj/platform.o
                0x0000000000007026                platform_init_stage_two
 .text.platform_init_stage_three
                0x000000000000708e       0x80 build/sky/obj/platform.o
                0x000000000000708e                platform_init_stage_three
 .text.platform_idle
                0x000000000000710e       0x54 build/sky/obj/platform.o
                0x000000000000710e                platform_idle
 .text.call_process
                0x0000000000007162       0x46 build/sky/obj/process.o
 .text.exit_process
                0x00000000000071a8       0x98 build/sky/obj/process.o
 .text.do_poll  0x0000000000007240       0x30 build/sky/obj/process.o
 .text.process_alloc_event
                0x0000000000007270       0x18 build/sky/obj/process.o
                0x0000000000007270                process_alloc_event
 .text.process_init
                0x0000000000007288        0x8 build/sky/obj/process.o
                0x0000000000007288                process_init
 .text.process_run
                0x0000000000007290       0x8c build/sky/obj/process.o
                0x0000000000007290                process_run
 .text.process_nevents
                0x000000000000731c        0xa build/sky/obj/process.o
                0x000000000000731c                process_nevents
 .text.process_post
                0x0000000000007326       0x42 build/sky/obj/process.o
                0x0000000000007326                process_post
 .text.process_post_synch
                0x0000000000007368       0x12 build/sky/obj/process.o
                0x0000000000007368                process_post_synch
 .text.process_start
                0x000000000000737a       0x36 build/sky/obj/process.o
                0x000000000000737a                process_start
 .text.process_poll
                0x00000000000073b0       0x18 build/sky/obj/process.o
                0x00000000000073b0                process_poll
 .text.queuebuf_init
                0x00000000000073c8       0x12 build/sky/obj/queuebuf.o
                0x00000000000073c8                queuebuf_init
 .text.queuebuf_numfree
                0x00000000000073da        0xa build/sky/obj/queuebuf.o
                0x00000000000073da                queuebuf_numfree
 .text.queuebuf_new_from_packetbuf
                0x00000000000073e4       0x52 build/sky/obj/queuebuf.o
                0x00000000000073e4                queuebuf_new_from_packetbuf
 .text.queuebuf_update_attr_from_packetbuf
                0x0000000000007436       0x12 build/sky/obj/queuebuf.o
                0x0000000000007436                queuebuf_update_attr_from_packetbuf
 .text.queuebuf_free
                0x0000000000007448       0x2a build/sky/obj/queuebuf.o
                0x0000000000007448                queuebuf_free
 .text.queuebuf_to_packetbuf
                0x0000000000007472       0x32 build/sky/obj/queuebuf.o
                0x0000000000007472                queuebuf_to_packetbuf
 .text.random_init
                0x00000000000074a4        0x6 build/sky/obj/random.o
                0x00000000000074a4                random_init
 .text.random_rand
                0x00000000000074aa        0x6 build/sky/obj/random.o
                0x00000000000074aa                random_rand
 .text.rpl_dag_root_set_prefix
                0x00000000000074b0       0x62 build/sky/obj/rpl-dag-root.o
                0x00000000000074b0                rpl_dag_root_set_prefix
 .text.rpl_dag_root_start
                0x0000000000007512       0x8e build/sky/obj/rpl-dag-root.o
                0x0000000000007512                rpl_dag_root_start
 .text.rpl_dag_root_is_root
                0x00000000000075a0       0x14 build/sky/obj/rpl-dag-root.o
                0x00000000000075a0                rpl_dag_root_is_root
 .text.init_dag
                0x00000000000075b4       0x84 build/sky/obj/rpl-dag.o
 .text.process_dio_init_dag
                0x0000000000007638       0xb0 build/sky/obj/rpl-dag.o
 .text.rpl_dag_get_root_ipaddr
                0x00000000000076e8       0x1e build/sky/obj/rpl-dag.o
                0x00000000000076e8                rpl_dag_get_root_ipaddr
 .text.rpl_dag_leave
                0x0000000000007706       0x4a build/sky/obj/rpl-dag.o
                0x0000000000007706                rpl_dag_leave
 .text.rpl_dag_poison_and_leave
                0x0000000000007750        0xc build/sky/obj/rpl-dag.o
                0x0000000000007750                rpl_dag_poison_and_leave
 .text.rpl_dag_periodic
                0x000000000000775c       0x6a build/sky/obj/rpl-dag.o
                0x000000000000775c                rpl_dag_periodic
 .text.rpl_is_addr_in_our_dag
                0x00000000000077c6       0x34 build/sky/obj/rpl-dag.o
                0x00000000000077c6                rpl_is_addr_in_our_dag
 .text.rpl_local_repair
                0x00000000000077fa       0x2a build/sky/obj/rpl-dag.o
                0x00000000000077fa                rpl_local_repair
 .text.rpl_global_repair
                0x0000000000007824       0x2e build/sky/obj/rpl-dag.o
                0x0000000000007824                rpl_global_repair
 .text.rpl_dag_ready_to_advertise
                0x0000000000007852       0x22 build/sky/obj/rpl-dag.o
                0x0000000000007852                rpl_dag_ready_to_advertise
 .text.rpl_dag_update_state
                0x0000000000007874      0x144 build/sky/obj/rpl-dag.o
                0x0000000000007874                rpl_dag_update_state
 .text.rpl_process_dio
                0x00000000000079b8      0x1b6 build/sky/obj/rpl-dag.o
                0x00000000000079b8                rpl_process_dio
 .text.rpl_process_dis
                0x0000000000007b6e       0x2a build/sky/obj/rpl-dag.o
                0x0000000000007b6e                rpl_process_dis
 .text.rpl_process_dao
                0x0000000000007b98       0x6c build/sky/obj/rpl-dag.o
                0x0000000000007b98                rpl_process_dao
 .text.rpl_process_dao_ack
                0x0000000000007c04       0x54 build/sky/obj/rpl-dag.o
                0x0000000000007c04                rpl_process_dao_ack
 .text.rpl_process_hbh
                0x0000000000007c58       0x2e build/sky/obj/rpl-dag.o
                0x0000000000007c58                rpl_process_hbh
 .text.rpl_dag_init_root
                0x0000000000007c86       0xbc build/sky/obj/rpl-dag.o
                0x0000000000007c86                rpl_dag_init_root
 .text.rpl_dag_init
                0x0000000000007d42       0x10 build/sky/obj/rpl-dag.o
                0x0000000000007d42                rpl_dag_init
 .text.update_hbh_header
                0x0000000000007d52       0x4a build/sky/obj/rpl-ext-header.o
 .text.rpl_ext_header_srh_get_next_hop
                0x0000000000007d9c       0x84 build/sky/obj/rpl-ext-header.o
                0x0000000000007d9c                rpl_ext_header_srh_get_next_hop
 .text.rpl_ext_header_srh_update
                0x0000000000007e20      0x250 build/sky/obj/rpl-ext-header.o
                0x0000000000007e20                rpl_ext_header_srh_update
 .text.rpl_ext_header_hbh_update
                0x0000000000008070       0xa4 build/sky/obj/rpl-ext-header.o
                0x0000000000008070                rpl_ext_header_hbh_update
 .text.rpl_ext_header_remove
                0x0000000000008114       0xcc build/sky/obj/rpl-ext-header.o
                0x0000000000008114                rpl_ext_header_remove
 .text.rpl_ext_header_update
                0x00000000000081e0      0x2aa build/sky/obj/rpl-ext-header.o
                0x00000000000081e0                rpl_ext_header_update
 .text.get32    0x000000000000848a       0x46 build/sky/obj/rpl-icmp6.o
 .text.set32    0x00000000000084d0       0x2a build/sky/obj/rpl-icmp6.o
 .text.get16    0x00000000000084fa        0xe build/sky/obj/rpl-icmp6.o
 .text.set16    0x0000000000008508       0x10 build/sky/obj/rpl-icmp6.o
 .text.dao_ack_input
                0x0000000000008518       0x2a build/sky/obj/rpl-icmp6.o
 .text.dao_input
                0x0000000000008542      0x16e build/sky/obj/rpl-icmp6.o
 .text.dio_input
                0x00000000000086b0      0x2ba build/sky/obj/rpl-icmp6.o
 .text.dis_input
                0x000000000000896a       0x1e build/sky/obj/rpl-icmp6.o
 .text.rpl_icmp6_update_nbr_table
                0x0000000000008988       0x36 build/sky/obj/rpl-icmp6.o
                0x0000000000008988                rpl_icmp6_update_nbr_table
 .text.rpl_icmp6_dis_output
                0x00000000000089be       0x34 build/sky/obj/rpl-icmp6.o
                0x00000000000089be                rpl_icmp6_dis_output
 .text.rpl_icmp6_dio_output
                0x00000000000089f2      0x230 build/sky/obj/rpl-icmp6.o
                0x00000000000089f2                rpl_icmp6_dio_output
 .text.rpl_icmp6_dao_output
                0x0000000000008c22       0xe6 build/sky/obj/rpl-icmp6.o
                0x0000000000008c22                rpl_icmp6_dao_output
 .text.rpl_icmp6_dao_ack_output
                0x0000000000008d08       0x44 build/sky/obj/rpl-icmp6.o
                0x0000000000008d08                rpl_icmp6_dao_ack_output
 .text.rpl_icmp6_init
                0x0000000000008d4c       0x22 build/sky/obj/rpl-icmp6.o
                0x0000000000008d4c                rpl_icmp6_init
 .text.reset    0x0000000000008d6e        0x2 build/sky/obj/rpl-mrhof.o
 .text.update_metric_container
                0x0000000000008d70        0x6 build/sky/obj/rpl-mrhof.o
 .text.nbr_link_metric
                0x0000000000008d76       0x12 build/sky/obj/rpl-mrhof.o
 .text.nbr_has_usable_link
                0x0000000000008d88       0x14 build/sky/obj/rpl-mrhof.o
 .text.nbr_path_cost
                0x0000000000008d9c       0x38 build/sky/obj/rpl-mrhof.o
 .text.within_hysteresis
                0x0000000000008dd4       0x54 build/sky/obj/rpl-mrhof.o
 .text.nbr_is_acceptable_parent
                0x0000000000008e28       0x2c build/sky/obj/rpl-mrhof.o
 .text.rank_via_nbr
                0x0000000000008e54       0x48 build/sky/obj/rpl-mrhof.o
 .text.best_parent
                0x0000000000008e9c       0x7c build/sky/obj/rpl-mrhof.o
 .text.get_rank
                0x0000000000008f18       0x16 build/sky/obj/rpl-nbr-policy.o
 .text.rpl_nbr_gc_get_worst
                0x0000000000008f2e       0x28 build/sky/obj/rpl-nbr-policy.o
                0x0000000000008f2e                rpl_nbr_gc_get_worst
 .text.remove_neighbor
                0x0000000000008f56       0x24 build/sky/obj/rpl-neighbor.o
 .text.rpl_neighbor_get_from_lladdr
                0x0000000000008f7a        0xc build/sky/obj/rpl-neighbor.o
                0x0000000000008f7a                rpl_neighbor_get_from_lladdr
 .text.rpl_neighbor_rank_via_nbr
                0x0000000000008f86       0x18 build/sky/obj/rpl-neighbor.o
                0x0000000000008f86                rpl_neighbor_rank_via_nbr
 .text.rpl_neighbor_get_lladdr
                0x0000000000008f9e        0xc build/sky/obj/rpl-neighbor.o
                0x0000000000008f9e                rpl_neighbor_get_lladdr
 .text.rpl_neighbor_get_ipaddr
                0x0000000000008faa        0xa build/sky/obj/rpl-neighbor.o
                0x0000000000008faa                rpl_neighbor_get_ipaddr
 .text.rpl_neighbor_get_link_stats
                0x0000000000008fb4        0xa build/sky/obj/rpl-neighbor.o
                0x0000000000008fb4                rpl_neighbor_get_link_stats
 .text.rpl_neighbor_is_fresh
                0x0000000000008fbe        0xa build/sky/obj/rpl-neighbor.o
                0x0000000000008fbe                rpl_neighbor_is_fresh
 .text.best_parent
                0x0000000000008fc8       0xb2 build/sky/obj/rpl-neighbor.o
 .text.rpl_neighbor_set_preferred_parent
                0x000000000000907a       0x48 build/sky/obj/rpl-neighbor.o
                0x000000000000907a                rpl_neighbor_set_preferred_parent
 .text.rpl_neighbor_remove_all
                0x00000000000090c2       0x30 build/sky/obj/rpl-neighbor.o
                0x00000000000090c2                rpl_neighbor_remove_all
 .text.rpl_neighbor_get_from_ipaddr
                0x00000000000090f2       0x14 build/sky/obj/rpl-neighbor.o
                0x00000000000090f2                rpl_neighbor_get_from_ipaddr
 .text.rpl_neighbor_select_best
                0x0000000000009106       0x54 build/sky/obj/rpl-neighbor.o
                0x0000000000009106                rpl_neighbor_select_best
 .text.rpl_neighbor_init
                0x000000000000915a        0xe build/sky/obj/rpl-neighbor.o
                0x000000000000915a                rpl_neighbor_init
 .text.handle_state_update
                0x0000000000009168        0x6 build/sky/obj/rpl-timers.o
 .text.handle_leaving_timer
                0x000000000000916e        0xc build/sky/obj/rpl-timers.o
 .text.handle_unicast_dio_timer
                0x000000000000917a       0x12 build/sky/obj/rpl-timers.o
 .text.handle_dao_ack_timer
                0x000000000000918c       0x12 build/sky/obj/rpl-timers.o
 .text.ctimer_set.constprop.3
                0x000000000000919e        0xe build/sky/obj/rpl-timers.o
 .text.new_dio_interval
                0x00000000000091ac       0x86 build/sky/obj/rpl-timers.o
 .text.handle_dio_timer
                0x0000000000009232       0x6a build/sky/obj/rpl-timers.o
 .text.schedule_dao_retransmission
                0x000000000000929c       0x30 build/sky/obj/rpl-timers.o
 .text.send_new_dao
                0x00000000000092cc       0x28 build/sky/obj/rpl-timers.o
 .text.resend_dao
                0x00000000000092f4       0x24 build/sky/obj/rpl-timers.o
 .text.rpl_timers_schedule_periodic_dis
                0x0000000000009318       0x3c build/sky/obj/rpl-timers.o
                0x0000000000009318                rpl_timers_schedule_periodic_dis
 .text.handle_periodic_timer
                0x0000000000009354       0x3a build/sky/obj/rpl-timers.o
 .text.handle_dis_timer
                0x000000000000938e       0x26 build/sky/obj/rpl-timers.o
 .text.rpl_timers_dio_reset
                0x00000000000093b4       0x2e build/sky/obj/rpl-timers.o
                0x00000000000093b4                rpl_timers_dio_reset
 .text.rpl_timers_schedule_unicast_dio
                0x00000000000093e2       0x1c build/sky/obj/rpl-timers.o
                0x00000000000093e2                rpl_timers_schedule_unicast_dio
 .text.rpl_timers_schedule_dao
                0x00000000000093fe       0x38 build/sky/obj/rpl-timers.o
                0x00000000000093fe                rpl_timers_schedule_dao
 .text.rpl_timers_schedule_dao_ack
                0x0000000000009436       0x30 build/sky/obj/rpl-timers.o
                0x0000000000009436                rpl_timers_schedule_dao_ack
 .text.rpl_timers_notify_dao_ack
                0x0000000000009466       0x7e build/sky/obj/rpl-timers.o
                0x0000000000009466                rpl_timers_notify_dao_ack
 .text.get_probing_delay
                0x00000000000094e4       0x1c build/sky/obj/rpl-timers.o
                0x00000000000094e4                get_probing_delay
 .text.get_probing_target
                0x0000000000009500       0xee build/sky/obj/rpl-timers.o
                0x0000000000009500                get_probing_target
 .text.rpl_schedule_probing
                0x00000000000095ee       0x1c build/sky/obj/rpl-timers.o
                0x00000000000095ee                rpl_schedule_probing
 .text.handle_probing_timer
                0x000000000000960a       0x2a build/sky/obj/rpl-timers.o
 .text.rpl_schedule_probing_now
                0x0000000000009634       0x20 build/sky/obj/rpl-timers.o
                0x0000000000009634                rpl_schedule_probing_now
 .text.rpl_timers_unschedule_leaving
                0x0000000000009654       0x1c build/sky/obj/rpl-timers.o
                0x0000000000009654                rpl_timers_unschedule_leaving
 .text.rpl_timers_schedule_leaving
                0x0000000000009670       0x26 build/sky/obj/rpl-timers.o
                0x0000000000009670                rpl_timers_schedule_leaving
 .text.rpl_timers_init
                0x0000000000009696       0x18 build/sky/obj/rpl-timers.o
                0x0000000000009696                rpl_timers_init
 .text.rpl_timers_stop_dag_timers
                0x00000000000096ae       0x4c build/sky/obj/rpl-timers.o
                0x00000000000096ae                rpl_timers_stop_dag_timers
 .text.rpl_timers_schedule_state_update
                0x00000000000096fa       0x18 build/sky/obj/rpl-timers.o
                0x00000000000096fa                rpl_timers_schedule_state_update
 .text.rpl_has_joined
                0x0000000000009712       0x12 build/sky/obj/rpl.o
                0x0000000000009712                rpl_has_joined
 .text.rpl_is_reachable
                0x0000000000009724       0x12 build/sky/obj/rpl.o
                0x0000000000009724                rpl_is_reachable
 .text.neighbor_state_changed
                0x0000000000009736        0x2 build/sky/obj/rpl.o
 .text.drop_route
                0x0000000000009738        0x2 build/sky/obj/rpl.o
 .text.rpl_get_leaf_only
                0x000000000000973a        0x6 build/sky/obj/rpl.o
                0x000000000000973a                rpl_get_leaf_only
 .text.get_sr_node_ipaddr
                0x0000000000009740       0x34 build/sky/obj/rpl.o
 .text.init     0x0000000000009774       0x42 build/sky/obj/rpl.o
 .text.set_ip_from_prefix
                0x00000000000097b6       0x38 build/sky/obj/rpl.o
 .text.rpl_link_callback
                0x00000000000097ee       0x1e build/sky/obj/rpl.o
                0x00000000000097ee                rpl_link_callback
 .text.rpl_lollipop_greater_than
                0x000000000000980c       0x3c build/sky/obj/rpl.o
                0x000000000000980c                rpl_lollipop_greater_than
 .text.rpl_get_global_address
                0x0000000000009848       0xbe build/sky/obj/rpl.o
                0x0000000000009848                rpl_get_global_address
 .text.rpl_reset_prefix
                0x0000000000009906       0x24 build/sky/obj/rpl.o
                0x0000000000009906                rpl_reset_prefix
 .text.rpl_set_prefix_from_addr
                0x000000000000992a       0x92 build/sky/obj/rpl.o
                0x000000000000992a                rpl_set_prefix_from_addr
 .text.timera0  0x00000000000099bc       0x2c build/sky/obj/rtimer-arch.o
                0x00000000000099bc                __isr_6
                0x00000000000099bc                timera0
 .text.rtimer_arch_init
                0x00000000000099e8        0xe build/sky/obj/rtimer-arch.o
                0x00000000000099e8                rtimer_arch_init
 .text.rtimer_arch_now
                0x00000000000099f6        0xe build/sky/obj/rtimer-arch.o
                0x00000000000099f6                rtimer_arch_now
 .text.rtimer_run_next
                0x0000000000009a04       0x18 build/sky/obj/rtimer.o
                0x0000000000009a04                rtimer_run_next
 .text.process_thread_sensors_process
                0x0000000000009a1c       0xc2 build/sky/obj/sensors.o
 .text.sensors_changed
                0x0000000000009ade       0x2a build/sky/obj/sensors.o
                0x0000000000009ade                sensors_changed
 .text.status   0x0000000000009b08       0x14 build/sky/obj/sht11-sensor.o
 .text.value    0x0000000000009b1c       0x30 build/sky/obj/sht11-sensor.o
 .text.configure
                0x0000000000009b4c       0x3e build/sky/obj/sht11-sensor.o
 .text.crc8_add
                0x0000000000009b8a       0x1c build/sky/obj/sht11.o
 .text.sstart   0x0000000000009ba6       0x3e build/sky/obj/sht11.o
 .text.swrite   0x0000000000009be4       0x62 build/sky/obj/sht11.o
 .text.sread    0x0000000000009c46       0x4c build/sky/obj/sht11.o
 .text.sreset   0x0000000000009c92       0x2a build/sky/obj/sht11.o
 .text.scmd.part.0
                0x0000000000009cbc       0xb4 build/sky/obj/sht11.o
 .text.sht11_init
                0x0000000000009d70       0x1a build/sky/obj/sht11.o
                0x0000000000009d70                sht11_init
 .text.sht11_off
                0x0000000000009d8a       0x14 build/sky/obj/sht11.o
                0x0000000000009d8a                sht11_off
 .text.sht11_temp
                0x0000000000009d9e        0xa build/sky/obj/sht11.o
                0x0000000000009d9e                sht11_temp
 .text.sht11_humidity
                0x0000000000009da8        0xa build/sky/obj/sht11.o
                0x0000000000009da8                sht11_humidity
 .text.sht11_sreg
                0x0000000000009db2       0x80 build/sky/obj/sht11.o
                0x0000000000009db2                sht11_sreg
 .text.clear_fragments
                0x0000000000009e32       0x40 build/sky/obj/sicslowpan.o
 .text.addr_context_lookup_by_number
                0x0000000000009e72       0x16 build/sky/obj/sicslowpan.o
 .text.sicslowpan_init
                0x0000000000009e88       0x18 build/sky/obj/sicslowpan.o
                0x0000000000009e88                sicslowpan_init
 .text.set_packet_attrs
                0x0000000000009ea0       0x66 build/sky/obj/sicslowpan.o
 .text.compress_addr_64
                0x0000000000009f06       0xae build/sky/obj/sicslowpan.o
 .text.addr_context_lookup_by_prefix
                0x0000000000009fb4       0x20 build/sky/obj/sicslowpan.o
 .text.send_packet
                0x0000000000009fd4       0x10 build/sky/obj/sicslowpan.o
 .text.fragment_copy_payload_and_send
                0x0000000000009fe4       0x58 build/sky/obj/sicslowpan.o
 .text.packet_sent
                0x000000000000a03c       0x56 build/sky/obj/sicslowpan.o
 .text.store_fragment
                0x000000000000a092       0xb8 build/sky/obj/sicslowpan.o
 .text.add_fragment
                0x000000000000a14a      0x1fc build/sky/obj/sicslowpan.o
 .text.uncompress_addr
                0x000000000000a346       0xce build/sky/obj/sicslowpan.o
 .text.output   0x000000000000a414      0x79e build/sky/obj/sicslowpan.o
 .text.input    0x000000000000abb2      0xa1a build/sky/obj/sicslowpan.o
 .text.process_thread_simple_udp_process
                0x000000000000b5cc       0xb8 build/sky/obj/simple-udp.o
 .text.simple_udp_sendto
                0x000000000000b684       0x2c build/sky/obj/simple-udp.o
                0x000000000000b684                simple_udp_sendto
 .text.simple_udp_register
                0x000000000000b6b0       0x9a build/sky/obj/simple-udp.o
                0x000000000000b6b0                simple_udp_register
 .text.process_thread_source_process
                0x000000000000b74a       0xd8 build/sky/obj/source.o
 .text.spi_init
                0x000000000000b822       0x30 build/sky/obj/spi-legacy.o
                0x000000000000b822                spi_init
 .text.stack_check_init
                0x000000000000b852       0x2e build/sky/obj/stack-check.o
                0x000000000000b852                stack_check_init
 .text.stack_check_get_usage
                0x000000000000b880       0x46 build/sky/obj/stack-check.o
                0x000000000000b880                stack_check_get_usage
 .text.process_thread_stack_check_process
                0x000000000000b8c6       0x90 build/sky/obj/stack-check.o
 .text.stimer_expired
                0x000000000000b956       0x30 build/sky/obj/stimer.o
                0x000000000000b956                stimer_expired
 .text.tcpip_output
                0x000000000000b986       0x22 build/sky/obj/tcpip.o
                0x000000000000b986                tcpip_output
 .text.udp_new  0x000000000000b9a8       0x1a build/sky/obj/tcpip.o
                0x000000000000b9a8                udp_new
 .text.tcpip_input
                0x000000000000b9c2       0x1e build/sky/obj/tcpip.o
                0x000000000000b9c2                tcpip_input
 .text.tcpip_ipv6_output
                0x000000000000b9e0      0x114 build/sky/obj/tcpip.o
                0x000000000000b9e0                tcpip_ipv6_output
 .text.packet_input.part.3
                0x000000000000baf4       0x12 build/sky/obj/tcpip.o
 .text.process_thread_tcpip_process
                0x000000000000bb06       0xb6 build/sky/obj/tcpip.o
 .text.tcpip_uipcall
                0x000000000000bbbc       0x2a build/sky/obj/tcpip.o
                0x000000000000bbbc                tcpip_uipcall
 .text.timer_set
                0x000000000000bbe6       0x1c build/sky/obj/timer.o
                0x000000000000bbe6                timer_set
 .text.timer_expired
                0x000000000000bc02       0x2a build/sky/obj/timer.o
                0x000000000000bc02                timer_expired
 .text.timer_reset
                0x000000000000bc2c       0x1c build/sky/obj/timer.o
                0x000000000000bc2c                timer_reset
 .text.putchar  0x000000000000bc48       0x10 build/sky/obj/uart-putchar.o
                0x000000000000bc48                putchar
 .text.uart1_active
                0x000000000000bc58       0x18 build/sky/obj/uart1.o
                0x000000000000bc58                uart1_active
 .text.uart1_writeb
                0x000000000000bc70       0x18 build/sky/obj/uart1.o
                0x000000000000bc70                uart1_writeb
 .text.uart1_init
                0x000000000000bc88       0xf4 build/sky/obj/uart1.o
                0x000000000000bc88                uart1_init
 .text.uip_ds6_nbr_rm
                0x000000000000bd7c       0x1e build/sky/obj/uip-ds6-nbr.o
                0x000000000000bd7c                uip_ds6_nbr_rm
 .text.uip_ds6_neighbors_init
                0x000000000000bd9a       0x12 build/sky/obj/uip-ds6-nbr.o
                0x000000000000bd9a                uip_ds6_neighbors_init
 .text.uip_ds6_nbr_add
                0x000000000000bdac       0x3e build/sky/obj/uip-ds6-nbr.o
                0x000000000000bdac                uip_ds6_nbr_add
 .text.uip_ds6_nbr_get_ll
                0x000000000000bdea        0xc build/sky/obj/uip-ds6-nbr.o
                0x000000000000bdea                uip_ds6_nbr_get_ll
 .text.uip_ds6_nbr_head
                0x000000000000bdf6        0xa build/sky/obj/uip-ds6-nbr.o
                0x000000000000bdf6                uip_ds6_nbr_head
 .text.uip_ds6_nbr_next
                0x000000000000be00        0xc build/sky/obj/uip-ds6-nbr.o
                0x000000000000be00                uip_ds6_nbr_next
 .text.uip_ds6_nbr_lookup
                0x000000000000be0c       0x3a build/sky/obj/uip-ds6-nbr.o
                0x000000000000be0c                uip_ds6_nbr_lookup
 .text.uip_ds6_nbr_ll_lookup
                0x000000000000be46        0xc build/sky/obj/uip-ds6-nbr.o
                0x000000000000be46                uip_ds6_nbr_ll_lookup
 .text.uip_ds6_nbr_update_ll
                0x000000000000be52       0x76 build/sky/obj/uip-ds6-nbr.o
                0x000000000000be52                uip_ds6_nbr_update_ll
 .text.uip_ds6_nbr_ipaddr_from_lladdr
                0x000000000000bec8        0x6 build/sky/obj/uip-ds6-nbr.o
                0x000000000000bec8                uip_ds6_nbr_ipaddr_from_lladdr
 .text.uip_ds6_nbr_lladdr_from_ipaddr
                0x000000000000bece       0x12 build/sky/obj/uip-ds6-nbr.o
                0x000000000000bece                uip_ds6_nbr_lladdr_from_ipaddr
 .text.uip_ds6_link_callback
                0x000000000000bee0        0x2 build/sky/obj/uip-ds6-nbr.o
                0x000000000000bee0                uip_ds6_link_callback
 .text.uip_ds6_route_init
                0x000000000000bee2        0xe build/sky/obj/uip-ds6-route.o
                0x000000000000bee2                uip_ds6_route_init
 .text.uip_ds6_route_nexthop
                0x000000000000bef0        0x4 build/sky/obj/uip-ds6-route.o
                0x000000000000bef0                uip_ds6_route_nexthop
 .text.uip_ds6_route_lookup
                0x000000000000bef4        0x4 build/sky/obj/uip-ds6-route.o
                0x000000000000bef4                uip_ds6_route_lookup
 .text.uip_ds6_route_rm
                0x000000000000bef8        0x2 build/sky/obj/uip-ds6-route.o
                0x000000000000bef8                uip_ds6_route_rm
 .text.uip_ds6_defrt_rm
                0x000000000000befa       0x2c build/sky/obj/uip-ds6-route.o
                0x000000000000befa                uip_ds6_defrt_rm
 .text.uip_ds6_defrt_lookup
                0x000000000000bf26       0x34 build/sky/obj/uip-ds6-route.o
                0x000000000000bf26                uip_ds6_defrt_lookup
 .text.uip_ds6_defrt_add
                0x000000000000bf5a       0x78 build/sky/obj/uip-ds6-route.o
                0x000000000000bf5a                uip_ds6_defrt_add
 .text.uip_ds6_defrt_choose
                0x000000000000bfd2       0x2e build/sky/obj/uip-ds6-route.o
                0x000000000000bfd2                uip_ds6_defrt_choose
 .text.uip_ds6_defrt_periodic
                0x000000000000c000       0x2e build/sky/obj/uip-ds6-route.o
                0x000000000000c000                uip_ds6_defrt_periodic
 .text.uip_ds6_default_prefix
                0x000000000000c02e        0x6 build/sky/obj/uip-ds6.o
                0x000000000000c02e                uip_ds6_default_prefix
 .text.uip_ds6_list_loop
                0x000000000000c034       0x90 build/sky/obj/uip-ds6.o
                0x000000000000c034                uip_ds6_list_loop
 .text.uip_ds6_prefix_add
                0x000000000000c0c4       0x76 build/sky/obj/uip-ds6.o
                0x000000000000c0c4                uip_ds6_prefix_add
 .text.uip_ds6_is_addr_onlink
                0x000000000000c13a       0x52 build/sky/obj/uip-ds6.o
                0x000000000000c13a                uip_ds6_is_addr_onlink
 .text.uip_ds6_addr_lookup
                0x000000000000c18c       0x2a build/sky/obj/uip-ds6.o
                0x000000000000c18c                uip_ds6_addr_lookup
 .text.uip_ds6_get_link_local
                0x000000000000c1b6       0x3e build/sky/obj/uip-ds6.o
                0x000000000000c1b6                uip_ds6_get_link_local
 .text.uip_ds6_maddr_add
                0x000000000000c1f4       0x42 build/sky/obj/uip-ds6.o
                0x000000000000c1f4                uip_ds6_maddr_add
 .text.uip_ds6_addr_add
                0x000000000000c236       0xc6 build/sky/obj/uip-ds6.o
                0x000000000000c236                uip_ds6_addr_add
 .text.uip_ds6_maddr_rm
                0x000000000000c2fc        0xa build/sky/obj/uip-ds6.o
                0x000000000000c2fc                uip_ds6_maddr_rm
 .text.uip_ds6_maddr_lookup
                0x000000000000c306       0x2a build/sky/obj/uip-ds6.o
                0x000000000000c306                uip_ds6_maddr_lookup
 .text.uip_ds6_addr_rm
                0x000000000000c330       0x54 build/sky/obj/uip-ds6.o
                0x000000000000c330                uip_ds6_addr_rm
 .text.uip_ds6_periodic
                0x000000000000c384       0x46 build/sky/obj/uip-ds6.o
                0x000000000000c384                uip_ds6_periodic
 .text.uip_ds6_set_addr_iid
                0x000000000000c3ca       0x14 build/sky/obj/uip-ds6.o
                0x000000000000c3ca                uip_ds6_set_addr_iid
 .text.uip_ds6_set_lladdr_from_iid
                0x000000000000c3de       0x14 build/sky/obj/uip-ds6.o
                0x000000000000c3de                uip_ds6_set_lladdr_from_iid
 .text.get_match_length
                0x000000000000c3f2       0x44 build/sky/obj/uip-ds6.o
                0x000000000000c3f2                get_match_length
 .text.uip_ds6_select_src
                0x000000000000c436       0xa6 build/sky/obj/uip-ds6.o
                0x000000000000c436                uip_ds6_select_src
 .text.uip_ds6_compute_reachable_time
                0x000000000000c4dc       0x3e build/sky/obj/uip-ds6.o
                0x000000000000c4dc                uip_ds6_compute_reachable_time
 .text.uip_ds6_init
                0x000000000000c51a      0x164 build/sky/obj/uip-ds6.o
                0x000000000000c51a                uip_ds6_init
 .text.echo_reply_input
                0x000000000000c67e       0x5e build/sky/obj/uip-icmp6.o
 .text.echo_request_input
                0x000000000000c6dc       0x86 build/sky/obj/uip-icmp6.o
 .text.uip_icmp6_input
                0x000000000000c762       0x34 build/sky/obj/uip-icmp6.o
                0x000000000000c762                uip_icmp6_input
 .text.uip_icmp6_register_input_handler
                0x000000000000c796        0xc build/sky/obj/uip-icmp6.o
                0x000000000000c796                uip_icmp6_register_input_handler
 .text.uip_icmp6_error_output
                0x000000000000c7a2      0x146 build/sky/obj/uip-icmp6.o
                0x000000000000c7a2                uip_icmp6_error_output
 .text.uip_icmp6_send
                0x000000000000c8e8       0x8e build/sky/obj/uip-icmp6.o
                0x000000000000c8e8                uip_icmp6_send
 .text.uip_icmp6_init
                0x000000000000c976       0x12 build/sky/obj/uip-icmp6.o
                0x000000000000c976                uip_icmp6_init
 .text.ns_input
                0x000000000000c988      0x29a build/sky/obj/uip-nd6.o
 .text.uip_nd6_init
                0x000000000000cc22        0xa build/sky/obj/uip-nd6.o
                0x000000000000cc22                uip_nd6_init
 .text.node_matches_address.part.0
                0x000000000000cc2c       0x2e build/sky/obj/uip-sr.o
 .text.uip_sr_get_node
                0x000000000000cc5a       0x3a build/sky/obj/uip-sr.o
                0x000000000000cc5a                uip_sr_get_node
 .text.uip_sr_is_addr_reachable
                0x000000000000cc94       0x4e build/sky/obj/uip-sr.o
                0x000000000000cc94                uip_sr_is_addr_reachable
 .text.uip_sr_expire_parent
                0x000000000000cce2       0x50 build/sky/obj/uip-sr.o
                0x000000000000cce2                uip_sr_expire_parent
 .text.uip_sr_update_node
                0x000000000000cd32       0xbc build/sky/obj/uip-sr.o
                0x000000000000cd32                uip_sr_update_node
 .text.uip_sr_init
                0x000000000000cdee       0x12 build/sky/obj/uip-sr.o
                0x000000000000cdee                uip_sr_init
 .text.uip_sr_periodic
                0x000000000000ce00       0x8c build/sky/obj/uip-sr.o
                0x000000000000ce00                uip_sr_periodic
 .text.uip_sr_free_all
                0x000000000000ce8c       0x30 build/sky/obj/uip-sr.o
                0x000000000000ce8c                uip_sr_free_all
 .text.uip_udp_packet_send
                0x000000000000cebc       0x2a build/sky/obj/uip-udp-packet.o
                0x000000000000cebc                uip_udp_packet_send
 .text.uip_udp_packet_sendto
                0x000000000000cee6       0x66 build/sky/obj/uip-udp-packet.o
                0x000000000000cee6                uip_udp_packet_sendto
 .text.chksum   0x000000000000cf4c       0x32 build/sky/obj/uip6.o
 .text.upper_layer_chksum
                0x000000000000cf7e       0x58 build/sky/obj/uip6.o
 .text.ext_hdr_options_process
                0x000000000000cfd6       0xa4 build/sky/obj/uip6.o
 .text.uip_check_mtu
                0x000000000000d07a       0x1e build/sky/obj/uip6.o
 .text.uip_update_ttl
                0x000000000000d098       0x24 build/sky/obj/uip6.o
 .text.uip_icmp6chksum
                0x000000000000d0bc        0xa build/sky/obj/uip6.o
                0x000000000000d0bc                uip_icmp6chksum
 .text.uip_udpchksum
                0x000000000000d0c6        0xa build/sky/obj/uip6.o
                0x000000000000d0c6                uip_udpchksum
 .text.uip_init
                0x000000000000d0d0       0x3c build/sky/obj/uip6.o
                0x000000000000d0d0                uip_init
 .text.uip_remove_ext_hdr
                0x000000000000d10c       0x5e build/sky/obj/uip6.o
                0x000000000000d10c                uip_remove_ext_hdr
 .text.uip_udp_new
                0x000000000000d16a       0xac build/sky/obj/uip6.o
                0x000000000000d16a                uip_udp_new
 .text.uip_process
                0x000000000000d216      0x568 build/sky/obj/uip6.o
                0x000000000000d216                uip_process
 .text.uip_htonl
                0x000000000000d77e       0x2e build/sky/obj/uip6.o
                0x000000000000d77e                uip_htonl
 .text.uipbuf_add_ext_hdr
                0x000000000000d7ac       0x1c build/sky/obj/uipbuf.o
                0x000000000000d7ac                uipbuf_add_ext_hdr
 .text.uipbuf_set_len
                0x000000000000d7c8       0x12 build/sky/obj/uipbuf.o
                0x000000000000d7c8                uipbuf_set_len
 .text.uipbuf_set_len_field
                0x000000000000d7da        0xe build/sky/obj/uipbuf.o
                0x000000000000d7da                uipbuf_set_len_field
 .text.uipbuf_get_len_field
                0x000000000000d7e8        0xe build/sky/obj/uipbuf.o
                0x000000000000d7e8                uipbuf_get_len_field
 .text.uipbuf_get_next_header
                0x000000000000d7f6       0x6a build/sky/obj/uipbuf.o
                0x000000000000d7f6                uipbuf_get_next_header
 .text.uipbuf_get_last_header
                0x000000000000d860       0x3e build/sky/obj/uipbuf.o
                0x000000000000d860                uipbuf_get_last_header
 .text.uipbuf_search_header
                0x000000000000d89e       0x4e build/sky/obj/uipbuf.o
                0x000000000000d89e                uipbuf_search_header
 .text.uipbuf_get_attr
                0x000000000000d8ec       0x12 build/sky/obj/uipbuf.o
                0x000000000000d8ec                uipbuf_get_attr
 .text.uipbuf_set_attr
                0x000000000000d8fe       0x14 build/sky/obj/uipbuf.o
                0x000000000000d8fe                uipbuf_set_attr
 .text.uipbuf_clear_attr
                0x000000000000d912       0x12 build/sky/obj/uipbuf.o
                0x000000000000d912                uipbuf_clear_attr
 .text.uipbuf_clear
                0x000000000000d924       0x12 build/sky/obj/uipbuf.o
                0x000000000000d924                uipbuf_clear
 .text.uipbuf_init
                0x000000000000d936       0x1a build/sky/obj/uipbuf.o
                0x000000000000d936                uipbuf_init
 .text.uiplib_ip6addrconv
                0x000000000000d950      0x10c build/sky/obj/uiplib.o
                0x000000000000d950                uiplib_ip6addrconv
 .text.uiplib_ipaddr_snprint
                0x000000000000da5c      0x12c build/sky/obj/uiplib.o
                0x000000000000da5c                uiplib_ipaddr_snprint
 .text.watchdog_interrupt
                0x000000000000db88        0x6 build/sky/obj/watchdog.o
                0x000000000000db88                __isr_10
                0x000000000000db88                watchdog_interrupt
 .text.watchdog_start
                0x000000000000db8e       0x14 build/sky/obj/watchdog.o
                0x000000000000db8e                watchdog_start
 .text.watchdog_periodic
                0x000000000000dba2       0x12 build/sky/obj/watchdog.o
                0x000000000000dba2                watchdog_periodic
 .text.watchdog_stop
                0x000000000000dbb4       0x16 build/sky/obj/watchdog.o
                0x000000000000dbb4                watchdog_stop
 .text.watchdog_init
                0x000000000000dbca       0x12 build/sky/obj/watchdog.o
                0x000000000000dbca                watchdog_init
 .text.xmem_init
                0x000000000000dbdc       0x3c build/sky/obj/xmem.o
                0x000000000000dbdc                xmem_init
 .text.printf   0x000000000000dc18       0x10 /home/zayne/msp430/lib/gcc/msp430/4.7.0/../../../../msp430/lib/mmpy-16/libc.a(printf.o)
                0x000000000000dc18                printf
 .text.append   0x000000000000dc28       0x22 /home/zayne/msp430/lib/gcc/msp430/4.7.0/../../../../msp430/lib/mmpy-16/libc.a(sprintf.o)
 .text.call_vuprintf
                0x000000000000dc4a       0x3a /home/zayne/msp430/lib/gcc/msp430/4.7.0/../../../../msp430/lib/mmpy-16/libc.a(sprintf.o)
 .text.snprintf
                0x000000000000dc84       0x1a /home/zayne/msp430/lib/gcc/msp430/4.7.0/../../../../msp430/lib/mmpy-16/libc.a(sprintf.o)
                0x000000000000dc84                snprintf
 .text.print_field
                0x000000000000dc9e      0x194 /home/zayne/msp430/lib/gcc/msp430/4.7.0/../../../../msp430/lib/mmpy-16/libc.a(vuprintf.o)
 .text.vuprintf
                0x000000000000de32      0x63c /home/zayne/msp430/lib/gcc/msp430/4.7.0/../../../../msp430/lib/mmpy-16/libc.a(vuprintf.o)
                0x000000000000de32                vuprintf
 .text.puts     0x000000000000e46e       0x2c /home/zayne/msp430/lib/gcc/msp430/4.7.0/../../../../msp430/lib/mmpy-16/libc.a(puts.o)
                0x000000000000e46e                puts
 .text.rand     0x000000000000e49a       0x26 /home/zayne/msp430/lib/gcc/msp430/4.7.0/../../../../msp430/lib/mmpy-16/libc.a(rand.o)
                0x000000000000e49a                rand
 .text.srand    0x000000000000e4c0        0xa /home/zayne/msp430/lib/gcc/msp430/4.7.0/../../../../msp430/lib/mmpy-16/libc.a(rand.o)
                0x000000000000e4c0                srand
 .text.memcmp   0x000000000000e4ca       0x30 /home/zayne/msp430/lib/gcc/msp430/4.7.0/../../../../msp430/lib/mmpy-16/libc.a(memcmp.o)
                0x000000000000e4ca                memcmp
 .text.memcpy   0x000000000000e4fa       0xfa /home/zayne/msp430/lib/gcc/msp430/4.7.0/../../../../msp430/lib/mmpy-16/libc.a(memcpy.o)
                0x000000000000e4fa                memcpy
 .text.memmove  0x000000000000e5f4       0xfa /home/zayne/msp430/lib/gcc/msp430/4.7.0/../../../../msp430/lib/mmpy-16/libc.a(memmove.o)
                0x000000000000e5f4                memmove
 .text.memset   0x000000000000e6ee       0x6a /home/zayne/msp430/lib/gcc/msp430/4.7.0/../../../../msp430/lib/mmpy-16/libc.a(memset.o)
                0x000000000000e6ee                memset
 .text.crt0     0x000000000000e758        0x2 /home/zayne/msp430/lib/gcc/msp430/4.7.0/mmpy-16/libcrt0.a(_unexpected_.o)
                0x000000000000e758                _unexpected_
 .text.libgcc   0x000000000000e75a       0x2c /home/zayne/msp430/lib/gcc/msp430/4.7.0/mmpy-16/libgcc.a(_mulsi3.o)
                0x000000000000e75a                __mulsi3
 .text.libgcc   0x000000000000e786       0x22 /home/zayne/msp430/lib/gcc/msp430/4.7.0/mmpy-16/libgcc.a(_udivmod16.o)
                0x000000000000e786                __udivhi3
                0x000000000000e786                __ext_udivmod16
                0x000000000000e7a0                __umodhi3
 .text.libgcc   0x000000000000e7a8       0x3a /home/zayne/msp430/lib/gcc/msp430/4.7.0/mmpy-16/libgcc.a(_divmod16.o)
                0x000000000000e7a8                __ext_divmod16
                0x000000000000e7a8                __divhi3
                0x000000000000e7da                __modhi3
 .text.libgcc   0x000000000000e7e2       0x40 /home/zayne/msp430/lib/gcc/msp430/4.7.0/mmpy-16/libgcc.a(_udivmod32.o)
                0x000000000000e7e2                __udivsi3
                0x000000000000e7e2                __ext_udivmod32
                0x000000000000e818                __umodsi3
 .text.libgcc   0x000000000000e822       0x4c /home/zayne/msp430/lib/gcc/msp430/4.7.0/mmpy-16/libgcc.a(_divmod32.o)
                0x000000000000e822                __ext_divmod32
                0x000000000000e822                __divsi3
                0x000000000000e864                __modsi3
 .text.libgcc   0x000000000000e86e       0xf0 /home/zayne/msp430/lib/gcc/msp430/4.7.0/mmpy-16/libgcc.a(_udivmod64.o)
                0x000000000000e86e                __xabi_udivmod64
                0x000000000000e8cc                __udivdi3
                0x000000000000e8f2                __umoddi3
                0x000000000000e920                __udivmoddi4
 *(SORT(.near.text) SORT(.near.text.*))

.rodata         0x000000000000e960      0x4e8
                0x000000000000e960                . = ALIGN (0x2)
 *(SORT(.rodata) SORT(.rodata.*) SORT(.gnu.linkonce.r.*))
 .rodata.get_value
                0x000000000000e960       0x34 build/sky/obj/cc2420.o
 .rodata.set_value
                0x000000000000e994       0x10 build/sky/obj/cc2420.o
 .rodata        0x000000000000e9a4       0x10 build/sky/obj/button-sensor.o
                0x000000000000e9ac                button_sensor
 .rodata        0x000000000000e9b4       0x3e build/sky/obj/cc2420.o
                0x000000000000e9b4                cc2420_aes_128_driver
                0x000000000000e9b8                cc2420_driver
 .rodata        0x000000000000e9f2       0x14 build/sky/obj/csma.o
                0x000000000000e9f8                csma_driver
 .rodata        0x000000000000ea06        0x6 build/sky/obj/framer-802154.o
                0x000000000000ea06                framer_802154
 .rodata        0x000000000000ea0c        0x8 build/sky/obj/linkaddr.o
                0x000000000000ea0c                linkaddr_null
 .rodata        0x000000000000ea14       0xba build/sky/obj/log.o
 .rodata        0x000000000000eace       0xe0 build/sky/obj/rpl-dag.o
 .rodata        0x000000000000ebae       0x34 build/sky/obj/rpl.o
                0x000000000000ebb8                rpl_lite_driver
 .rodata        0x000000000000ebe2        0xe build/sky/obj/sht11-sensor.o
                0x000000000000ebe8                sht11_sensor
 .rodata        0x000000000000ebf0       0x26 build/sky/obj/sicslowpan.o
                0x000000000000ebfc                sicslowpan_driver
                0x000000000000ec04                llprefix
                0x000000000000ec06                unc_mxconf
                0x000000000000ec0a                unc_ctxconf
                0x000000000000ec0e                unc_llconf
 .rodata        0x000000000000ec16       0x4a build/sky/obj/source.o
                0x000000000000ec48                autostart_processes
 .rodata        0x000000000000ec60       0xf4 build/sky/obj/contiki-main.o
 .rodata        0x000000000000ed54        0xf build/sky/obj/ctimer.o
 .rodata        0x000000000000ed63        0xc build/sky/obj/etimer.o
 .rodata        0x000000000000ed6f        0x2 build/sky/obj/frame802154.o
 .rodata        0x000000000000ed71       0x31 build/sky/obj/platform.o
 .rodata        0x000000000000eda2        0xc build/sky/obj/rpl-timers.o
 .rodata        0x000000000000edae        0x8 build/sky/obj/sensors.o
 .rodata        0x000000000000edb6       0x13 build/sky/obj/simple-udp.o
 .rodata        0x000000000000edc9       0x3e build/sky/obj/stack-check.o
 .rodata        0x000000000000ee07        0xd build/sky/obj/tcpip.o
 .rodata        0x000000000000ee14       0x2d build/sky/obj/uiplib.o
 .rodata.vuprintf
                0x000000000000ee41        0x7 /home/zayne/msp430/lib/gcc/msp430/4.7.0/../../../../msp430/lib/mmpy-16/libc.a(vuprintf.o)
 *(SORT(.near.rodata) SORT(.near.rodata.*))
                0x000000000000ee48                . = ALIGN (0x2)
                0x000000000000ee48                _etext = .

.data           0x0000000000001100      0x14c load address 0x000000000000ee48
                0x0000000000001100                . = ALIGN (0x2)
                0x0000000000001100                __data_start = .
 *(SORT(.data) SORT(.data.*) SORT(.gnu.linkonce.d.*))
 .data          0x0000000000001100        0xc build/sky/obj/cc2420.o
                0x0000000000001100                cc2420_process
 .data          0x000000000000110c       0x18 build/sky/obj/csma-output.o
 .data          0x0000000000001124        0xa build/sky/obj/ctimer.o
                0x0000000000001124                ctimer_process
 .data          0x000000000000112e        0xa build/sky/obj/etimer.o
                0x000000000000112e                etimer_process
 .data          0x0000000000001138        0x2 build/sky/obj/frame802154.o
 .data          0x000000000000113a        0x8 build/sky/obj/link-stats.o
 .data          0x0000000000001142       0x56 build/sky/obj/log.o
                0x0000000000001142                all_modules
                0x0000000000001196                curr_log_level_main
 .data          0x0000000000001198        0x2 build/sky/obj/msp430.o
 .data          0x000000000000119a        0x8 build/sky/obj/nbr-table.o
 .data          0x00000000000011a2        0x4 build/sky/obj/platform.o
                0x00000000000011a2                sensors
 .data          0x00000000000011a6       0x10 build/sky/obj/queuebuf.o
 .data          0x00000000000011b6       0x18 build/sky/obj/rpl-icmp6.o
 .data          0x00000000000011ce       0x12 build/sky/obj/rpl-mrhof.o
                0x00000000000011ce                rpl_mrhof
 .data          0x00000000000011e0        0xa build/sky/obj/rpl-neighbor.o
                0x00000000000011e0                rpl_neighbors
 .data          0x00000000000011ea        0xa build/sky/obj/sensors.o
                0x00000000000011ea                sensors_process
 .data          0x00000000000011f4        0xa build/sky/obj/simple-udp.o
                0x00000000000011f4                simple_udp_process
 .data          0x00000000000011fe        0xa build/sky/obj/source.o
                0x00000000000011fe                source_process
 .data          0x0000000000001208        0xa build/sky/obj/stack-check.o
                0x0000000000001208                stack_check_process
 .data          0x0000000000001212        0xa build/sky/obj/tcpip.o
                0x0000000000001212                tcpip_process
 .data          0x000000000000121c        0x8 build/sky/obj/uip-ds6-nbr.o
 .data          0x0000000000001224        0x8 build/sky/obj/uip-ds6-route.o
 .data          0x000000000000122c        0xc build/sky/obj/uip-icmp6.o
 .data          0x0000000000001238        0x6 build/sky/obj/uip-nd6.o
 .data          0x000000000000123e        0x8 build/sky/obj/uip-sr.o
 .data.next     0x0000000000001246        0x4 /home/zayne/msp430/lib/gcc/msp430/4.7.0/../../../../msp430/lib/mmpy-16/libc.a(rand.o)
 .data          0x000000000000124a        0x1 build/sky/obj/sht11-sensor.o
 *(SORT(.near.data) SORT(.near.data.*))
                0x000000000000124c                . = ALIGN (0x2)
 *fill*         0x000000000000124b        0x1 00
                0x000000000000124c                _edata = .
                0x000000000000ee48                __data_load_start = LOADADDR (.data)
                0x000000000000014c                __data_size = SIZEOF (.data)
